test_encoding_does_not_mutate_or_alias_input (probability_compute_tests.EncodingTests.test_encoding_does_not_mutate_or_alias_input) ... ok
test_flat_float_canonical_bytes_and_large_fixed_list (probability_compute_tests.EncodingTests.test_flat_float_canonical_bytes_and_large_fixed_list) ... ok
test_mixed_nested_and_nonlist_values_delegate_without_new_semantics (probability_compute_tests.EncodingTests.test_mixed_nested_and_nonlist_values_delegate_without_new_semantics) ... ok
test_nonfinite_scalar_flat_and_nested_failures_match (probability_compute_tests.EncodingTests.test_nonfinite_scalar_flat_and_nested_failures_match) ... ok
test_unsupported_encoding_inputs_reach_frozen_encoder (probability_compute_tests.EncodingTests.test_unsupported_encoding_inputs_reach_frozen_encoder) ... ok
test_array_shapes_dtypes_empty_and_noncontiguous_inputs (probability_compute_tests.PoissonCdfTests.test_array_shapes_dtypes_empty_and_noncontiguous_inputs) ... ok
test_eligible_integer_inputs_use_fast_path_without_generic_dispatch (probability_compute_tests.PoissonCdfTests.test_eligible_integer_inputs_use_fast_path_without_generic_dispatch) ... ok
test_empty_and_below_support_arrays_never_evaluate_backend (probability_compute_tests.PoissonCdfTests.test_empty_and_below_support_arrays_never_evaluate_backend) ... ok
test_nonfinite_values_and_unsupported_rate_types_preserve_oracle (probability_compute_tests.PoissonCdfTests.test_nonfinite_values_and_unsupported_rate_types_preserve_oracle) ... ok
test_scalar_boundaries_across_fixed_positive_rates (probability_compute_tests.PoissonCdfTests.test_scalar_boundaries_across_fixed_positive_rates) ... ok
test_shared_scipy_implementation_and_inputs_are_not_mutated (probability_compute_tests.PoissonCdfTests.test_shared_scipy_implementation_and_inputs_are_not_mutated) ... ok
test_unsupported_inputs_reach_the_original_generic_function (probability_compute_tests.PoissonCdfTests.test_unsupported_inputs_reach_the_original_generic_function) ... ok
test_unsupported_value_types_and_broadcast_failures_preserve_oracle (probability_compute_tests.PoissonCdfTests.test_unsupported_value_types_and_broadcast_failures_preserve_oracle) ... ok
test_actual_primary_and_doubled_grids_match_probability_bytes_and_bounds (probability_compute_tests.ProbabilityDistributionTests.test_actual_primary_and_doubled_grids_match_probability_bytes_and_bounds) ... ok
test_cache_stays_instance_local_and_preserves_floor_boundaries (probability_compute_tests.ProbabilityDistributionTests.test_cache_stays_instance_local_and_preserves_floor_boundaries) ... ok
test_cdf_and_quantiles_match_for_correlated_and_independent_laws (probability_compute_tests.ProbabilityDistributionTests.test_cdf_and_quantiles_match_for_correlated_and_independent_laws) ... ok
test_complete_scores_and_all_flag_combinations_have_exact_bytes (probability_compute_tests.ProbabilityDistributionTests.test_complete_scores_and_all_flag_combinations_have_exact_bytes) ... ok
test_fields_copy_types_bytes_and_source_isolation (probability_compute_tests.ProbabilityDistributionTests.test_fields_copy_types_bytes_and_source_isolation) ... ok
test_invalid_observations_and_grid_failure_keep_exact_exceptions (probability_compute_tests.ProbabilityDistributionTests.test_invalid_observations_and_grid_failure_keep_exact_exceptions) ... ok
test_invalid_targets_values_and_quantile_failures_preserved (probability_compute_tests.ProbabilityDistributionTests.test_invalid_targets_values_and_quantile_failures_preserved) ... ok
test_signature_and_only_cdf_computation_changes (probability_compute_tests.ProbabilityDistributionTests.test_signature_and_only_cdf_computation_changes) ... ok

----------------------------------------------------------------------
Ran 21 tests in 0.277s

OK
BENCHMARK control3 full all modes exact
BENCHMARK control3 independent_marginals all modes exact
BENCHMARK control3 zero_strength_update all modes exact
BENCHMARK control3 zero_scoring_level_update all modes exact
BENCHMARK synthetic700 full all modes exact
BENCHMARK synthetic700 independent_marginals all modes exact
BENCHMARK synthetic700 zero_strength_update all modes exact
BENCHMARK synthetic700 zero_scoring_level_update all modes exact
