{
  "situations": [
    {
      "bucket": "Thursday",
      "target": "ATS",
      "n": 197,
      "wins": 96,
      "losses": 93,
      "pushes": 8,
      "rate": 0.5079365079365079,
      "lower95": 0.44086021505376344,
      "upper95": 0.5752688172043011,
      "bonferroni_lower": 0.41836734693877553,
      "bonferroni_upper": 0.6010189328518344,
      "one_sided_adjusted_lower": 0.42477644994150093,
      "mean_residual_toward_side": -0.0532994923857868,
      "break_even": 0.5238095238095238,
      "clears": false,
      "evidence": "RECONSTRUCTED_MARKET_LINES_NOT_T60"
    },
    {
      "bucket": "Thursday",
      "target": "Under",
      "n": 197,
      "wins": 98,
      "losses": 98,
      "pushes": 1,
      "rate": 0.5,
      "lower95": 0.4336734693877551,
      "upper95": 0.5656565656565656,
      "bonferroni_lower": 0.4122755466183301,
      "bonferroni_upper": 0.588039462015962,
      "one_sided_adjusted_lower": 0.41940597954366643,
      "mean_residual_toward_side": -0.7893401015228426,
      "break_even": 0.5238095238095238,
      "clears": false,
      "evidence": "RECONSTRUCTED_MARKET_LINES_NOT_T60"
    },
    {
      "bucket": "off_bye",
      "target": "ATS",
      "n": 294,
      "wins": 142,
      "losses": 144,
      "pushes": 8,
      "rate": 0.4965034965034965,
      "lower95": 0.4420289855072464,
      "upper95": 0.5514705882352942,
      "bonferroni_lower": 0.4252162948991307,
      "bonferroni_upper": 0.5706027803811307,
      "one_sided_adjusted_lower": 0.43111621088748914,
      "mean_residual_toward_side": -0.24149659863945577,
      "break_even": 0.5238095238095238,
      "clears": false,
      "evidence": "RECONSTRUCTED_MARKET_LINES_NOT_T60"
    },
    {
      "bucket": "off_bye",
      "target": "Under",
      "n": 323,
      "wins": 163,
      "losses": 156,
      "pushes": 4,
      "rate": 0.5109717868338558,
      "lower95": 0.45980707395498394,
      "upper95": 0.5626913773267648,
      "bonferroni_lower": 0.4417910447761194,
      "bonferroni_upper": 0.5801955916351408,
      "one_sided_adjusted_lower": 0.44805194805194803,
      "mean_residual_toward_side": -0.16253869969040247,
      "break_even": 0.5238095238095238,
      "clears": false,
      "evidence": "RECONSTRUCTED_MARKET_LINES_NOT_T60"
    },
    {
      "bucket": "temperature_under_35F",
      "target": "ATS",
      "n": 147,
      "wins": 77,
      "losses": 66,
      "pushes": 4,
      "rate": 0.5384615384615384,
      "lower95": 0.4732824427480916,
      "upper95": 0.6056338028169014,
      "bonferroni_lower": 0.4485425196850394,
      "bonferroni_upper": 0.6291968771408997,
      "one_sided_adjusted_lower": 0.4590953248330298,
      "mean_residual_toward_side": 0.7210884353741497,
      "break_even": 0.5238095238095238,
      "clears": false,
      "evidence": "OBSERVED_WEATHER_NOT_T60"
    },
    {
      "bucket": "temperature_under_35F",
      "target": "Under",
      "n": 147,
      "wins": 80,
      "losses": 66,
      "pushes": 1,
      "rate": 0.547945205479452,
      "lower95": 0.48120300751879697,
      "upper95": 0.6122448979591837,
      "bonferroni_lower": 0.45682782378495795,
      "bonferroni_upper": 0.6359334415584413,
      "one_sided_adjusted_lower": 0.46605022831050225,
      "mean_residual_toward_side": 1.0816326530612246,
      "break_even": 0.5238095238095238,
      "clears": false,
      "evidence": "OBSERVED_WEATHER_NOT_T60"
    }
  ],
  "prices": [
    {
      "legs": 2,
      "odds": -110,
      "break_even_ticket": 0.5238095238095238,
      "break_even_leg_no_push_independent": 0.7237468644557459,
      "n": 1287,
      "wins": 767,
      "losses": 509,
      "pushes": 11,
      "rate": 0.6010971786833855,
      "lower95": 0.5451723601242832,
      "upper95": 0.6544559165645224,
      "bonferroni_lower": 0.5262608225108225,
      "bonferroni_upper": 0.6740305229776646,
      "one_sided_adjusted_lower": 0.5328017384983493,
      "point_estimate_clears": true,
      "adjusted_clears": true
    },
    {
      "legs": 2,
      "odds": -120,
      "break_even_ticket": 0.5454545454545454,
      "break_even_leg_no_push_independent": 0.7385489458759964,
      "n": 1287,
      "wins": 767,
      "losses": 509,
      "pushes": 11,
      "rate": 0.6010971786833855,
      "lower95": 0.5451723601242832,
      "upper95": 0.6544559165645224,
      "bonferroni_lower": 0.5262608225108225,
      "bonferroni_upper": 0.6740305229776646,
      "one_sided_adjusted_lower": 0.5328017384983493,
      "point_estimate_clears": true,
      "adjusted_clears": false
    },
    {
      "legs": 2,
      "odds": -130,
      "break_even_ticket": 0.5652173913043478,
      "break_even_leg_no_push_independent": 0.7518094115561123,
      "n": 1287,
      "wins": 767,
      "losses": 509,
      "pushes": 11,
      "rate": 0.6010971786833855,
      "lower95": 0.5451723601242832,
      "upper95": 0.6544559165645224,
      "bonferroni_lower": 0.5262608225108225,
      "bonferroni_upper": 0.6740305229776646,
      "one_sided_adjusted_lower": 0.5328017384983493,
      "point_estimate_clears": true,
      "adjusted_clears": false
    },
    {
      "legs": 3,
      "odds": -110,
      "break_even_ticket": 0.5238095238095238,
      "break_even_leg_no_push_independent": 0.8061041001447561,
      "n": 1570,
      "wins": 745,
      "losses": 798,
      "pushes": 27,
      "rate": 0.48282566429034346,
      "lower95": 0.40632560483870966,
      "upper95": 0.5626460315972059,
      "bonferroni_lower": 0.38183686311752013,
      "bonferroni_upper": 0.5913865107863405,
      "one_sided_adjusted_lower": 0.39132284315957205,
      "point_estimate_clears": false,
      "adjusted_clears": false
    },
    {
      "legs": 3,
      "odds": -120,
      "break_even_ticket": 0.5454545454545454,
      "break_even_leg_no_push_independent": 0.8170579406432438,
      "n": 1570,
      "wins": 745,
      "losses": 798,
      "pushes": 27,
      "rate": 0.48282566429034346,
      "lower95": 0.40632560483870966,
      "upper95": 0.5626460315972059,
      "bonferroni_lower": 0.38183686311752013,
      "bonferroni_upper": 0.5913865107863405,
      "one_sided_adjusted_lower": 0.39132284315957205,
      "point_estimate_clears": false,
      "adjusted_clears": false
    },
    {
      "legs": 3,
      "odds": -130,
      "break_even_ticket": 0.5652173913043478,
      "break_even_leg_no_push_independent": 0.8268089556859247,
      "n": 1570,
      "wins": 745,
      "losses": 798,
      "pushes": 27,
      "rate": 0.48282566429034346,
      "lower95": 0.40632560483870966,
      "upper95": 0.5626460315972059,
      "bonferroni_lower": 0.38183686311752013,
      "bonferroni_upper": 0.5913865107863405,
      "one_sided_adjusted_lower": 0.39132284315957205,
      "point_estimate_clears": false,
      "adjusted_clears": false
    }
  ]
}
