test_actual_complete_smoke_success_failure_and_reentry (comp09_test_clock_guard.FailureTests.test_actual_complete_smoke_success_failure_and_reentry) ... ok
test_exception_release_signal_cannot_replace_original (comp09_test_clock_guard.FailureTests.test_exception_release_signal_cannot_replace_original) ... ok
test_inherited_after_preserves_interrupt_with_latched_deadline (comp09_test_clock_guard.FailureTests.test_inherited_after_preserves_interrupt_with_latched_deadline) ... ok
test_latch_write_and_explicit_reset_signal_boundaries (comp09_test_clock_guard.FailureTests.test_latch_write_and_explicit_reset_signal_boundaries) ... ok
test_later_watchdog_rethrows_primary_until_explicit_check (comp09_test_clock_guard.FailureTests.test_later_watchdog_rethrows_primary_until_explicit_check) ... ok
test_metadata_dispatch_bypasses_scientific_guard (comp09_test_clock_guard.FailureTests.test_metadata_dispatch_bypasses_scientific_guard) ... ok
test_pending_crosses_deadline_and_earliest_smoke_preserved (comp09_test_clock_guard.FailureTests.test_pending_crosses_deadline_and_earliest_smoke_preserved) ... ok
test_pending_failure_propagates_original_without_drain (comp09_test_clock_guard.FailureTests.test_pending_failure_propagates_original_without_drain) ... ok
test_real_signal_pending_crosses_real_deadline (comp09_test_clock_guard.FailureTests.test_real_signal_pending_crosses_real_deadline) ... ok
test_rss_highwater_invalid_and_cap (comp09_test_clock_guard.FailureTests.test_rss_highwater_invalid_and_cap) ... ok
test_true_reversal_and_nonfinite_are_not_retried (comp09_test_clock_guard.FailureTests.test_true_reversal_and_nonfinite_are_not_retried) ... ok
test_compare_commit_and_rss_interleavings (comp09_test_clock_guard.InterleavingTests.test_compare_commit_and_rss_interleavings) ... ok
test_every_guard_line_entry_pending_release_interleaving (comp09_test_clock_guard.InterleavingTests.test_every_guard_line_entry_pending_release_interleaving) ... ok
test_finite_repeated_pending_requests_do_not_recurse (comp09_test_clock_guard.InterleavingTests.test_finite_repeated_pending_requests_do_not_recurse) ... ok
test_nested_branch_assignment_and_return_requests_are_serviced (comp09_test_clock_guard.InterleavingTests.test_nested_branch_assignment_and_return_requests_are_serviced) ... ok
test_nested_sample_request_takes_no_nested_sample_and_is_serviced (comp09_test_clock_guard.InterleavingTests.test_nested_sample_request_takes_no_nested_sample_and_is_serviced) ... ok
test_original_exact_body_counterexample_and_true_reversal (comp09_test_clock_guard.InterleavingTests.test_original_exact_body_counterexample_and_true_reversal) ... ok
test_fresh_guard_manifest_is_deterministic_exact_store_bytes (comp09_test_integration.PreflightIntegrationTests.test_fresh_guard_manifest_is_deterministic_exact_store_bytes) ... ok
test_old_missing_wrong_guard_resource_and_source_bindings_rejected (comp09_test_integration.PreflightIntegrationTests.test_old_missing_wrong_guard_resource_and_source_bindings_rejected) ... ok
test_predecessor_invalid_status_and_exact_artifacts_remain_bound (comp09_test_integration.PreflightIntegrationTests.test_predecessor_invalid_status_and_exact_artifacts_remain_bound) ... ok
test_rehashed_old_qualification_or_review_binding_cannot_authorize_guard (comp09_test_integration.PreflightIntegrationTests.test_rehashed_old_qualification_or_review_binding_cannot_authorize_guard) ... ok
test_controller_launcher_worker_ast_has_only_registered_deltas (comp09_test_integration.ScienceApplicabilityTests.test_controller_launcher_worker_ast_has_only_registered_deltas) ... ok
test_frozen_85_sources_seven_runtime_and_scientific_registry (comp09_test_integration.ScienceApplicabilityTests.test_frozen_85_sources_seven_runtime_and_scientific_registry) ... ok
test_one_real_resource_and_guarded_science_pair (comp09_test_integration.ScienceApplicabilityTests.test_one_real_resource_and_guarded_science_pair) ... ok
test_shared_original_science_accounting_failure_and_pilot_objects (comp09_test_integration.ScienceApplicabilityTests.test_shared_original_science_accounting_failure_and_pilot_objects) ... ok

----------------------------------------------------------------------
Ran 25 tests in 1.610s

OK
