test_2025_no_unused_inner_or_offdiagonal_work (test_forecast_unit.ForecastUnitTests.test_2025_no_unused_inner_or_offdiagonal_work) ... ok
test_arrays_readonly_no_source_mutation_and_cache_not_global (test_forecast_unit.ForecastUnitTests.test_arrays_readonly_no_source_mutation_and_cache_not_global) ... ok
test_choice_must_be_frozen_prior_two_year_strict_decision (test_forecast_unit.ForecastUnitTests.test_choice_must_be_frozen_prior_two_year_strict_decision) ... ok
test_different_diagonal_full_uses_source_inner_law_but_requires_outer_score (test_forecast_unit.ForecastUnitTests.test_different_diagonal_full_uses_source_inner_law_but_requires_outer_score) ... ok
test_grid_failure_one_attempt_exact_reason_and_delay_specific_N0 (test_forecast_unit.ForecastUnitTests.test_grid_failure_one_attempt_exact_reason_and_delay_specific_N0) ... ok
test_inner_grid_fallback_uses_full_N0_with_one_measured_resolution (test_forecast_unit.ForecastUnitTests.test_inner_grid_fallback_uses_full_N0_with_one_measured_resolution) ... ok
test_inner_population_order_diagonals_and_real_offdiagonal_laws (test_forecast_unit.ForecastUnitTests.test_inner_population_order_diagonals_and_real_offdiagonal_laws) ... ok
test_invalid_native_population_origin_mean_and_borrowed_flag_before_callbacks (test_forecast_unit.ForecastUnitTests.test_invalid_native_population_origin_mean_and_borrowed_flag_before_callbacks) ... ok
test_native_absorbing_failure_uses_original_reason_without_fit_for_that_engine (test_forecast_unit.ForecastUnitTests.test_native_absorbing_failure_uses_original_reason_without_fit_for_that_engine) ... ok
test_new_independence_noise_shuffle_and_both_zero_controls_use_selected_own_means (test_forecast_unit.ForecastUnitTests.test_new_independence_noise_shuffle_and_both_zero_controls_use_selected_own_means) ... ok
test_noeligible_lazy_same_variant_fallback_without_fit_or_sentinel_escape (test_forecast_unit.ForecastUnitTests.test_noeligible_lazy_same_variant_fallback_without_fit_or_sentinel_escape) ... ok
test_runtime_stop_is_not_numerical_fallback_or_second_callback (test_forecast_unit.ForecastUnitTests.test_runtime_stop_is_not_numerical_fallback_or_second_callback) ... ok
test_same_selected_reuses_exact_eleven_and_scores_only_new_zero_controls (test_forecast_unit.ForecastUnitTests.test_same_selected_reuses_exact_eleven_and_scores_only_new_zero_controls) ... ok
test_saved_original_fallback_reason_and_descriptor_are_copied_unchanged (test_forecast_unit.ForecastUnitTests.test_saved_original_fallback_reason_and_descriptor_are_copied_unchanged) ... ok
test_selected_offdiagonal_full_reuses_current_own_inner_only (test_forecast_unit.ForecastUnitTests.test_selected_offdiagonal_full_reuses_current_own_inner_only) ... ok
test_source_recovery_corruption_abort_retains_failed_callback_no_retry (test_forecast_unit.ForecastUnitTests.test_source_recovery_corruption_abort_retains_failed_callback_no_retry) ... ok
test_state_only_has_no_law_callbacks_or_outputs (test_forecast_unit.ForecastUnitTests.test_state_only_has_no_law_callbacks_or_outputs) ... ok
test_wrong_source_selection_mean_flags_mapper_or_forecast_pointer_rejected (test_forecast_unit.ForecastUnitTests.test_wrong_source_selection_mean_flags_mapper_or_forecast_pointer_rejected) ... ok

----------------------------------------------------------------------
Ran 18 tests in 1.677s

OK
