$ WRANGLER_LOG_PATH=.wrangler/wrangler.log vinext build

  vinext build  (Vite 8.0.13)

[1/5] analyze client references...
[2Ktransforming...✓ 626 modules transformed.
rendering chunks...
✓ built in 564ms
[2/5] analyze server references...
[2Ktransforming...✓ 89 modules transformed.
rendering chunks...
✓ built in 82ms
[3/5] build rsc environment...
[2Ktransforming...✓ 624 modules transformed.
rendering chunks...
computing gzip size...
✓ built in 634ms
[4/5] build client environment...
[2Ktransforming...✓ 130 modules transformed.
rendering chunks...
computing gzip size...
✓ built in 307ms
[5/5] build ssr environment...
[2Ktransforming...✓ 95 modules transformed.
rendering chunks...
computing gzip size...
✓ built in 226ms
[0m
  Route (app)
  ┌ ? /                        
  ├ λ /api/confidence-engine   
  ├ λ /api/decision-board      
  ├ λ /api/digest              
  ├ λ /api/jobs/:job           
  ├ λ /api/lines               
  ├ λ /api/model-lifecycle     
  ├ λ /api/nflverse            
  ├ λ /api/plays               
  ├ λ /api/plays/:id           
  ├ λ /api/plays/:id/correction
  ├ λ /api/props               
  ├ λ /api/push-subscription   
  ├ λ /api/qb-override         
  ├ λ /api/weekly-slate        
  ├ λ /auth/callback           
  ├ ? /closeout                
  ├ ? /digest                  
  ├ ? /login                   
  ├ ? /methodology             
  ├ ? /model                   
  ├ ? /records                 
  ├ ? /season                  
  ├ ? /settings                
  ├ ? /setup                   
  ├ ? /suit                    
  ├ ? /sunday                  
  ├ ? /team                    
  └ ? /trend                   

  λ API  ? Unknown

  ? Some routes could not be classified. vinext currently uses static analysis
    and cannot detect dynamic API usage (headers(), cookies(), etc.) at build time.
    Automatic classification will be improved in a future release.

  Build complete. Run `vinext start` to start the production server.

