test_changed_first_last_or_length_of_actual_alpha_rejects_primed_hit (encoding_memo_tests.DescriptorRecoveryTests.test_changed_first_last_or_length_of_actual_alpha_rejects_primed_hit) ... ok
test_direct_recovery_function_exact_with_explicit_original_encoder (encoding_memo_tests.DescriptorRecoveryTests.test_direct_recovery_function_exact_with_explicit_original_encoder) ... ok
test_genuine_descriptor_recovery_and_roundtrip_are_exact_on_hits (encoding_memo_tests.DescriptorRecoveryTests.test_genuine_descriptor_recovery_and_roundtrip_are_exact_on_hits) ... ok
test_saved_parameter_and_moment_corruption_is_checked_after_hit (encoding_memo_tests.DescriptorRecoveryTests.test_saved_parameter_and_moment_corruption_is_checked_after_hit) ... ok
test_schema_and_mapper_guard_exception_identity_is_preserved (encoding_memo_tests.DescriptorRecoveryTests.test_schema_and_mapper_guard_exception_identity_is_preserved) ... ok
test_signed_zero_alpha_change_rejects_even_when_float_lists_compare_equal (encoding_memo_tests.DescriptorRecoveryTests.test_signed_zero_alpha_change_rejects_even_when_float_lists_compare_equal) ... ok
test_descriptor_roundtrip_check_remains_active (encoding_memo_tests.EncodingAssemblyTests.test_descriptor_roundtrip_check_remains_active) ... ok
test_each_resolve_creates_fresh_memo_inside_real_callback (encoding_memo_tests.EncodingAssemblyTests.test_each_resolve_creates_fresh_memo_inside_real_callback) ... ok
test_fit_and_grid_numerical_failures_preserve_one_attempt_fallback (encoding_memo_tests.EncodingAssemblyTests.test_fit_and_grid_numerical_failures_preserve_one_attempt_fallback) ... ok
test_genuine_resolution_equal_across_full_independent_delay_and_zero_controls (encoding_memo_tests.EncodingAssemblyTests.test_genuine_resolution_equal_across_full_independent_delay_and_zero_controls) ... ok
test_no_global_binding_or_source_array_changes_after_resolution (encoding_memo_tests.EncodingAssemblyTests.test_no_global_binding_or_source_array_changes_after_resolution) ... ok
test_noeligible_fallback_is_lazy_and_same_variant (encoding_memo_tests.EncodingAssemblyTests.test_noeligible_fallback_is_lazy_and_same_variant) ... ok
test_only_resolve_is_overridden_and_inherited_boundary_methods_unchanged (encoding_memo_tests.EncodingAssemblyTests.test_only_resolve_is_overridden_and_inherited_boundary_methods_unchanged) ... ok
test_required_fallback_failure_and_unexpected_fit_error_abort_exactly (encoding_memo_tests.EncodingAssemblyTests.test_required_fallback_failure_and_unexpected_fit_error_abort_exactly) ... ok
test_encoder_bound_at_construction_and_no_cross_instance_entry (encoding_memo_tests.EncodingMemoTests.test_encoder_bound_at_construction_and_no_cross_instance_entry) ... ok
test_exact_bytes_for_empty_extremes_and_700_floats (encoding_memo_tests.EncodingMemoTests.test_exact_bytes_for_empty_extremes_and_700_floats) ... ok
test_failed_supported_encoding_does_not_commit_or_evict (encoding_memo_tests.EncodingMemoTests.test_failed_supported_encoding_does_not_commit_or_evict) ... ok
test_mutating_input_cannot_reuse_stale_snapshot_or_output (encoding_memo_tests.EncodingMemoTests.test_mutating_input_cannot_reuse_stale_snapshot_or_output) ... ok
test_repeated_distinct_lists_share_one_successful_entry (encoding_memo_tests.EncodingMemoTests.test_repeated_distinct_lists_share_one_successful_entry) ... ok
test_signed_zero_length_and_single_entry_eviction (encoding_memo_tests.EncodingMemoTests.test_signed_zero_length_and_single_entry_eviction) ... ok
test_unsupported_inputs_delegate_identity_and_preserve_valid_entry (encoding_memo_tests.EncodingMemoTests.test_unsupported_inputs_delegate_identity_and_preserve_valid_entry) ... ok

----------------------------------------------------------------------
Ran 21 tests in 1.323s

OK
RF-COMP-03 control3 full all modes exact
RF-COMP-03 control3 independent_marginals all modes exact
RF-COMP-03 control3 zero_strength_update all modes exact
RF-COMP-03 control3 zero_scoring_level_update all modes exact
RF-COMP-03 synthetic700 full all modes exact
RF-COMP-03 synthetic700 independent_marginals all modes exact
RF-COMP-03 synthetic700 zero_strength_update all modes exact
RF-COMP-03 synthetic700 zero_scoring_level_update all modes exact
