evaluated quarterback
evaluated pressure
evaluated career_kicking
evaluated calibration
evaluated venue
evaluated efficiency
evaluated pace
evaluated passing
evaluated rushing
evaluated explosiveness
evaluated kicking
evaluated momentum
evaluated scoring_composition
evaluated turnovers_luck
evaluated elo
evaluated schedule_strength
evaluated pythagorean
evaluated rest_travel
evaluated calibration,elo,pace,pythagorean,venue
evaluated elo,pace,pythagorean,venue
evaluated calibration,elo,pace,pythagorean
evaluated calibration,elo,pythagorean,venue
evaluated calibration,pace,pythagorean,venue
evaluated calibration,elo,pace,venue
evaluated calibration,elo,venue
evaluated elo,venue
evaluated calibration,elo
evaluated calibration,venue
evaluated calibration,elo,pace,pythagorean,quarterback
evaluated elo,pace,pythagorean,quarterback
evaluated calibration,elo,pythagorean,quarterback
evaluated calibration,pace,pythagorean,quarterback
evaluated calibration,elo,pace,quarterback
evaluated calibration,efficiency,elo,pace,passing,quarterback
evaluated calibration,efficiency,elo,pace,passing
evaluated efficiency,elo,pace,passing,quarterback
evaluated calibration,elo,pace,passing,quarterback
evaluated calibration,efficiency,elo,passing,quarterback
evaluated calibration,efficiency,elo,pace,quarterback
evaluated calibration,efficiency,pace,passing,quarterback
evaluated calibration,efficiency,elo,pace,passing,pythagorean,quarterback,rushing
evaluated calibration,efficiency,elo,pace,passing,pythagorean,rushing
evaluated efficiency,elo,pace,passing,pythagorean,quarterback,rushing
evaluated calibration,elo,pace,passing,pythagorean,quarterback,rushing
evaluated calibration,efficiency,elo,passing,pythagorean,quarterback,rushing
evaluated calibration,efficiency,elo,pace,pythagorean,quarterback,rushing
evaluated calibration,efficiency,elo,pace,passing,pythagorean,quarterback
evaluated calibration,efficiency,pace,passing,pythagorean,quarterback,rushing
evaluated calibration,efficiency,elo,pace,passing,quarterback,rushing
evaluated calibration,efficiency,elo,pace,pythagorean,rushing
evaluated efficiency,elo,pace,pythagorean,quarterback,rushing
evaluated calibration,elo,pace,pythagorean,quarterback,rushing
evaluated calibration,efficiency,elo,pythagorean,quarterback,rushing
evaluated calibration,efficiency,elo,pace,pythagorean,quarterback
evaluated calibration,efficiency,pace,pythagorean,quarterback,rushing
evaluated calibration,efficiency,elo,pace,quarterback,rushing
evaluated wind
{"experiment": "projection-v3-b7a84dbe-2b5d9d0f", "verification": "PASS", "full_qualification_replay": true, "paired_n": 2639, "retained_groups": ["calibration"], "credits_spent": 0}
