QUALIFIED 2016 []
QUALIFIED 2017 []
QUALIFIED 2018 []
evaluated quarterback
evaluated pressure
evaluated career_kicking
evaluated calibration
evaluated venue
evaluated efficiency
evaluated pace
evaluated passing
evaluated rushing
evaluated explosiveness
evaluated kicking
evaluated momentum
evaluated scoring_composition
evaluated turnovers_luck
evaluated elo
evaluated schedule_strength
evaluated pythagorean
evaluated rest_travel
evaluated calibration,elo,pace,pythagorean,venue
evaluated elo,pace,pythagorean,venue
evaluated calibration,elo,pace,pythagorean
evaluated calibration,elo,pythagorean,venue
evaluated calibration,pace,pythagorean,venue
evaluated calibration,elo,pace,venue
evaluated calibration,elo,venue
evaluated elo,venue
evaluated calibration,elo
evaluated calibration,venue
QUALIFIED 2019 ['calibration', 'venue', 'elo']
evaluated calibration,elo,pace,pythagorean,quarterback
evaluated elo,pace,pythagorean,quarterback
evaluated calibration,elo,pythagorean,quarterback
evaluated calibration,pace,pythagorean,quarterback
evaluated calibration,elo,pace,quarterback
QUALIFIED 2020 ['calibration', 'elo']
evaluated calibration,efficiency,elo,pace,passing,quarterback
evaluated calibration,efficiency,elo,pace,passing
evaluated efficiency,elo,pace,passing,quarterback
evaluated calibration,elo,pace,passing,quarterback
evaluated calibration,efficiency,elo,passing,quarterback
evaluated calibration,efficiency,elo,pace,quarterback
evaluated calibration,efficiency,pace,passing,quarterback
QUALIFIED 2021 ['elo']
evaluated calibration,efficiency,elo,pace,passing,pythagorean,quarterback,rushing
evaluated calibration,efficiency,elo,pace,passing,pythagorean,rushing
evaluated efficiency,elo,pace,passing,pythagorean,quarterback,rushing
evaluated calibration,elo,pace,passing,pythagorean,quarterback,rushing
evaluated calibration,efficiency,elo,passing,pythagorean,quarterback,rushing
evaluated calibration,efficiency,elo,pace,pythagorean,quarterback,rushing
evaluated calibration,efficiency,elo,pace,passing,pythagorean,quarterback
evaluated calibration,efficiency,pace,passing,pythagorean,quarterback,rushing
evaluated calibration,efficiency,elo,pace,passing,quarterback,rushing
QUALIFIED 2022 ['calibration', 'elo']
QUALIFIED 2023 ['calibration', 'elo']
evaluated calibration,efficiency,elo,pace,pythagorean,rushing
evaluated efficiency,elo,pace,pythagorean,quarterback,rushing
evaluated calibration,elo,pace,pythagorean,quarterback,rushing
evaluated calibration,efficiency,elo,pythagorean,quarterback,rushing
evaluated calibration,efficiency,elo,pace,pythagorean,quarterback
evaluated calibration,efficiency,pace,pythagorean,quarterback,rushing
evaluated calibration,efficiency,elo,pace,quarterback,rushing
QUALIFIED 2024 ['calibration']
QUALIFIED 2025 ['calibration', 'elo']
evaluated wind
QUALIFIED 2026 ['calibration']
{"version": "projection-v3-b7a84dbe-2b5d9d0f", "groups": ["calibration"], "release_pass": true, "release": {"pass": true, "reason": "QUALIFIED", "paired_n": 2639, "eligible_seasons": [2016, 2017, 2018, 2019, 2020, 2021, 2022, 2023, 2024, 2025], "positive_seasons": 7, "candidate_mae": {"team_points": 7.761272892961389, "margin": 10.377207011949965, "total": 11.189788905791852}, "control_mae": {"team_points": 8.003437355305268, "margin": 10.589014706119627, "total": 11.610354937207795}, "mae_improvement": {"team_points": 0.2421644623438772, "margin": 0.21180769416967224, "total": 0.42056603141596377}, "relative_team_improvement": 0.03025755704620508, "season_team_improvement": {"2016": 0.0, "2017": 0.0, "2018": 0.0, "2019": 0.5051540012983804, "2020": 0.6710534398557344, "2021": 0.2634914469501809, "2022": 0.08872352753484879, "2023": 0.24293617292336414, "2024": 0.20769110207297228, "2025": 0.43999464286265283}, "team_improvement_interval": {"lower95": 0.18989510955925964, "upper95": 0.3199865676310014, "one_sided95_lower": 0.20057131961881836, "method": "paired within-season moving blocks, length 3 weeks", "replicates": 10000}}}
