sanitized 1999 258
sanitized 2000 257
sanitized 2001 259
sanitized 2002 267
sanitized 2003 267
sanitized 2004 267
sanitized 2005 267
sanitized 2006 267
sanitized 2007 267
sanitized 2008 267
sanitized 2009 267
sanitized 2010 267
sanitized 2011 267
sanitized 2012 267
sanitized 2013 267
sanitized 2014 267
sanitized 2015 267
sanitized 2016 267
sanitized 2017 267
sanitized 2018 267
sanitized 2019 267
sanitized 2020 269
sanitized 2021 285
sanitized 2022 284
sanitized 2023 285
sanitized 2024 285
sanitized 2025 285
sanitized 2026 2
{"path": "work/projection-v3/personnel-7f43be95217cd6962be93a83fd76ef9ed7088cb919b9ce67f32b90ddc9bcbec9.json", "sha256": "7f43be95217cd6962be93a83fd76ef9ed7088cb919b9ce67f32b90ddc9bcbec9"}
