Deleted archived journal /var/log/journal/f8c5ae77d99444958ace319c7eef3b46/system@a0c2ade352b94e2291bd0e611195020d-000000000000025d-00065b38b619dbe5.journal (12.7M).
Deleted archived journal /var/log/journal/f8c5ae77d99444958ace319c7eef3b46/user-1000@a0c2ade352b94e2291bd0e611195020d-0000000000000a52-00065b38d9473872.journal (888.0K).
Deleted archived journal /var/log/journal/f8c5ae77d99444958ace319c7eef3b46/system@a0c2ade352b94e2291bd0e611195020d-000000000000512b-00065b45e8f6db39.journal (44.8M).
Deleted archived journal /var/log/journal/f8c5ae77d99444958ace319c7eef3b46/user-1000@a0c2ade352b94e2291bd0e611195020d-00000000000052ca-00065b46447a1b25.journal (3.1M).
Deleted archived journal /var/log/journal/f8c5ae77d99444958ace319c7eef3b46/system@a0c2ade352b94e2291bd0e611195020d-00000000000171cb-00065b812de25924.journal (44.3M).
Vacuuming done, freed 105.9M of archived journals from /var/log/journal/f8c5ae77d99444958ace319c7eef3b46.
Vacuuming done, freed 0B of archived journals from /run/log/journal.
Vacuuming done, freed 0B of archived journals from /var/log/journal.
Collect information..
Cleaning index cache..
Cleaning lock files..
  Package file                                                  Size
──────────────────────────────────────────────────────────────────────
  /opt/nfl-runtime/mamba/pkgs
──────────────────────────────────────────────────────────────────────

  _openmp_mutex-4.5-20_gnu.conda                                29kB
  aws-c-auth-0.10.4-hb7a77c6_1.conda                           135kB
  aws-c-cal-0.9.14-h2aa3ae6_4.conda                             57kB
  aws-c-common-0.14.2-hb03c661_0.conda                         246kB
  aws-c-compression-0.3.2-h720e601_4.conda                      22kB
  aws-c-event-stream-0.7.1-h6ffeea8_4.conda                     60kB
  aws-c-http-0.11.0-h38ae05a_4.conda                           231kB
  aws-c-io-0.27.3-h6f4d18d_1.conda                             183kB
  aws-c-mqtt-0.16.0-h21f4ec5_2.conda                           225kB
  aws-c-s3-0.12.8-h46fcd08_1.conda                             156kB
  aws-c-sdkutils-0.2.7-h720e601_2.conda                         69kB
  aws-checksums-0.2.10-h720e601_4.conda                        102kB
  aws-crt-cpp-0.40.1-h102d43b_3.conda                          416kB
  aws-sdk-cpp-1.11.833-hc7390e0_9.conda                          3MB
  azure-core-cpp-1.16.3-h206d751_0.conda                       349kB
  azure-identity-cpp-1.13.3-h71f81a8_2.conda                   251kB
  azure-storage-blobs-cpp-12.18.0-h74b55db_1.conda             590kB
  azure-storage-common-cpp-12.14.0-hf596fc9_1.conda            159kB
  azure-storage-files-datalake-cpp-12.16.0-h1f05bef_1.conda    309kB
  backports.zstd-1.7.0-py312h3f22e6b_1.conda                   241kB
  brotli-python-1.2.0-py312he9c40d5_4.conda                    368kB
  bzip2-1.0.8-hda65f42_10.conda                                258kB
  c-ares-1.34.8-hebe6cf0_2.conda                               229kB
  ca-certificates-2026.7.22-hbd8a1cb_0.conda                   132kB
  certifi-2026.7.22-pyhd8ed1ab_0.conda                         137kB
  charset-normalizer-3.5.1-pyhd8ed1ab_0.conda                   64kB
  gflags-2.3.1-h54a6638_0.conda                                131kB
  glog-0.7.1-hb7133d2_1.conda                                  149kB
  h2-4.4.1-pyhcf101f3_0.conda                                  101kB
  hpack-4.2.0-pyhd8ed1ab_0.conda                                33kB
  hyperframe-6.1.0-pyhd8ed1ab_0.conda                           17kB
  icu-78.3-py310h44b86e0_2.conda                                14MB
  idna-3.19-pyhcf101f3_0.conda                                 177kB
  keyutils-1.6.3-h7cc23a3_1.conda                              135kB
  krb5-1.22.2-hbc21106_2.conda                                   1MB
  ld_impl_linux-64-2.46.1-default_hbd61a6d_102.conda           745kB
  libabseil-20260526.0-cxx17_h0dc7533_2.conda                    1MB
  libarrow-21.0.0-hcc2f0d9_39_cpu.conda                          6MB
  libarrow-acero-21.0.0-h635bf11_39_cpu.conda                  594kB
  libarrow-compute-21.0.0-h53684a4_39_cpu.conda                  3MB
  libarrow-dataset-21.0.0-h635bf11_39_cpu.conda                591kB
  libarrow-substrait-21.0.0-h66fbfdd_39_cpu.conda              498kB
  libblas-3.11.0-11_h4a7cf45_openblas.conda                     18kB
  libbrotlicommon-1.2.0-h39a168f_4.conda                        81kB
  libbrotlidec-1.2.0-ha411449_4.conda                           35kB
  libbrotlienc-1.2.0-h018ffa1_4.conda                          298kB
  libcblas-3.11.0-11_h0358290_openblas.conda                    18kB
  libcrc32c-1.1.2-h9c3ff4c_0.tar.bz2                            20kB
  libcurl-8.22.0-ha042cf0_0.conda                              500kB
  libedit-3.1.20250104-pl5321h373387f_1.conda                  135kB
  libev-4.33-h280c20c_3.conda                                   43kB
  libevent-2.1.12-h5348a74_2.conda                             431kB
  libexpat-2.8.1-hecca717_1.conda                               78kB
  libffi-3.7.0-h81df57d_1.conda                                 68kB
  libgcc-16.2.0-ha9f2e26_4.conda                                 1MB
  libgcc-ng-16.2.0-h69a702a_4.conda                             28kB
  libgfortran-16.2.0-h69a702a_4.conda                           28kB
  libgfortran-ng-16.2.0-h69a702a_4.conda                        28kB
  libgfortran5-16.2.0-h6b99dfc_4.conda                           3MB
  libgomp-16.2.0-he0feb66_4.conda                              640kB
  libgoogle-cloud-3.8.0-hbc29df5_0.conda                         3MB
  libgoogle-cloud-storage-3.8.0-hdbdcf42_0.conda               811kB
  libgrpc-1.82.1-h792040b_0.conda                                7MB
  libiconv-1.18-h0cb94f2_3.conda                               789kB
  liblapack-3.11.0-11_h47877c9_openblas.conda                   18kB
  liblzma-5.8.3-hb03c661_1.conda                               113kB
  liblzma-devel-5.8.3-hb03c661_1.conda                         492kB
  libnghttp2-1.68.1-h74cf4be_1.conda                           650kB
  libnsl-2.0.1-hb9d3cd8_1.conda                                 34kB
  libopenblas-0.3.34-pthreads_hf13c14d_2.conda                   7MB
  libopentelemetry-cpp-1.27.0-h3133023_1.conda                 949kB
  libopentelemetry-cpp-headers-1.27.0-ha770c72_1.conda         395kB
  libparquet-21.0.0-h7376487_39_cpu.conda                        1MB
  libprotobuf-7.35.1-h622638d_3.conda                            4MB
  libpsl-0.23.1-hd9e3e90_1.conda                                73kB
  libre2-11-2025.11.05-h60473fc_2.conda                        211kB
  libsqlite-3.53.4-h13e7031_1.conda                            974kB
  libssh2-1.11.1-h6154650_1.conda                              306kB
  libstdcxx-16.2.0-h934c35e_4.conda                              7MB
  libstdcxx-ng-16.2.0-hdf11a46_4.conda                          28kB
  libthrift-0.22.0-h7d032f7_2.conda                            424kB
  libutf8proc-2.11.3-hfe17d71_0.conda                           86kB
  libuuid-2.42.3-hcfc3c73_0.conda                               40kB
  libxcrypt-4.4.38-h280c20c_0.conda                            102kB
  libxml2-16-2.15.4-hf3af7cc_0.conda                           569kB
  libxml2-2.15.4-h7df9aa5_0.conda                               47kB
  libzlib-1.3.2-h25fd6f3_3.conda                                64kB
  lz4-c-1.10.0-hee9eb32_2.conda                                182kB
  ncurses-6.6-hdb14827_1.conda                                 911kB
  nlohmann_json-3.12.0-h54a6638_2.conda                        136kB
  numpy-1.26.4-py312heda63a1_0.conda                             7MB
  openssl-3.6.4-h781a0a9_0.conda                                 3MB
  orc-2.3.1-h443056b_0.conda                                     1MB
  packaging-26.3-pyhc364b38_0.conda                            116kB
  pandas-2.2.3-py312hf9745cd_3.conda                            15MB
  patsy-1.0.3-pyhcf101f3_0.conda                               194kB
  pip-26.2.1-pyh8b19718_0.conda                                  1MB
  prometheus-cpp-1.3.0-ha5d0236_0.conda                        200kB
  pyarrow-21.0.0-py312h7900ff3_3.conda                          33kB
  pyarrow-core-21.0.0-py312hc195796_3_cpu.conda                  5MB
  pysocks-1.7.1-pyha55dd90_7.conda                              21kB
  python-3.12.2-hab00c5b_0_cpython.conda                        32MB
  python-dateutil-2.9.0.post0-pyhe01879c_2.conda               233kB
  python-tzdata-2026.3-pyhd8ed1ab_0.conda                      147kB
  python_abi-3.12-9_cp312.conda                                  7kB
  pytz-2026.3.post1-pyhcf101f3_0.conda                         201kB
  re2-2025.11.05-h94463f1_2.conda                               27kB
  readline-8.3-hd6e31c0_1.conda                                349kB
  requests-2.32.3-pyhd8ed1ab_1.conda                            59kB
  s2n-1.7.5-h7e3ee7f_1.conda                                   393kB
  scipy-1.13.1-py312hc2bc53b_0.conda                            17MB
  setuptools-84.0.0-pyh332efcf_0.conda                         524kB
  six-1.17.0-pyhe01879c_1.conda                                 18kB
  snappy-1.2.2-h03e3b7b_1.conda                                 46kB
  statsmodels-0.14.2-py312h085067d_0.conda                      12MB
  tk-8.6.13-noxft_h1df4ec4_4.conda                               4MB
  tzdata-2026c-h151e31d_0.conda                                119kB
  urllib3-2.7.0-pyhd8ed1ab_0.conda                             104kB
  wheel-0.48.0-pyhd8ed1ab_0.conda                               35kB
  xz-5.8.3-ha02ee65_1.conda                                     24kB
  xz-gpl-tools-5.8.3-ha02ee65_1.conda                           40kB
  xz-tools-5.8.3-hb03c661_1.conda                               96kB
  zlib-1.3.2-h25fd6f3_3.conda                                   96kB
  zstd-1.5.7-hb78ec9c_7.conda                                  601kB

  /root/.mamba/pkgs
──────────────────────────────────────────────────────────────────────


  
──────────────────────────────────────────────────────────────────────

  Total size:                                                  183MB
Cleaning tarballs..
  Package folder                                          Size
────────────────────────────────────────────────────────────────
  /opt/nfl-runtime/mamba/pkgs
────────────────────────────────────────────────────────────────

  _openmp_mutex-4.5-20_gnu                               115kB
  aws-c-auth-0.10.4-hb7a77c6_1                           502kB
  aws-c-cal-0.9.14-h2aa3ae6_4                            211kB
  aws-c-common-0.14.2-hb03c661_0                           1MB
  aws-c-compression-0.3.2-h720e601_4                      82kB
  aws-c-event-stream-0.7.1-h6ffeea8_4                    242kB
  aws-c-http-0.11.0-h38ae05a_4                           786kB
  aws-c-io-0.27.3-h6f4d18d_1                             717kB
  aws-c-mqtt-0.16.0-h21f4ec5_2                           807kB
  aws-c-s3-0.12.8-h46fcd08_1                             508kB
  aws-c-sdkutils-0.2.7-h720e601_2                        236kB
  aws-checksums-0.2.10-h720e601_4                        225kB
  aws-crt-cpp-0.40.1-h102d43b_3                            2MB
  aws-sdk-cpp-1.11.833-hc7390e0_9                         23MB
  azure-core-cpp-1.16.3-h206d751_0                         2MB
  azure-identity-cpp-1.13.3-h71f81a8_2                   947kB
  azure-storage-blobs-cpp-12.18.0-h74b55db_1               2MB
  azure-storage-common-cpp-12.14.0-hf596fc9_1            494kB
  azure-storage-files-datalake-cpp-12.16.0-h1f05bef_1      1MB
  backports.zstd-1.7.0-py312h3f22e6b_1                   902kB
  brotli-python-1.2.0-py312he9c40d5_4                    944kB
  bzip2-1.0.8-hda65f42_10                                  2MB
  c-ares-1.34.8-hebe6cf0_2                               811kB
  ca-certificates-2026.7.22-hbd8a1cb_0                   258kB
  certifi-2026.7.22-pyhd8ed1ab_0                         273kB
  charset-normalizer-3.5.1-pyhd8ed1ab_0                  266kB
  gflags-2.3.1-h54a6638_0                                523kB
  glog-0.7.1-hb7133d2_1                                  514kB
  h2-4.4.1-pyhcf101f3_0                                  671kB
  hpack-4.2.0-pyhd8ed1ab_0                               242kB
  hyperframe-6.1.0-pyhd8ed1ab_0                           59kB
  icu-78.3-py310h44b86e0_2                                49MB
  idna-3.19-pyhcf101f3_0                                   2MB
  keyutils-1.6.3-h7cc23a3_1                              507kB
  krb5-1.22.2-hbc21106_2                                   6MB
  ld_impl_linux-64-2.46.1-default_hbd61a6d_102             3MB
  libabseil-20260526.0-cxx17_h0dc7533_2                    8MB
  libarrow-21.0.0-hcc2f0d9_39_cpu                         29MB
  libarrow-acero-21.0.0-h635bf11_39_cpu                    2MB
  libarrow-compute-21.0.0-h53684a4_39_cpu                 19MB
  libarrow-dataset-21.0.0-h635bf11_39_cpu                  3MB
  libarrow-substrait-21.0.0-h66fbfdd_39_cpu                2MB
  libblas-3.11.0-11_h4a7cf45_openblas                     73kB
  libbrotlicommon-1.2.0-h39a168f_4                       226kB
  libbrotlidec-1.2.0-ha411449_4                           90kB
  libbrotlienc-1.2.0-h018ffa1_4                          807kB
  libcblas-3.11.0-11_h0358290_openblas                    73kB
  libcrc32c-1.1.2-h9c3ff4c_0                              45kB
  libcurl-8.22.0-ha042cf0_0                                1MB
  libedit-3.1.20250104-pl5321h373387f_1                  385kB
  libev-4.33-h280c20c_3                                  151kB
  libevent-2.1.12-h5348a74_2                               2MB
  libexpat-2.8.1-hecca717_1                              217kB
  libffi-3.7.0-h81df57d_1                                271kB
  libgcc-16.2.0-ha9f2e26_4                                 4MB
  libgcc-ng-16.2.0-h69a702a_4                            116kB
  libgfortran-16.2.0-h69a702a_4                          116kB
  libgfortran-ng-16.2.0-h69a702a_4                       116kB
  libgfortran5-16.2.0-h6b99dfc_4                          12MB
  libgomp-16.2.0-he0feb66_4                                2MB
  libgoogle-cloud-3.8.0-hbc29df5_0                        17MB
  libgoogle-cloud-storage-3.8.0-hdbdcf42_0                 4MB
  libgrpc-1.82.1-h792040b_0                               30MB
  libiconv-1.18-h0cb94f2_3                                 3MB
  liblapack-3.11.0-11_h47877c9_openblas                   73kB
  liblzma-5.8.3-hb03c661_1                               491kB
  liblzma-devel-5.8.3-hb03c661_1                           2MB
  libnghttp2-1.68.1-h74cf4be_1                             2MB
  libnsl-2.0.1-hb9d3cd8_1                                115kB
  libopenblas-0.3.34-pthreads_hf13c14d_2                  42MB
  libopentelemetry-cpp-1.27.0-h3133023_1                   5MB
  libopentelemetry-cpp-headers-1.27.0-ha770c72_1           4MB
  libparquet-21.0.0-h7376487_39_cpu                        6MB
  libprotobuf-7.35.1-h622638d_3                           19MB
  libpsl-0.23.1-hd9e3e90_1                               141kB
  libre2-11-2025.11.05-h60473fc_2                          1MB
  libsqlite-3.53.4-h13e7031_1                              3MB
  libssh2-1.11.1-h6154650_1                                1MB
  libstdcxx-16.2.0-h934c35e_4                             24MB
  libstdcxx-ng-16.2.0-hdf11a46_4                         117kB
  libthrift-0.22.0-h7d032f7_2                              2MB
  libutf8proc-2.11.3-hfe17d71_0                          430kB
  libuuid-2.42.3-hcfc3c73_0                              168kB
  libxcrypt-4.4.38-h280c20c_0                            299kB
  libxml2-16-2.15.4-hf3af7cc_0                             1MB
  libxml2-2.15.4-h7df9aa5_0                              159kB
  libzlib-1.3.2-h25fd6f3_3                               142kB
  lz4-c-1.10.0-hee9eb32_2                                619kB
  ncurses-6.6-hdb14827_1                                   6MB
  nlohmann_json-3.12.0-h54a6638_2                          1MB
  numpy-1.26.4-py312heda63a1_0                            36MB
  openssl-3.6.4-h781a0a9_0                                12MB
  orc-2.3.1-h443056b_0                                     6MB
  packaging-26.3-pyhc364b38_0                            534kB
  pandas-2.2.3-py312hf9745cd_3                            73MB
  patsy-1.0.3-pyhcf101f3_0                               793kB
  pip-26.2.1-pyh8b19718_0                                  6MB
  prometheus-cpp-1.3.0-ha5d0236_0                        790kB
  pyarrow-21.0.0-py312h7900ff3_3                         171kB
  pyarrow-core-21.0.0-py312hc195796_3_cpu                 28MB
  pysocks-1.7.1-pyha55dd90_7                              68kB
  python-3.12.2-hab00c5b_0_cpython                       113MB
  python-dateutil-2.9.0.post0-pyhe01879c_2               483kB
  python-tzdata-2026.3-pyhd8ed1ab_0                      769kB
  python_abi-3.12-9_cp312                                 19kB
  pytz-2026.3.post1-pyhcf101f3_0                           1MB
  re2-2025.11.05-h94463f1_2                               88kB
  readline-8.3-hd6e31c0_1                                  2MB
  requests-2.32.3-pyhd8ed1ab_1                           237kB
  s2n-1.7.5-h7e3ee7f_1                                     2MB
  scipy-1.13.1-py312hc2bc53b_0                            72MB
  setuptools-84.0.0-pyh332efcf_0                           3MB
  six-1.17.0-pyhe01879c_1                                 68kB
  snappy-1.2.2-h03e3b7b_1                                164kB
  statsmodels-0.14.2-py312h085067d_0                      53MB
  tk-8.6.13-noxft_h1df4ec4_4                              12MB
  tzdata-2026c-h151e31d_0                                668kB
  urllib3-2.7.0-pyhd8ed1ab_0                             465kB
  wheel-0.48.0-pyhd8ed1ab_0                              121kB
  xz-5.8.3-ha02ee65_1                                     91kB
  xz-gpl-tools-5.8.3-ha02ee65_1                          144kB
  xz-tools-5.8.3-hb03c661_1                              347kB
  zlib-1.3.2-h25fd6f3_3                                  307kB
  zstd-1.5.7-hb78ec9c_7                                    2MB

  /root/.mamba/pkgs
────────────────────────────────────────────────────────────────


  
────────────────────────────────────────────────────────────────

  Total size:                                            795MB
Cleaning packages..
warning  libmamba This does not check for packages installed using
    symlinks back to the package cache.
Filesystem      Size  Used Avail Use% Mounted on
/dev/vda1       8.7G  8.2G  537M  94% /
1.26.4 1.13.1 2.2.3
