On branch engine-v2
Your branch is up to date with 'origin/engine-v2'.

Untracked files:
  (use "git add <file>..." to include in what will be committed)
	work/harvest-tests/011a02b4a90b4cfa94a11a1872604722/
	work/harvest-tests/0cd450b4bd3748f2a11a159adf13918e/
	work/harvest-tests/29dff41701434690ad71b6b7c5f0904e/
	work/harvest-tests/3ff4d6f397c34bf3b66d33215c265853/
	work/harvest-tests/74e0db68777646a197876f2ffd298104/
	work/harvest-tests/75a3921d4fa04ac1a4772cac59dc9ea4/
	work/harvest-tests/9a90b172bb4f43618268aa8c9c038bcd/
	work/harvest-tests/cc1c5451c72f44adba4ce7beea41f1dc/
	work/harvest-tests/ccceaffe52864a559dedf16e102a1e8f/
	work/harvest-tests/de08fc6b1c234db59139d41e8ffcd26e/
	work/joint-scorecard-tests/2533d69cc0f849b6b98fdf41f771eb9d/
	work/joint-scorecard-tests/3434f5db83bf4c96a7c9196dc8a735c8/
	work/joint-scorecard-tests/4454ab9edc854854a5054f1a75de8c22/
	work/joint-scorecard-tests/46a51320a2dc4ef4a127dc599301e740/
	work/joint-scorecard-tests/4bd8d9a72c264b49ae9f3fc852f6b9dc/
	work/joint-scorecard-tests/56cad49385ce4e50b7bc2e43e46563c9/
	work/joint-scorecard-tests/63a33516a96b45ee80321b2663615461/
	work/joint-scorecard-tests/7479243532f44e73af5bd14b4198b552/
	work/joint-scorecard-tests/791dea3564ed4b03b544caf4046c6cfd/
	work/joint-scorecard-tests/8a0305f5ad734c4c99bcb700495bab3a/
	work/joint-scorecard-tests/92f62691bc6546ea8e7a164d83250dfc/
	work/joint-scorecard-tests/96ebb71a6aac47b7bd358c18c115db4e/
	work/joint-scorecard-tests/a05c7e51b5a048228289f11bf63257ca/
	work/joint-scorecard-tests/ba201fc8f4514fcd89f3c0856b85194b/
	work/joint-scorecard-tests/c7a14247c46d4528879416991aef63bb/
	work/joint-scorecard-tests/c8fd1d4608ee44ad9f1dca163762843f/
	work/joint-scorecard-tests/cb3a965edb4142c18ec41f7939c9769a/
	work/joint-scorecard-tests/cd43400999db4df0bffb71bf4b8f789f/
	work/joint-scorecard-tests/e336d06404954ae9bdfefe3d2ea708d1/
	work/joint-scorecard-tests/f0bf662bf44e4b3cb1b85bef60454a7e/
	work/live-weather-tests/3529fea2b77b45419ef01155bf3763bf/
	work/live-weather-tests/3d1b9608872a4fc485df0a768a58cb04/
	work/live-weather-tests/5fe040745e464c7c87d73dafee4193ec/
	work/live-weather-tests/9d63bbb6a42547e18564ee149d1d38ff/
	work/live-weather-tests/a084ab4c48e44984b7ac74ada4592dc3/
	work/live-weather-tests/a14177a313794fc4bd2a2d55da53376e/
	work/live-weather-tests/b0f378434ac2471eb2cf8cad84d74404/
	work/live-weather-tests/b367f6b285e444f1ad666b38e33df3ba/
	work/live-weather-tests/c7615c81535649e397b5d43660ea1e9d/
	work/live-weather-tests/fdf3ae53890c4e2b9edc9225ab120837/
	work/market-distribution-tests/072316a64f9f46aaa1741da9e6b569e5/
	work/market-distribution-tests/87ea995dcbab4102aedd4e58f59d1323/
	work/market-distribution-tests/a976153248f148c88045aad3ff17a1b6/
	work/market-distribution-tests/c48ff219c7104146b6c30030c9e4e97e/
	work/market-distribution-tests/f9678822020f4b6d81ce458615b4e30d/
	work/model-pick-v1/tests/0d2cc867-fd53-4086-9492-60ab03e56724/
	work/model-pick-v1/tests/1a54a533-7ebe-4fb0-9f7e-22970aa1cd51/
	work/model-pick-v1/tests/23f0771f-f843-4fcd-aac3-ec620662b0d5/
	work/model-pick-v1/tests/244dbbb7-ff59-427c-8640-a504ac93b85c/
	work/model-pick-v1/tests/309fb3d2-b916-4cf6-ab8d-079bdbce66a6/
	work/model-pick-v1/tests/3544bda6-c68c-489f-9a73-210d8e4ab202/
	work/model-pick-v1/tests/35c1fcfd-f214-4173-aa1c-65adb1f635f2/
	work/model-pick-v1/tests/398eb304-694b-458c-9804-03299c172fd9/
	work/model-pick-v1/tests/4a9f77e9-adeb-400f-b162-928a299855c6/
	work/model-pick-v1/tests/51311b54-a9e0-4a0e-9c73-a33746ad4a0d/
	work/model-pick-v1/tests/55872332-f88a-4b18-bc1f-396d6297fc8e/
	work/model-pick-v1/tests/572b22e4-a4b8-42d4-990f-f713eae41146/
	work/model-pick-v1/tests/5f319372-571b-45ea-a5dc-b7cd1531ade6/
	work/model-pick-v1/tests/687cecbd-becc-40e0-8132-d6fd87dd1399/
	work/model-pick-v1/tests/6d36906f-b837-400f-85a4-28bc29448d59/
	work/model-pick-v1/tests/75d0cfc2-a3e0-488d-87fc-15e82db1fb90/
	work/model-pick-v1/tests/762f41c5-664c-4f79-a767-4256bf7d0c52/
	work/model-pick-v1/tests/7c0114e7-ef80-4304-ba4c-ab72887d99fd/
	work/model-pick-v1/tests/8850dde4-cd5d-447f-9ab2-7b4d069d054a/
	work/model-pick-v1/tests/8864c531-a79f-4718-af03-b7cb729335e8/
	work/model-pick-v1/tests/8e7b4a7e-cb78-4871-9eae-db17fd7c55be/
	work/model-pick-v1/tests/8f5df36b-a00e-4817-a9ef-345ed18f83ea/
	work/model-pick-v1/tests/9d32a094-55c7-4f82-b5b4-db805889e7cb/
	work/model-pick-v1/tests/9f40ce6c-b6d3-4e9f-960d-b1b1c74e78d1/
	work/model-pick-v1/tests/a7b611a8-75b1-4d18-91e4-2fb2370bd263/
	work/model-pick-v1/tests/abfd442c-ac4e-44ec-8877-4d74795d8f14/
	work/model-pick-v1/tests/ac08fa7b-2b70-419b-b36e-b8ab50ac5de8/
	work/model-pick-v1/tests/afc5f960-317c-4828-92b6-15b68bb174fe/
	work/model-pick-v1/tests/b2cc1044-6069-413f-af9f-6502d9f86fde/
	work/model-pick-v1/tests/b3a501c4-2249-455a-93b6-a8a3777336f9/
	work/model-pick-v1/tests/b46ba203-d447-49c9-874c-9f0183241b5d/
	work/model-pick-v1/tests/b5514034-c942-4349-b010-c76fa9c37171/
	work/model-pick-v1/tests/bd878715-5578-4ce0-a3be-9e1ec94d3269/
	work/model-pick-v1/tests/c02ee149-9404-4aaf-857a-4444e2bc13e1/
	work/model-pick-v1/tests/c3d56e19-6d98-42de-abde-de35ddb34412/
	work/model-pick-v1/tests/d8defaf2-f347-4760-a0a0-ba5f1f1918bf/
	work/model-pick-v1/tests/e11c185d-faa6-4687-9233-696598032b40/
	work/model-pick-v1/tests/fb29b0d7-9b79-46c1-9927-950c8956c249/
	work/model-pick-v1/tests/fc458b5d-49dc-44c5-843c-cf4de4508044/
	work/model-pick-v1/tests/fc7150ba-eff9-429e-9ed8-71e7f8379598/
	work/slip-ingest-v1/tests/048862f7662148d7a9ab59472cc51a6a/
	work/slip-ingest-v1/tests/10fb7c7b7cd3425d9cd99f7450f8ce3d/
	work/slip-ingest-v1/tests/11211445706b4c47b9410eb5b5f4376e/
	work/slip-ingest-v1/tests/15f9a790206241c6bf61c04383a636a2/
	work/slip-ingest-v1/tests/19d10ba641554c8fa271d1d66324ffce/
	work/slip-ingest-v1/tests/1f6e19410c6149e2800b7ed04b35b62a/
	work/slip-ingest-v1/tests/21effe8abe574e3f985450670a4b0b66/
	work/slip-ingest-v1/tests/32228438f09849ff90a68987dad67c2b/
	work/slip-ingest-v1/tests/3d70719dbb5f46f2bd9dae02b47265d3/
	work/slip-ingest-v1/tests/3f7437e5d7ad49fd98b2eecc5dd25bf9/
	work/slip-ingest-v1/tests/4169eb2b840c41cd9bd2d5a336198963/
	work/slip-ingest-v1/tests/419ab7d950c248b3b40c8f0a78b52131/
	work/slip-ingest-v1/tests/423c9dbddeb248d6b5018e26593d835d/
	work/slip-ingest-v1/tests/4d44a19e02964dce9bf132684b286d6f/
	work/slip-ingest-v1/tests/52ed433b5937422896ce57b4da8f3675/
	work/slip-ingest-v1/tests/53cc03e5fbc6487bb2f0272be383d800/
	work/slip-ingest-v1/tests/592ce56c386c4dc88565a1e0a00a536d/
	work/slip-ingest-v1/tests/5c24f4d9511e46dd91ed8ae1b3e4cab7/
	work/slip-ingest-v1/tests/62f23b65ea0849228b853231dcb81a7f/
	work/slip-ingest-v1/tests/6d86b7d98ebd42a69373403421518136/
	work/slip-ingest-v1/tests/7227224f04b7470ebf0415a997918674/
	work/slip-ingest-v1/tests/94e9e2791db046e1837a9583c976679d/
	work/slip-ingest-v1/tests/96e789eb58b84f988d99bb8dab708c78/
	work/slip-ingest-v1/tests/9b45b9d9af2046919cbf7f5aef5feb0d/
	work/slip-ingest-v1/tests/9e9bd4536489448f80fab08d04a467b0/
	work/slip-ingest-v1/tests/a184bd649f26462cbb649067e7b323e0/
	work/slip-ingest-v1/tests/b8892e6f9d4149bc947e359693a7b769/
	work/slip-ingest-v1/tests/b9cf27c1684348a69b8511815b7f018c/
	work/slip-ingest-v1/tests/bc27c99e525c48eeab5feeea244aaa64/
	work/slip-ingest-v1/tests/bd7abb3e62e34ddea085ce25d051744b/
	work/slip-ingest-v1/tests/bdcfe5ce722a4d70bfbc0a4b1c44e3a6/
	work/slip-ingest-v1/tests/c27aa50fcda7401b938f6887873a8f45/
	work/slip-ingest-v1/tests/ca07d6e2f53e475f9c56ec1d6ee85073/
	work/slip-ingest-v1/tests/d43ca21a16d44d5eba01f30f41c1b811/
	work/slip-ingest-v1/tests/df3c46182a3445a48d10ac7a42c8cc25/
	work/slip-ingest-v1/tests/e9db798e48c54a6a8769479e3d6b075d/
	work/slip-ingest-v1/tests/eafce94539514ff59da2c0343a6c5096/
	work/slip-ingest-v1/tests/ec2fb95e75574b1a9a7eb2bfdb5e513b/
	work/slip-ingest-v1/tests/ecd0b5c3eaf246fc874e9ac202f4854e/
	work/slip-ingest-v1/tests/f8831153109b4a45a317133542ebc74f/
	work/week1-followup-tests/45357a4c06da47ec949f8e91312beba6/
	work/week1-followup-tests/562598222e734661b6e5a479ec01d286/
	work/week1-followup-tests/5c72db6f6a19476ab8e967576b835d03/
	work/week1-followup-tests/9b6014b5730a4b749fa6a835d05c0bbd/
	work/week1-followup-tests/afa8686347cb4e959a1c4078f7c5ff43/
	work/week1-pricing-tests/03f24a3f57ee40c994cd1530a14c38de/
	work/week1-pricing-tests/1b5cd12a44244ee6b0e8bf1d6255b5ae/
	work/week1-pricing-tests/506127edcac748bfa64e7fb052f216f5/
	work/week1-pricing-tests/edd9e88561404f2cae41d29683ee438c/
	work/week1-pricing-tests/fa8c1904614346edb40cf3bfdf4cd6b8/

nothing added to commit but untracked files present (use "git add" to track)
