activating
inactive
/var/lib/apt/lists/mirrors.digitalocean.com_ubuntu_dists_noble-updates_universe_i18n_Translation-en
/var/lib/apt/lists/security.ubuntu.com_ubuntu_dists_noble-security_main_cnf_Commands-amd64
/var/lib/apt/lists/repos-droplet.digitalocean.com_apt_droplet-agent_dists_main_InRelease
/var/lib/apt/lists/mirrors.digitalocean.com_ubuntu_dists_noble-updates_main_dep11_Components-amd64.yml.gz
/var/lib/apt/lists/security.ubuntu.com_ubuntu_dists_noble-security_universe_cnf_Commands-amd64
/var/lib/apt/lists/repos.insights.digitalocean.com_apt_do-agent_dists_main_InRelease
/var/lib/apt/lists/mirrors.digitalocean.com_ubuntu_dists_noble-updates_InRelease
/var/lib/apt/lists/mirrors.digitalocean.com_ubuntu_dists_noble-updates_multiverse_cnf_Commands-amd64
/var/lib/apt/lists/mirrors.digitalocean.com_ubuntu_dists_noble-backports_main_binary-amd64_Packages
/var/lib/apt/lists/security.ubuntu.com_ubuntu_dists_noble-security_main_dep11_Components-amd64.yml.gz
/var/lib/apt/lists/mirrors.digitalocean.com_ubuntu_dists_noble_multiverse_dep11_Components-amd64.yml.gz
/var/lib/apt/lists/mirrors.digitalocean.com_ubuntu_dists_noble-updates_restricted_i18n_Translation-en
/var/lib/apt/lists/mirrors.digitalocean.com_ubuntu_dists_noble_main_binary-amd64_Packages
/var/lib/apt/lists/mirrors.digitalocean.com_ubuntu_dists_noble-backports_multiverse_cnf_Commands-amd64
/var/lib/apt/lists/mirrors.digitalocean.com_ubuntu_dists_noble-backports_universe_cnf_Commands-amd64
/var/lib/apt/lists/security.ubuntu.com_ubuntu_dists_noble-security_multiverse_binary-amd64_Packages
/var/lib/apt/lists/mirrors.digitalocean.com_ubuntu_dists_noble-backports_restricted_cnf_Commands-amd64
/var/lib/apt/lists/mirrors.digitalocean.com_ubuntu_dists_noble_main_cnf_Commands-amd64
/var/lib/apt/lists/mirrors.digitalocean.com_ubuntu_dists_noble-backports_multiverse_dep11_Components-amd64.yml.gz
/var/lib/apt/lists/security.ubuntu.com_ubuntu_dists_noble-security_restricted_cnf_Commands-amd64
/var/lib/apt/lists/security.ubuntu.com_ubuntu_dists_noble-security_restricted_dep11_Components-amd64.yml.gz
/var/lib/apt/lists/mirrors.digitalocean.com_ubuntu_dists_noble-updates_universe_cnf_Commands-amd64
/var/lib/apt/lists/mirrors.digitalocean.com_ubuntu_dists_noble-updates_main_cnf_Commands-amd64
/var/lib/apt/lists/security.ubuntu.com_ubuntu_dists_noble-security_universe_dep11_Components-amd64.yml.gz
/var/lib/apt/lists/security.ubuntu.com_ubuntu_dists_noble-security_restricted_binary-amd64_Packages
/var/lib/apt/lists/mirrors.digitalocean.com_ubuntu_dists_noble-backports_main_cnf_Commands-amd64
/var/lib/apt/lists/mirrors.digitalocean.com_ubuntu_dists_noble-backports_restricted_dep11_Components-amd64.yml.gz
/var/lib/apt/lists/mirrors.digitalocean.com_ubuntu_dists_noble_universe_i18n_Translation-en
/var/lib/apt/lists/mirrors.digitalocean.com_ubuntu_dists_noble_universe_cnf_Commands-amd64
/var/lib/apt/lists/mirrors.digitalocean.com_ubuntu_dists_noble-updates_main_binary-amd64_Packages
/var/lib/apt/lists/mirrors.digitalocean.com_ubuntu_dists_noble-backports_main_i18n_Translation-en
/var/lib/apt/lists/mirrors.digitalocean.com_ubuntu_dists_noble_universe_binary-amd64_Packages
/var/lib/apt/lists/mirrors.digitalocean.com_ubuntu_dists_noble-updates_main_i18n_Translation-en
/var/lib/apt/lists/mirrors.digitalocean.com_ubuntu_dists_noble-updates_multiverse_binary-amd64_Packages
/var/lib/apt/lists/repos.insights.digitalocean.com_apt_do-agent_dists_main_main_binary-amd64_Packages
/var/lib/apt/lists/security.ubuntu.com_ubuntu_dists_noble-security_multiverse_cnf_Commands-amd64
/var/lib/apt/lists/repos-droplet.digitalocean.com_apt_droplet-agent_dists_main_main_binary-amd64_Packages
/var/lib/apt/lists/security.ubuntu.com_ubuntu_dists_noble-security_multiverse_i18n_Translation-en
/var/lib/apt/lists/mirrors.digitalocean.com_ubuntu_dists_noble-backports_universe_binary-amd64_Packages
/var/lib/apt/lists/mirrors.digitalocean.com_ubuntu_dists_noble_InRelease
/var/lib/apt/lists/security.ubuntu.com_ubuntu_dists_noble-security_multiverse_dep11_Components-amd64.yml.gz
/var/lib/apt/lists/mirrors.digitalocean.com_ubuntu_dists_noble_multiverse_cnf_Commands-amd64
/var/lib/apt/lists/mirrors.digitalocean.com_ubuntu_dists_noble-updates_restricted_dep11_Components-amd64.yml.gz
/var/lib/apt/lists/mirrors.digitalocean.com_ubuntu_dists_noble_universe_dep11_Components-amd64.yml.gz
/var/lib/apt/lists/mirrors.digitalocean.com_ubuntu_dists_noble-updates_multiverse_dep11_Components-amd64.yml.gz
/var/lib/apt/lists/mirrors.digitalocean.com_ubuntu_dists_noble_main_dep11_Components-amd64.yml.gz
/var/lib/apt/lists/mirrors.digitalocean.com_ubuntu_dists_noble-updates_universe_dep11_Components-amd64.yml.gz
/var/lib/apt/lists/mirrors.digitalocean.com_ubuntu_dists_noble-updates_restricted_binary-amd64_Packages
/var/lib/apt/lists/mirrors.digitalocean.com_ubuntu_dists_noble-backports_universe_dep11_Components-amd64.yml.gz
/var/lib/apt/lists/mirrors.digitalocean.com_ubuntu_dists_noble-updates_multiverse_i18n_Translation-en
/var/lib/apt/lists/mirrors.digitalocean.com_ubuntu_dists_noble_main_i18n_Translation-en
/var/lib/apt/lists/mirrors.digitalocean.com_ubuntu_dists_noble-backports_multiverse_binary-amd64_Packages
/var/lib/apt/lists/mirrors.digitalocean.com_ubuntu_dists_noble_restricted_i18n_Translation-en
/var/lib/apt/lists/security.ubuntu.com_ubuntu_dists_noble-security_main_i18n_Translation-en
/var/lib/apt/lists/security.ubuntu.com_ubuntu_dists_noble-security_restricted_i18n_Translation-en
/var/lib/apt/lists/security.ubuntu.com_ubuntu_dists_noble-security_main_binary-amd64_Packages
/var/lib/apt/lists/mirrors.digitalocean.com_ubuntu_dists_noble-backports_multiverse_i18n_Translation-en
/var/lib/apt/lists/security.ubuntu.com_ubuntu_dists_noble-security_universe_binary-amd64_Packages
/var/lib/apt/lists/mirrors.digitalocean.com_ubuntu_dists_noble_restricted_cnf_Commands-amd64
/var/lib/apt/lists/mirrors.digitalocean.com_ubuntu_dists_noble-backports_universe_i18n_Translation-en
/var/lib/apt/lists/mirrors.digitalocean.com_ubuntu_dists_noble-backports_InRelease
/var/lib/apt/lists/mirrors.digitalocean.com_ubuntu_dists_noble_multiverse_binary-amd64_Packages
/var/lib/apt/lists/security.ubuntu.com_ubuntu_dists_noble-security_InRelease
/var/lib/apt/lists/security.ubuntu.com_ubuntu_dists_noble-security_universe_i18n_Translation-en
/var/lib/apt/lists/mirrors.digitalocean.com_ubuntu_dists_noble-updates_universe_binary-amd64_Packages
/var/lib/apt/lists/mirrors.digitalocean.com_ubuntu_dists_noble-updates_restricted_cnf_Commands-amd64
/var/lib/apt/lists/mirrors.digitalocean.com_ubuntu_dists_noble_restricted_binary-amd64_Packages
/var/lib/apt/lists/mirrors.digitalocean.com_ubuntu_dists_noble-backports_main_dep11_Components-amd64.yml.gz
/var/lib/apt/lists/mirrors.digitalocean.com_ubuntu_dists_noble_multiverse_i18n_Translation-en
Filesystem      Size  Used Avail Use% Mounted on
/dev/vda1       8.7G  8.0G  719M  92% /
