test_12_24_boundary_is_real_prepare_origin (test_archive_unit.ArchiveTests.test_12_24_boundary_is_real_prepare_origin) ... ok
test_all_40_outer_series_and_different_metric_schema (test_archive_unit.ArchiveTests.test_all_40_outer_series_and_different_metric_schema) ... ERROR
test_both_real_closures_and_mapper_weight_b_tampering (test_archive_unit.ArchiveTests.test_both_real_closures_and_mapper_weight_b_tampering) ... /opt/anaconda3/lib/python3.12/tempfile.py:936: ResourceWarning: Implicitly cleaning up <TemporaryDirectory '/var/folders/_w/qdm05hdd4bd6jn63np8pcfrw0000gn/T/tmp3orys639'>
  _warnings.warn(warn_message, ResourceWarning)
FAIL
test_context_copies_origin_and_record_universe_are_immutable (test_archive_unit.ArchiveTests.test_context_copies_origin_and_record_universe_are_immutable) ... ok
test_exact_warmup_preserves_finite_native_means (test_archive_unit.ArchiveTests.test_exact_warmup_preserves_finite_native_means) ... ERROR
test_full_native_failure_uses_own_N0_setting0_before_outer_exists (test_archive_unit.ArchiveTests.test_full_native_failure_uses_own_N0_setting0_before_outer_exists) ... /opt/anaconda3/lib/python3.12/tempfile.py:936: ResourceWarning: Implicitly cleaning up <TemporaryDirectory '/var/folders/_w/qdm05hdd4bd6jn63np8pcfrw0000gn/T/tmp26ix1uga'>
  _warnings.warn(warn_message, ResourceWarning)
ERROR
test_grade_authenticates_publication_before_any_source_or_label_open (test_archive_unit.ArchiveTests.test_grade_authenticates_publication_before_any_source_or_label_open) ... ok
test_import_inert_and_production_has_no_fixture_bypass (test_archive_unit.ArchiveTests.test_import_inert_and_production_has_no_fixture_bypass) ... /opt/anaconda3/lib/python3.12/tempfile.py:936: ResourceWarning: Implicitly cleaning up <TemporaryDirectory '/var/folders/_w/qdm05hdd4bd6jn63np8pcfrw0000gn/T/tmpxm5vo36i'>
  _warnings.warn(warn_message, ResourceWarning)
ERROR
test_lazy_saved_law_recovery_never_calls_fit_or_score (test_archive_unit.ArchiveTests.test_lazy_saved_law_recovery_never_calls_fit_or_score) ... ERROR
test_native_cache_types_order_events_and_rehashed_state (test_archive_unit.ArchiveTests.test_native_cache_types_order_events_and_rehashed_state) ... /opt/anaconda3/lib/python3.12/tempfile.py:936: ResourceWarning: Implicitly cleaning up <TemporaryDirectory '/var/folders/_w/qdm05hdd4bd6jn63np8pcfrw0000gn/T/tmp4s_3f51v'>
  _warnings.warn(warn_message, ResourceWarning)

  test_native_cache_types_order_events_and_rehashed_state (test_archive_unit.ArchiveTests.test_native_cache_types_order_events_and_rehashed_state) (mutation='bool_setting') ... ERROR
/opt/anaconda3/lib/python3.12/tempfile.py:936: ResourceWarning: Implicitly cleaning up <TemporaryDirectory '/var/folders/_w/qdm05hdd4bd6jn63np8pcfrw0000gn/T/tmp67y3hhq0'>
  _warnings.warn(warn_message, ResourceWarning)
  test_native_cache_types_order_events_and_rehashed_state (test_archive_unit.ArchiveTests.test_native_cache_types_order_events_and_rehashed_state) (mutation='wrong_target') ... ERROR
/opt/anaconda3/lib/python3.12/tempfile.py:936: ResourceWarning: Implicitly cleaning up <TemporaryDirectory '/var/folders/_w/qdm05hdd4bd6jn63np8pcfrw0000gn/T/tmpxdjsufg5'>
  _warnings.warn(warn_message, ResourceWarning)
  test_native_cache_types_order_events_and_rehashed_state (test_archive_unit.ArchiveTests.test_native_cache_types_order_events_and_rehashed_state) (mutation='wrong_delivery') ... ERROR
/opt/anaconda3/lib/python3.12/tempfile.py:936: ResourceWarning: Implicitly cleaning up <TemporaryDirectory '/var/folders/_w/qdm05hdd4bd6jn63np8pcfrw0000gn/T/tmp0jwiw42c'>
  _warnings.warn(warn_message, ResourceWarning)
  test_native_cache_types_order_events_and_rehashed_state (test_archive_unit.ArchiveTests.test_native_cache_types_order_events_and_rehashed_state) (mutation='nonfinite_mean') ... ERROR
/opt/anaconda3/lib/python3.12/tempfile.py:936: ResourceWarning: Implicitly cleaning up <TemporaryDirectory '/var/folders/_w/qdm05hdd4bd6jn63np8pcfrw0000gn/T/tmpoh7pd0yu'>
  _warnings.warn(warn_message, ResourceWarning)
  test_native_cache_types_order_events_and_rehashed_state (test_archive_unit.ArchiveTests.test_native_cache_types_order_events_and_rehashed_state) (mutation='bool_flag') ... ERROR
test_native_initialization_uses_actual_mean_trajectory_helper (test_archive_unit.ArchiveTests.test_native_initialization_uses_actual_mean_trajectory_helper) ... ok
test_noeligible_outer_fallback_and_native_reason (test_archive_unit.ArchiveTests.test_noeligible_outer_fallback_and_native_reason) ... /opt/anaconda3/lib/python3.12/tempfile.py:936: ResourceWarning: Implicitly cleaning up <TemporaryDirectory '/var/folders/_w/qdm05hdd4bd6jn63np8pcfrw0000gn/T/tmp270j_1_7'>
  _warnings.warn(warn_message, ResourceWarning)
ERROR
test_publication_owner_complete_order_raw_references_outcome_free (test_archive_unit.ArchiveTests.test_publication_owner_complete_order_raw_references_outcome_free) ... /opt/anaconda3/lib/python3.12/tempfile.py:936: ResourceWarning: Implicitly cleaning up <TemporaryDirectory '/var/folders/_w/qdm05hdd4bd6jn63np8pcfrw0000gn/T/tmpki7u462w'>
  _warnings.warn(warn_message, ResourceWarning)
ok
test_real_full_population_and_pregame_does_not_open_losses (test_archive_unit.ArchiveTests.test_real_full_population_and_pregame_does_not_open_losses) ... ERROR
test_real_index_binding_membership_and_symlink_rejection (test_archive_unit.ArchiveTests.test_real_index_binding_membership_and_symlink_rejection) ... /opt/anaconda3/lib/python3.12/tempfile.py:936: ResourceWarning: Implicitly cleaning up <TemporaryDirectory '/var/folders/_w/qdm05hdd4bd6jn63np8pcfrw0000gn/T/tmp2s4ryie0'>
  _warnings.warn(warn_message, ResourceWarning)
ERROR
test_rehashed_contradictory_or_missing_lineage (test_archive_unit.ArchiveTests.test_rehashed_contradictory_or_missing_lineage) ... /opt/anaconda3/lib/python3.12/tempfile.py:936: ResourceWarning: Implicitly cleaning up <TemporaryDirectory '/var/folders/_w/qdm05hdd4bd6jn63np8pcfrw0000gn/T/tmpxw82qshv'>
  _warnings.warn(warn_message, ResourceWarning)
ERROR
test_selector_prior_universe_cached_integrity_and_season_before_add (test_archive_unit.ArchiveTests.test_selector_prior_universe_cached_integrity_and_season_before_add) ... /opt/anaconda3/lib/python3.12/tempfile.py:936: ResourceWarning: Implicitly cleaning up <TemporaryDirectory '/var/folders/_w/qdm05hdd4bd6jn63np8pcfrw0000gn/T/tmphw9__yn0'>
  _warnings.warn(warn_message, ResourceWarning)
ok
test_selector_typed_batch_is_atomic_and_requires_bound_publication (test_archive_unit.ArchiveTests.test_selector_typed_batch_is_atomic_and_requires_bound_publication) ... ok

======================================================================
ERROR: test_all_40_outer_series_and_different_metric_schema (test_archive_unit.ArchiveTests.test_all_40_outer_series_and_different_metric_schema)
----------------------------------------------------------------------
Traceback (most recent call last):
  File "/private/tmp/os01-gen15-rebuild.9ny71k/tests/research-score-split/test_archive_unit.py", line 247, in test_all_40_outer_series_and_different_metric_schema
    x = self.tiny(2013)
        ^^^^^^^^^^^^^^^
  File "/private/tmp/os01-gen15-rebuild.9ny71k/tests/research-score-split/test_archive_unit.py", line 200, in tiny
    value = TinyArchive(*args, **kwargs)
            ^^^^^^^^^^^^^^^^^^^^^^^^^^^^
  File "/private/tmp/os01-gen15-rebuild.9ny71k/tests/research-score-split/test_archive_unit.py", line 142, in __init__
    self.save()
  File "/private/tmp/os01-gen15-rebuild.9ny71k/tests/research-score-split/test_archive_unit.py", line 159, in save
    self.archive = a.Archive(self.directory, self.manifest_hash, a.sha(raw))
                   ^^^^^^^^^^^^^^^^^^^^^^^^^^^^^^^^^^^^^^^^^^^^^^^^^^^^^^^^^
  File "/private/tmp/os01-gen15-rebuild.9ny71k/scripts/research_score_conditional_admission.py", line 79, in __init__
    index = parse(bound(self.directory / 'artifact-index.json', index_sha256))
                  ^^^^^^^^^^^^^^^^^^^^^^^^^^^^^^^^^^^^^^^^^^^^^^^^^^^^^^^^^^^
  File "/private/tmp/os01-gen15-rebuild.9ny71k/scripts/research_score_conditional_admission.py", line 68, in bound
    raw = read_regular(Path(path))
          ^^^^^^^^^^^^^^^^^^^^^^^^
  File "/private/tmp/os01-gen15-rebuild.9ny71k/scripts/research_score_contract.py", line 37, in read_regular
    following = os.open(component, os.O_RDONLY | os.O_DIRECTORY | os.O_NOFOLLOW, dir_fd=directory)
                ^^^^^^^^^^^^^^^^^^^^^^^^^^^^^^^^^^^^^^^^^^^^^^^^^^^^^^^^^^^^^^^^^^^^^^^^^^^^^^^^^^
NotADirectoryError: [Errno 20] Not a directory: 'var'

======================================================================
ERROR: test_exact_warmup_preserves_finite_native_means (test_archive_unit.ArchiveTests.test_exact_warmup_preserves_finite_native_means)
----------------------------------------------------------------------
Traceback (most recent call last):
  File "/private/tmp/os01-gen15-rebuild.9ny71k/tests/research-score-split/test_archive_unit.py", line 256, in test_exact_warmup_preserves_finite_native_means
    x = self.tiny(2010, 5, warmup=True)
        ^^^^^^^^^^^^^^^^^^^^^^^^^^^^^^^
  File "/private/tmp/os01-gen15-rebuild.9ny71k/tests/research-score-split/test_archive_unit.py", line 200, in tiny
    value = TinyArchive(*args, **kwargs)
            ^^^^^^^^^^^^^^^^^^^^^^^^^^^^
  File "/private/tmp/os01-gen15-rebuild.9ny71k/tests/research-score-split/test_archive_unit.py", line 142, in __init__
    self.save()
  File "/private/tmp/os01-gen15-rebuild.9ny71k/tests/research-score-split/test_archive_unit.py", line 159, in save
    self.archive = a.Archive(self.directory, self.manifest_hash, a.sha(raw))
                   ^^^^^^^^^^^^^^^^^^^^^^^^^^^^^^^^^^^^^^^^^^^^^^^^^^^^^^^^^
  File "/private/tmp/os01-gen15-rebuild.9ny71k/scripts/research_score_conditional_admission.py", line 79, in __init__
    index = parse(bound(self.directory / 'artifact-index.json', index_sha256))
                  ^^^^^^^^^^^^^^^^^^^^^^^^^^^^^^^^^^^^^^^^^^^^^^^^^^^^^^^^^^^
  File "/private/tmp/os01-gen15-rebuild.9ny71k/scripts/research_score_conditional_admission.py", line 68, in bound
    raw = read_regular(Path(path))
          ^^^^^^^^^^^^^^^^^^^^^^^^
  File "/private/tmp/os01-gen15-rebuild.9ny71k/scripts/research_score_contract.py", line 37, in read_regular
    following = os.open(component, os.O_RDONLY | os.O_DIRECTORY | os.O_NOFOLLOW, dir_fd=directory)
                ^^^^^^^^^^^^^^^^^^^^^^^^^^^^^^^^^^^^^^^^^^^^^^^^^^^^^^^^^^^^^^^^^^^^^^^^^^^^^^^^^^
NotADirectoryError: [Errno 20] Not a directory: 'var'

======================================================================
ERROR: test_full_native_failure_uses_own_N0_setting0_before_outer_exists (test_archive_unit.ArchiveTests.test_full_native_failure_uses_own_N0_setting0_before_outer_exists)
----------------------------------------------------------------------
Traceback (most recent call last):
  File "/private/tmp/os01-gen15-rebuild.9ny71k/tests/research-score-split/test_archive_unit.py", line 335, in test_full_native_failure_uses_own_N0_setting0_before_outer_exists
    x = self.tiny()
        ^^^^^^^^^^^
  File "/private/tmp/os01-gen15-rebuild.9ny71k/tests/research-score-split/test_archive_unit.py", line 200, in tiny
    value = TinyArchive(*args, **kwargs)
            ^^^^^^^^^^^^^^^^^^^^^^^^^^^^
  File "/private/tmp/os01-gen15-rebuild.9ny71k/tests/research-score-split/test_archive_unit.py", line 142, in __init__
    self.save()
  File "/private/tmp/os01-gen15-rebuild.9ny71k/tests/research-score-split/test_archive_unit.py", line 159, in save
    self.archive = a.Archive(self.directory, self.manifest_hash, a.sha(raw))
                   ^^^^^^^^^^^^^^^^^^^^^^^^^^^^^^^^^^^^^^^^^^^^^^^^^^^^^^^^^
  File "/private/tmp/os01-gen15-rebuild.9ny71k/scripts/research_score_conditional_admission.py", line 79, in __init__
    index = parse(bound(self.directory / 'artifact-index.json', index_sha256))
                  ^^^^^^^^^^^^^^^^^^^^^^^^^^^^^^^^^^^^^^^^^^^^^^^^^^^^^^^^^^^
  File "/private/tmp/os01-gen15-rebuild.9ny71k/scripts/research_score_conditional_admission.py", line 68, in bound
    raw = read_regular(Path(path))
          ^^^^^^^^^^^^^^^^^^^^^^^^
  File "/private/tmp/os01-gen15-rebuild.9ny71k/scripts/research_score_contract.py", line 37, in read_regular
    following = os.open(component, os.O_RDONLY | os.O_DIRECTORY | os.O_NOFOLLOW, dir_fd=directory)
                ^^^^^^^^^^^^^^^^^^^^^^^^^^^^^^^^^^^^^^^^^^^^^^^^^^^^^^^^^^^^^^^^^^^^^^^^^^^^^^^^^^
NotADirectoryError: [Errno 20] Not a directory: 'var'

======================================================================
ERROR: test_import_inert_and_production_has_no_fixture_bypass (test_archive_unit.ArchiveTests.test_import_inert_and_production_has_no_fixture_bypass)
----------------------------------------------------------------------
Traceback (most recent call last):
  File "/private/tmp/os01-gen15-rebuild.9ny71k/tests/research-score-split/test_archive_unit.py", line 210, in test_import_inert_and_production_has_no_fixture_bypass
    a.admit_source(path, lambda: None)
  File "/private/tmp/os01-gen15-rebuild.9ny71k/scripts/research_score_split_archive.py", line 432, in admit_source
    bound(root / PROTOCOL_PATH, PROTOCOL_SHA)
  File "/private/tmp/os01-gen15-rebuild.9ny71k/scripts/research_score_conditional_admission.py", line 68, in bound
    raw = read_regular(Path(path))
          ^^^^^^^^^^^^^^^^^^^^^^^^
  File "/private/tmp/os01-gen15-rebuild.9ny71k/scripts/research_score_contract.py", line 37, in read_regular
    following = os.open(component, os.O_RDONLY | os.O_DIRECTORY | os.O_NOFOLLOW, dir_fd=directory)
                ^^^^^^^^^^^^^^^^^^^^^^^^^^^^^^^^^^^^^^^^^^^^^^^^^^^^^^^^^^^^^^^^^^^^^^^^^^^^^^^^^^
NotADirectoryError: [Errno 20] Not a directory: 'var'

======================================================================
ERROR: test_lazy_saved_law_recovery_never_calls_fit_or_score (test_archive_unit.ArchiveTests.test_lazy_saved_law_recovery_never_calls_fit_or_score)
----------------------------------------------------------------------
Traceback (most recent call last):
  File "/private/tmp/os01-gen15-rebuild.9ny71k/tests/research-score-split/test_archive_unit.py", line 362, in test_lazy_saved_law_recovery_never_calls_fit_or_score
    x = self.tiny()
        ^^^^^^^^^^^
  File "/private/tmp/os01-gen15-rebuild.9ny71k/tests/research-score-split/test_archive_unit.py", line 200, in tiny
    value = TinyArchive(*args, **kwargs)
            ^^^^^^^^^^^^^^^^^^^^^^^^^^^^
  File "/private/tmp/os01-gen15-rebuild.9ny71k/tests/research-score-split/test_archive_unit.py", line 142, in __init__
    self.save()
  File "/private/tmp/os01-gen15-rebuild.9ny71k/tests/research-score-split/test_archive_unit.py", line 159, in save
    self.archive = a.Archive(self.directory, self.manifest_hash, a.sha(raw))
                   ^^^^^^^^^^^^^^^^^^^^^^^^^^^^^^^^^^^^^^^^^^^^^^^^^^^^^^^^^
  File "/private/tmp/os01-gen15-rebuild.9ny71k/scripts/research_score_conditional_admission.py", line 79, in __init__
    index = parse(bound(self.directory / 'artifact-index.json', index_sha256))
                  ^^^^^^^^^^^^^^^^^^^^^^^^^^^^^^^^^^^^^^^^^^^^^^^^^^^^^^^^^^^
  File "/private/tmp/os01-gen15-rebuild.9ny71k/scripts/research_score_conditional_admission.py", line 68, in bound
    raw = read_regular(Path(path))
          ^^^^^^^^^^^^^^^^^^^^^^^^
  File "/private/tmp/os01-gen15-rebuild.9ny71k/scripts/research_score_contract.py", line 37, in read_regular
    following = os.open(component, os.O_RDONLY | os.O_DIRECTORY | os.O_NOFOLLOW, dir_fd=directory)
                ^^^^^^^^^^^^^^^^^^^^^^^^^^^^^^^^^^^^^^^^^^^^^^^^^^^^^^^^^^^^^^^^^^^^^^^^^^^^^^^^^^
NotADirectoryError: [Errno 20] Not a directory: 'var'

======================================================================
ERROR: test_native_cache_types_order_events_and_rehashed_state (test_archive_unit.ArchiveTests.test_native_cache_types_order_events_and_rehashed_state) (mutation='bool_setting')
----------------------------------------------------------------------
Traceback (most recent call last):
  File "/private/tmp/os01-gen15-rebuild.9ny71k/tests/research-score-split/test_archive_unit.py", line 282, in test_native_cache_types_order_events_and_rehashed_state
    x = self.tiny()
        ^^^^^^^^^^^
  File "/private/tmp/os01-gen15-rebuild.9ny71k/tests/research-score-split/test_archive_unit.py", line 200, in tiny
    value = TinyArchive(*args, **kwargs)
            ^^^^^^^^^^^^^^^^^^^^^^^^^^^^
  File "/private/tmp/os01-gen15-rebuild.9ny71k/tests/research-score-split/test_archive_unit.py", line 142, in __init__
    self.save()
  File "/private/tmp/os01-gen15-rebuild.9ny71k/tests/research-score-split/test_archive_unit.py", line 159, in save
    self.archive = a.Archive(self.directory, self.manifest_hash, a.sha(raw))
                   ^^^^^^^^^^^^^^^^^^^^^^^^^^^^^^^^^^^^^^^^^^^^^^^^^^^^^^^^^
  File "/private/tmp/os01-gen15-rebuild.9ny71k/scripts/research_score_conditional_admission.py", line 79, in __init__
    index = parse(bound(self.directory / 'artifact-index.json', index_sha256))
                  ^^^^^^^^^^^^^^^^^^^^^^^^^^^^^^^^^^^^^^^^^^^^^^^^^^^^^^^^^^^
  File "/private/tmp/os01-gen15-rebuild.9ny71k/scripts/research_score_conditional_admission.py", line 68, in bound
    raw = read_regular(Path(path))
          ^^^^^^^^^^^^^^^^^^^^^^^^
  File "/private/tmp/os01-gen15-rebuild.9ny71k/scripts/research_score_contract.py", line 37, in read_regular
    following = os.open(component, os.O_RDONLY | os.O_DIRECTORY | os.O_NOFOLLOW, dir_fd=directory)
                ^^^^^^^^^^^^^^^^^^^^^^^^^^^^^^^^^^^^^^^^^^^^^^^^^^^^^^^^^^^^^^^^^^^^^^^^^^^^^^^^^^
NotADirectoryError: [Errno 20] Not a directory: 'var'

======================================================================
ERROR: test_native_cache_types_order_events_and_rehashed_state (test_archive_unit.ArchiveTests.test_native_cache_types_order_events_and_rehashed_state) (mutation='wrong_target')
----------------------------------------------------------------------
Traceback (most recent call last):
  File "/private/tmp/os01-gen15-rebuild.9ny71k/tests/research-score-split/test_archive_unit.py", line 282, in test_native_cache_types_order_events_and_rehashed_state
    x = self.tiny()
        ^^^^^^^^^^^
  File "/private/tmp/os01-gen15-rebuild.9ny71k/tests/research-score-split/test_archive_unit.py", line 200, in tiny
    value = TinyArchive(*args, **kwargs)
            ^^^^^^^^^^^^^^^^^^^^^^^^^^^^
  File "/private/tmp/os01-gen15-rebuild.9ny71k/tests/research-score-split/test_archive_unit.py", line 142, in __init__
    self.save()
  File "/private/tmp/os01-gen15-rebuild.9ny71k/tests/research-score-split/test_archive_unit.py", line 159, in save
    self.archive = a.Archive(self.directory, self.manifest_hash, a.sha(raw))
                   ^^^^^^^^^^^^^^^^^^^^^^^^^^^^^^^^^^^^^^^^^^^^^^^^^^^^^^^^^
  File "/private/tmp/os01-gen15-rebuild.9ny71k/scripts/research_score_conditional_admission.py", line 79, in __init__
    index = parse(bound(self.directory / 'artifact-index.json', index_sha256))
                  ^^^^^^^^^^^^^^^^^^^^^^^^^^^^^^^^^^^^^^^^^^^^^^^^^^^^^^^^^^^
  File "/private/tmp/os01-gen15-rebuild.9ny71k/scripts/research_score_conditional_admission.py", line 68, in bound
    raw = read_regular(Path(path))
          ^^^^^^^^^^^^^^^^^^^^^^^^
  File "/private/tmp/os01-gen15-rebuild.9ny71k/scripts/research_score_contract.py", line 37, in read_regular
    following = os.open(component, os.O_RDONLY | os.O_DIRECTORY | os.O_NOFOLLOW, dir_fd=directory)
                ^^^^^^^^^^^^^^^^^^^^^^^^^^^^^^^^^^^^^^^^^^^^^^^^^^^^^^^^^^^^^^^^^^^^^^^^^^^^^^^^^^
NotADirectoryError: [Errno 20] Not a directory: 'var'

======================================================================
ERROR: test_native_cache_types_order_events_and_rehashed_state (test_archive_unit.ArchiveTests.test_native_cache_types_order_events_and_rehashed_state) (mutation='wrong_delivery')
----------------------------------------------------------------------
Traceback (most recent call last):
  File "/private/tmp/os01-gen15-rebuild.9ny71k/tests/research-score-split/test_archive_unit.py", line 282, in test_native_cache_types_order_events_and_rehashed_state
    x = self.tiny()
        ^^^^^^^^^^^
  File "/private/tmp/os01-gen15-rebuild.9ny71k/tests/research-score-split/test_archive_unit.py", line 200, in tiny
    value = TinyArchive(*args, **kwargs)
            ^^^^^^^^^^^^^^^^^^^^^^^^^^^^
  File "/private/tmp/os01-gen15-rebuild.9ny71k/tests/research-score-split/test_archive_unit.py", line 142, in __init__
    self.save()
  File "/private/tmp/os01-gen15-rebuild.9ny71k/tests/research-score-split/test_archive_unit.py", line 159, in save
    self.archive = a.Archive(self.directory, self.manifest_hash, a.sha(raw))
                   ^^^^^^^^^^^^^^^^^^^^^^^^^^^^^^^^^^^^^^^^^^^^^^^^^^^^^^^^^
  File "/private/tmp/os01-gen15-rebuild.9ny71k/scripts/research_score_conditional_admission.py", line 79, in __init__
    index = parse(bound(self.directory / 'artifact-index.json', index_sha256))
                  ^^^^^^^^^^^^^^^^^^^^^^^^^^^^^^^^^^^^^^^^^^^^^^^^^^^^^^^^^^^
  File "/private/tmp/os01-gen15-rebuild.9ny71k/scripts/research_score_conditional_admission.py", line 68, in bound
    raw = read_regular(Path(path))
          ^^^^^^^^^^^^^^^^^^^^^^^^
  File "/private/tmp/os01-gen15-rebuild.9ny71k/scripts/research_score_contract.py", line 37, in read_regular
    following = os.open(component, os.O_RDONLY | os.O_DIRECTORY | os.O_NOFOLLOW, dir_fd=directory)
                ^^^^^^^^^^^^^^^^^^^^^^^^^^^^^^^^^^^^^^^^^^^^^^^^^^^^^^^^^^^^^^^^^^^^^^^^^^^^^^^^^^
NotADirectoryError: [Errno 20] Not a directory: 'var'

======================================================================
ERROR: test_native_cache_types_order_events_and_rehashed_state (test_archive_unit.ArchiveTests.test_native_cache_types_order_events_and_rehashed_state) (mutation='nonfinite_mean')
----------------------------------------------------------------------
Traceback (most recent call last):
  File "/private/tmp/os01-gen15-rebuild.9ny71k/tests/research-score-split/test_archive_unit.py", line 282, in test_native_cache_types_order_events_and_rehashed_state
    x = self.tiny()
        ^^^^^^^^^^^
  File "/private/tmp/os01-gen15-rebuild.9ny71k/tests/research-score-split/test_archive_unit.py", line 200, in tiny
    value = TinyArchive(*args, **kwargs)
            ^^^^^^^^^^^^^^^^^^^^^^^^^^^^
  File "/private/tmp/os01-gen15-rebuild.9ny71k/tests/research-score-split/test_archive_unit.py", line 142, in __init__
    self.save()
  File "/private/tmp/os01-gen15-rebuild.9ny71k/tests/research-score-split/test_archive_unit.py", line 159, in save
    self.archive = a.Archive(self.directory, self.manifest_hash, a.sha(raw))
                   ^^^^^^^^^^^^^^^^^^^^^^^^^^^^^^^^^^^^^^^^^^^^^^^^^^^^^^^^^
  File "/private/tmp/os01-gen15-rebuild.9ny71k/scripts/research_score_conditional_admission.py", line 79, in __init__
    index = parse(bound(self.directory / 'artifact-index.json', index_sha256))
                  ^^^^^^^^^^^^^^^^^^^^^^^^^^^^^^^^^^^^^^^^^^^^^^^^^^^^^^^^^^^
  File "/private/tmp/os01-gen15-rebuild.9ny71k/scripts/research_score_conditional_admission.py", line 68, in bound
    raw = read_regular(Path(path))
          ^^^^^^^^^^^^^^^^^^^^^^^^
  File "/private/tmp/os01-gen15-rebuild.9ny71k/scripts/research_score_contract.py", line 37, in read_regular
    following = os.open(component, os.O_RDONLY | os.O_DIRECTORY | os.O_NOFOLLOW, dir_fd=directory)
                ^^^^^^^^^^^^^^^^^^^^^^^^^^^^^^^^^^^^^^^^^^^^^^^^^^^^^^^^^^^^^^^^^^^^^^^^^^^^^^^^^^
NotADirectoryError: [Errno 20] Not a directory: 'var'

======================================================================
ERROR: test_native_cache_types_order_events_and_rehashed_state (test_archive_unit.ArchiveTests.test_native_cache_types_order_events_and_rehashed_state) (mutation='bool_flag')
----------------------------------------------------------------------
Traceback (most recent call last):
  File "/private/tmp/os01-gen15-rebuild.9ny71k/tests/research-score-split/test_archive_unit.py", line 282, in test_native_cache_types_order_events_and_rehashed_state
    x = self.tiny()
        ^^^^^^^^^^^
  File "/private/tmp/os01-gen15-rebuild.9ny71k/tests/research-score-split/test_archive_unit.py", line 200, in tiny
    value = TinyArchive(*args, **kwargs)
            ^^^^^^^^^^^^^^^^^^^^^^^^^^^^
  File "/private/tmp/os01-gen15-rebuild.9ny71k/tests/research-score-split/test_archive_unit.py", line 142, in __init__
    self.save()
  File "/private/tmp/os01-gen15-rebuild.9ny71k/tests/research-score-split/test_archive_unit.py", line 159, in save
    self.archive = a.Archive(self.directory, self.manifest_hash, a.sha(raw))
                   ^^^^^^^^^^^^^^^^^^^^^^^^^^^^^^^^^^^^^^^^^^^^^^^^^^^^^^^^^
  File "/private/tmp/os01-gen15-rebuild.9ny71k/scripts/research_score_conditional_admission.py", line 79, in __init__
    index = parse(bound(self.directory / 'artifact-index.json', index_sha256))
                  ^^^^^^^^^^^^^^^^^^^^^^^^^^^^^^^^^^^^^^^^^^^^^^^^^^^^^^^^^^^
  File "/private/tmp/os01-gen15-rebuild.9ny71k/scripts/research_score_conditional_admission.py", line 68, in bound
    raw = read_regular(Path(path))
          ^^^^^^^^^^^^^^^^^^^^^^^^
  File "/private/tmp/os01-gen15-rebuild.9ny71k/scripts/research_score_contract.py", line 37, in read_regular
    following = os.open(component, os.O_RDONLY | os.O_DIRECTORY | os.O_NOFOLLOW, dir_fd=directory)
                ^^^^^^^^^^^^^^^^^^^^^^^^^^^^^^^^^^^^^^^^^^^^^^^^^^^^^^^^^^^^^^^^^^^^^^^^^^^^^^^^^^
NotADirectoryError: [Errno 20] Not a directory: 'var'

======================================================================
ERROR: test_noeligible_outer_fallback_and_native_reason (test_archive_unit.ArchiveTests.test_noeligible_outer_fallback_and_native_reason)
----------------------------------------------------------------------
Traceback (most recent call last):
  File "/private/tmp/os01-gen15-rebuild.9ny71k/tests/research-score-split/test_archive_unit.py", line 346, in test_noeligible_outer_fallback_and_native_reason
    x = self.tiny(2013)
        ^^^^^^^^^^^^^^^
  File "/private/tmp/os01-gen15-rebuild.9ny71k/tests/research-score-split/test_archive_unit.py", line 200, in tiny
    value = TinyArchive(*args, **kwargs)
            ^^^^^^^^^^^^^^^^^^^^^^^^^^^^
  File "/private/tmp/os01-gen15-rebuild.9ny71k/tests/research-score-split/test_archive_unit.py", line 142, in __init__
    self.save()
  File "/private/tmp/os01-gen15-rebuild.9ny71k/tests/research-score-split/test_archive_unit.py", line 159, in save
    self.archive = a.Archive(self.directory, self.manifest_hash, a.sha(raw))
                   ^^^^^^^^^^^^^^^^^^^^^^^^^^^^^^^^^^^^^^^^^^^^^^^^^^^^^^^^^
  File "/private/tmp/os01-gen15-rebuild.9ny71k/scripts/research_score_conditional_admission.py", line 79, in __init__
    index = parse(bound(self.directory / 'artifact-index.json', index_sha256))
                  ^^^^^^^^^^^^^^^^^^^^^^^^^^^^^^^^^^^^^^^^^^^^^^^^^^^^^^^^^^^
  File "/private/tmp/os01-gen15-rebuild.9ny71k/scripts/research_score_conditional_admission.py", line 68, in bound
    raw = read_regular(Path(path))
          ^^^^^^^^^^^^^^^^^^^^^^^^
  File "/private/tmp/os01-gen15-rebuild.9ny71k/scripts/research_score_contract.py", line 37, in read_regular
    following = os.open(component, os.O_RDONLY | os.O_DIRECTORY | os.O_NOFOLLOW, dir_fd=directory)
                ^^^^^^^^^^^^^^^^^^^^^^^^^^^^^^^^^^^^^^^^^^^^^^^^^^^^^^^^^^^^^^^^^^^^^^^^^^^^^^^^^^
NotADirectoryError: [Errno 20] Not a directory: 'var'

======================================================================
ERROR: test_real_full_population_and_pregame_does_not_open_losses (test_archive_unit.ArchiveTests.test_real_full_population_and_pregame_does_not_open_losses)
----------------------------------------------------------------------
Traceback (most recent call last):
  File "/private/tmp/os01-gen15-rebuild.9ny71k/tests/research-score-split/test_archive_unit.py", line 228, in test_real_full_population_and_pregame_does_not_open_losses
    x = self.tiny()
        ^^^^^^^^^^^
  File "/private/tmp/os01-gen15-rebuild.9ny71k/tests/research-score-split/test_archive_unit.py", line 200, in tiny
    value = TinyArchive(*args, **kwargs)
            ^^^^^^^^^^^^^^^^^^^^^^^^^^^^
  File "/private/tmp/os01-gen15-rebuild.9ny71k/tests/research-score-split/test_archive_unit.py", line 142, in __init__
    self.save()
  File "/private/tmp/os01-gen15-rebuild.9ny71k/tests/research-score-split/test_archive_unit.py", line 159, in save
    self.archive = a.Archive(self.directory, self.manifest_hash, a.sha(raw))
                   ^^^^^^^^^^^^^^^^^^^^^^^^^^^^^^^^^^^^^^^^^^^^^^^^^^^^^^^^^
  File "/private/tmp/os01-gen15-rebuild.9ny71k/scripts/research_score_conditional_admission.py", line 79, in __init__
    index = parse(bound(self.directory / 'artifact-index.json', index_sha256))
                  ^^^^^^^^^^^^^^^^^^^^^^^^^^^^^^^^^^^^^^^^^^^^^^^^^^^^^^^^^^^
  File "/private/tmp/os01-gen15-rebuild.9ny71k/scripts/research_score_conditional_admission.py", line 68, in bound
    raw = read_regular(Path(path))
          ^^^^^^^^^^^^^^^^^^^^^^^^
  File "/private/tmp/os01-gen15-rebuild.9ny71k/scripts/research_score_contract.py", line 37, in read_regular
    following = os.open(component, os.O_RDONLY | os.O_DIRECTORY | os.O_NOFOLLOW, dir_fd=directory)
                ^^^^^^^^^^^^^^^^^^^^^^^^^^^^^^^^^^^^^^^^^^^^^^^^^^^^^^^^^^^^^^^^^^^^^^^^^^^^^^^^^^
NotADirectoryError: [Errno 20] Not a directory: 'var'

======================================================================
ERROR: test_real_index_binding_membership_and_symlink_rejection (test_archive_unit.ArchiveTests.test_real_index_binding_membership_and_symlink_rejection)
----------------------------------------------------------------------
Traceback (most recent call last):
  File "/private/tmp/os01-gen15-rebuild.9ny71k/tests/research-score-split/test_archive_unit.py", line 213, in test_real_index_binding_membership_and_symlink_rejection
    x = self.tiny()
        ^^^^^^^^^^^
  File "/private/tmp/os01-gen15-rebuild.9ny71k/tests/research-score-split/test_archive_unit.py", line 200, in tiny
    value = TinyArchive(*args, **kwargs)
            ^^^^^^^^^^^^^^^^^^^^^^^^^^^^
  File "/private/tmp/os01-gen15-rebuild.9ny71k/tests/research-score-split/test_archive_unit.py", line 142, in __init__
    self.save()
  File "/private/tmp/os01-gen15-rebuild.9ny71k/tests/research-score-split/test_archive_unit.py", line 159, in save
    self.archive = a.Archive(self.directory, self.manifest_hash, a.sha(raw))
                   ^^^^^^^^^^^^^^^^^^^^^^^^^^^^^^^^^^^^^^^^^^^^^^^^^^^^^^^^^
  File "/private/tmp/os01-gen15-rebuild.9ny71k/scripts/research_score_conditional_admission.py", line 79, in __init__
    index = parse(bound(self.directory / 'artifact-index.json', index_sha256))
                  ^^^^^^^^^^^^^^^^^^^^^^^^^^^^^^^^^^^^^^^^^^^^^^^^^^^^^^^^^^^
  File "/private/tmp/os01-gen15-rebuild.9ny71k/scripts/research_score_conditional_admission.py", line 68, in bound
    raw = read_regular(Path(path))
          ^^^^^^^^^^^^^^^^^^^^^^^^
  File "/private/tmp/os01-gen15-rebuild.9ny71k/scripts/research_score_contract.py", line 37, in read_regular
    following = os.open(component, os.O_RDONLY | os.O_DIRECTORY | os.O_NOFOLLOW, dir_fd=directory)
                ^^^^^^^^^^^^^^^^^^^^^^^^^^^^^^^^^^^^^^^^^^^^^^^^^^^^^^^^^^^^^^^^^^^^^^^^^^^^^^^^^^
NotADirectoryError: [Errno 20] Not a directory: 'var'

======================================================================
ERROR: test_rehashed_contradictory_or_missing_lineage (test_archive_unit.ArchiveTests.test_rehashed_contradictory_or_missing_lineage)
----------------------------------------------------------------------
Traceback (most recent call last):
  File "/private/tmp/os01-gen15-rebuild.9ny71k/tests/research-score-split/test_archive_unit.py", line 325, in test_rehashed_contradictory_or_missing_lineage
    x = self.tiny()
        ^^^^^^^^^^^
  File "/private/tmp/os01-gen15-rebuild.9ny71k/tests/research-score-split/test_archive_unit.py", line 200, in tiny
    value = TinyArchive(*args, **kwargs)
            ^^^^^^^^^^^^^^^^^^^^^^^^^^^^
  File "/private/tmp/os01-gen15-rebuild.9ny71k/tests/research-score-split/test_archive_unit.py", line 142, in __init__
    self.save()
  File "/private/tmp/os01-gen15-rebuild.9ny71k/tests/research-score-split/test_archive_unit.py", line 159, in save
    self.archive = a.Archive(self.directory, self.manifest_hash, a.sha(raw))
                   ^^^^^^^^^^^^^^^^^^^^^^^^^^^^^^^^^^^^^^^^^^^^^^^^^^^^^^^^^
  File "/private/tmp/os01-gen15-rebuild.9ny71k/scripts/research_score_conditional_admission.py", line 79, in __init__
    index = parse(bound(self.directory / 'artifact-index.json', index_sha256))
                  ^^^^^^^^^^^^^^^^^^^^^^^^^^^^^^^^^^^^^^^^^^^^^^^^^^^^^^^^^^^
  File "/private/tmp/os01-gen15-rebuild.9ny71k/scripts/research_score_conditional_admission.py", line 68, in bound
    raw = read_regular(Path(path))
          ^^^^^^^^^^^^^^^^^^^^^^^^
  File "/private/tmp/os01-gen15-rebuild.9ny71k/scripts/research_score_contract.py", line 37, in read_regular
    following = os.open(component, os.O_RDONLY | os.O_DIRECTORY | os.O_NOFOLLOW, dir_fd=directory)
                ^^^^^^^^^^^^^^^^^^^^^^^^^^^^^^^^^^^^^^^^^^^^^^^^^^^^^^^^^^^^^^^^^^^^^^^^^^^^^^^^^^
NotADirectoryError: [Errno 20] Not a directory: 'var'

======================================================================
FAIL: test_both_real_closures_and_mapper_weight_b_tampering (test_archive_unit.ArchiveTests.test_both_real_closures_and_mapper_weight_b_tampering)
----------------------------------------------------------------------
Traceback (most recent call last):
  File "/private/tmp/os01-gen15-rebuild.9ny71k/tests/research-score-split/test_archive_unit.py", line 306, in test_both_real_closures_and_mapper_weight_b_tampering
    with self.assertRaisesRegex(ValueError, 'mapper_empirical'):
AssertionError: ValueError not raised

----------------------------------------------------------------------
Ran 18 tests in 0.390s

FAILED (failures=1, errors=14)
