test_12_24_boundary_is_real_prepare_origin (test_archive_unit.ArchiveTests.test_12_24_boundary_is_real_prepare_origin) ... ok
test_all_40_outer_series_and_different_metric_schema (test_archive_unit.ArchiveTests.test_all_40_outer_series_and_different_metric_schema) ... ok
test_both_real_closures_and_mapper_weight_b_tampering (test_archive_unit.ArchiveTests.test_both_real_closures_and_mapper_weight_b_tampering) ... ok
test_context_copies_origin_and_record_universe_are_immutable (test_archive_unit.ArchiveTests.test_context_copies_origin_and_record_universe_are_immutable) ... ok
test_exact_warmup_preserves_finite_native_means (test_archive_unit.ArchiveTests.test_exact_warmup_preserves_finite_native_means) ... FAIL
test_full_native_failure_uses_own_N0_setting0_before_outer_exists (test_archive_unit.ArchiveTests.test_full_native_failure_uses_own_N0_setting0_before_outer_exists) ... ok
test_grade_authenticates_publication_before_any_source_or_label_open (test_archive_unit.ArchiveTests.test_grade_authenticates_publication_before_any_source_or_label_open) ... ok
test_import_inert_and_production_has_no_fixture_bypass (test_archive_unit.ArchiveTests.test_import_inert_and_production_has_no_fixture_bypass) ... ok
test_lazy_saved_law_recovery_never_calls_fit_or_score (test_archive_unit.ArchiveTests.test_lazy_saved_law_recovery_never_calls_fit_or_score) ... ok
test_native_cache_types_order_events_and_rehashed_state (test_archive_unit.ArchiveTests.test_native_cache_types_order_events_and_rehashed_state) ... ok
test_native_initialization_uses_actual_mean_trajectory_helper (test_archive_unit.ArchiveTests.test_native_initialization_uses_actual_mean_trajectory_helper) ... ok
test_noeligible_outer_fallback_and_native_reason (test_archive_unit.ArchiveTests.test_noeligible_outer_fallback_and_native_reason) ... ok
test_publication_owner_complete_order_raw_references_outcome_free (test_archive_unit.ArchiveTests.test_publication_owner_complete_order_raw_references_outcome_free) ... ok
test_real_full_population_and_pregame_does_not_open_losses (test_archive_unit.ArchiveTests.test_real_full_population_and_pregame_does_not_open_losses) ... ok
test_real_index_binding_membership_and_symlink_rejection (test_archive_unit.ArchiveTests.test_real_index_binding_membership_and_symlink_rejection) ... ok
test_rehashed_contradictory_or_missing_lineage (test_archive_unit.ArchiveTests.test_rehashed_contradictory_or_missing_lineage) ... ok
test_selector_prior_universe_cached_integrity_and_season_before_add (test_archive_unit.ArchiveTests.test_selector_prior_universe_cached_integrity_and_season_before_add) ... ok
test_selector_typed_batch_is_atomic_and_requires_bound_publication (test_archive_unit.ArchiveTests.test_selector_typed_batch_is_atomic_and_requires_bound_publication) ... ok

======================================================================
FAIL: test_exact_warmup_preserves_finite_native_means (test_archive_unit.ArchiveTests.test_exact_warmup_preserves_finite_native_means)
----------------------------------------------------------------------
ValueError: invalid_target_origin

During handling of the above exception, another exception occurred:

Traceback (most recent call last):
  File "/private/tmp/os01-gen15-rebuild.9ny71k/tests/research-score-split/test_archive_unit.py", line 264, in test_exact_warmup_preserves_finite_native_means
    with self.assertRaisesRegex(ValueError, 'unregistered_warmup_exception'):
AssertionError: "unregistered_warmup_exception" does not match "invalid_target_origin"

----------------------------------------------------------------------
Ran 18 tests in 0.849s

FAILED (failures=1)
