{
  "target_percent": {
    "selected_qb": 89.4,
    "chart_qb": 85.6,
    "depth_first_qb": 89.1
  },
  "reported_team_games": 1982,
  "common_nonweek1": {
    "team_games": 1980,
    "unique_games": 991,
    "selected_qb": 0.9095959595959596,
    "chart_qb": 0.8545454545454545,
    "depth_first_qb": 0.8909090909090909
  },
  "including_week1": {
    "team_games": 2108,
    "unique_games": 1055,
    "selected_qb": 0.9141366223908919,
    "chart_qb": 0.8624288425047438,
    "depth_first_qb": 0.896584440227704
  },
  "by_season": {
    "2016": {
      "team_games": 480,
      "unique_games": 240,
      "selected_qb": 0.925,
      "chart_qb": 0.8895833333333333,
      "depth_first_qb": 0.9208333333333333
    },
    "2019": {
      "team_games": 480,
      "unique_games": 240,
      "selected_qb": 0.9166666666666666,
      "chart_qb": 0.8625,
      "depth_first_qb": 0.8979166666666667
    },
    "2022": {
      "team_games": 509,
      "unique_games": 255,
      "selected_qb": 0.899803536345776,
      "chart_qb": 0.8408644400785854,
      "depth_first_qb": 0.888015717092338
    },
    "2024": {
      "team_games": 511,
      "unique_games": 256,
      "selected_qb": 0.898238747553816,
      "chart_qb": 0.8277886497064579,
      "depth_first_qb": 0.8590998043052838
    }
  },
  "coverage": {
    "2016": {
      "team_games": 512,
      "selected": 512,
      "UNTIMESTAMPED": 44,
      "missing_actual": 0
    },
    "2017": {
      "team_games": 512,
      "selected": 510,
      "UNTIMESTAMPED": 32,
      "missing_actual": 1
    },
    "2018": {
      "team_games": 512,
      "selected": 512,
      "UNTIMESTAMPED": 38,
      "missing_actual": 0
    },
    "2019": {
      "team_games": 512,
      "selected": 512,
      "UNTIMESTAMPED": 37,
      "missing_actual": 0
    },
    "2020": {
      "team_games": 512,
      "selected": 507,
      "UNTIMESTAMPED": 44,
      "missing_actual": 5
    },
    "2021": {
      "team_games": 544,
      "selected": 544,
      "UNTIMESTAMPED": 41,
      "missing_actual": 0
    },
    "2022": {
      "team_games": 542,
      "selected": 542,
      "UNTIMESTAMPED": 48,
      "missing_actual": 1
    },
    "2023": {
      "team_games": 544,
      "selected": 544,
      "UNTIMESTAMPED": 44,
      "missing_actual": 2
    },
    "2024": {
      "team_games": 544,
      "selected": 544,
      "UNTIMESTAMPED": 40,
      "missing_actual": 1
    },
    "2025": {
      "team_games": 544,
      "selected": 544,
      "UNTIMESTAMPED": 32,
      "missing_actual": 2
    }
  },
  "ambiguity_2022": {
    "multiple_passers": 85,
    "within_five_attempts": 5
  },
  "pooled_reproduction_within_1pp": false,
  "season_targets": {
    "2016": 90.4,
    "2019": 90.8,
    "2022": 87.6,
    "2024": 88.7
  },
  "season_reproduction_within_1pp": false,
  "table": {
    "path": "work/e-elo-qb-value-v2/starter-table-9dcc92523bcf8180a05bd948b0e7ccc451888cc50200dde7924e2e5e7e6f0083.json",
    "sha256": "9dcc92523bcf8180a05bd948b0e7ccc451888cc50200dde7924e2e5e7e6f0083"
  }
}
{'n_team_games': 2806, 'sample': '2018-2024REG;four current-season completedgames;selectedQB cumulative earlier2014+EPA/attempt;common complete cases', 'in_sample_only': True, 'scoring_only': {'coefficients': [13.585510449317528, 0.40479612027264766], 'mae': 7.794422396644951}, 'with_qb': {'coefficients': [15.877177932807632, 0.2905674704946991, 8.946028733657455], 'mae': 7.7322787732565565}, 'relative_gain': 0.007972832395527263}
CPOE play_by_play_1999.parquet
CPOE play_by_play_2000.parquet
CPOE play_by_play_2001.parquet
CPOE play_by_play_2002.parquet
CPOE play_by_play_2003.parquet
CPOE play_by_play_2004.parquet
CPOE play_by_play_2005.parquet
CPOE play_by_play_2006.parquet
CPOE play_by_play_2007.parquet
CPOE play_by_play_2008.parquet
CPOE play_by_play_2009.parquet
CPOE play_by_play_2010.parquet
CPOE play_by_play_2011.parquet
CPOE play_by_play_2012.parquet
CPOE play_by_play_2013.parquet
CPOE play_by_play_2014.parquet
CPOE play_by_play_2015.parquet
CPOE play_by_play_2016.parquet
CPOE play_by_play_2017.parquet
CPOE play_by_play_2018.parquet
CPOE play_by_play_2019.parquet
CPOE play_by_play_2020.parquet
CPOE play_by_play_2021.parquet
CPOE play_by_play_2022.parquet
CPOE play_by_play_2023.parquet
CPOE play_by_play_2024.parquet
CPOE play_by_play_2025.parquet
{
  "coverage": {
    "2014": {
      "epa": 512,
      "combined": 486
    },
    "2015": {
      "epa": 512,
      "combined": 483
    },
    "2016": {
      "epa": 512,
      "combined": 490
    },
    "2017": {
      "epa": 510,
      "combined": 463
    },
    "2018": {
      "epa": 512,
      "combined": 512
    },
    "2019": {
      "epa": 512,
      "combined": 512
    },
    "2020": {
      "epa": 507,
      "combined": 449
    },
    "2021": {
      "epa": 544,
      "combined": 489
    },
    "2022": {
      "epa": 542,
      "combined": 465
    },
    "2023": {
      "epa": 544,
      "combined": 441
    },
    "2024": {
      "epa": 544,
      "combined": 506
    },
    "2025": {
      "epa": 544,
      "combined": 529
    }
  },
  "values": {
    "path": "work/e-elo-qb-value-v2/value-windows-78178c5ddcc11a444b1316c12303cc565cc9ab8febfabc62f2c5c2de437591c8.json",
    "sha256": "78178c5ddcc11a444b1316c12303cc565cc9ab8febfabc62f2c5c2de437591c8"
  }
}
