{
  "state": "CAPTURED_FIRST_GRADE_DIAGNOSTICS_VERIFIED",
  "games": 30,
  "independent_scalar_checks": 3742,
  "maximum_absolute_difference": 1.4210854715202004e-14,
  "row_order_invariant": true,
  "protected_originals_unchanged": 53,
  "board_ref": {
    "path": "outputs/projection-v3/board.json",
    "sha256": "aa21ac2bd0b76679ee42c6ba8890441b584c73467413efa88b597d1574587385"
  },
  "source_files": {
    "engine/projection/weekly_diagnostics.py": "fb5d9b64b7af682c3c078f4c41b27f3cc490331058cc58d4bfbe6f32a4aaf1d5",
    "scripts/projection_learning.py": "f46df8997a8d7baf7842e17f8f72c9373d46a25e3022047fe9f12ce94aec7dd3",
    "work/engine-rebuild/check_weekly_diagnostics.py": "a0cb70ef623e37ca86b94e956b7affe56f7f52eaa25d9501b9ff1fcbcc42743f"
  },
  "provenance_counts": {
    "first_grades": 30,
    "separately_retained_locks": 22,
    "board_differences": 0,
    "calibration_status": {
      "LEGACY_EXACT_COMPONENTS": 18,
      "LEGACY_UNIQUE_FIT_RECONSTRUCTION": 12
    }
  },
  "shortfalls": [
    {
      "game_id": "2026_01_NE_SEA",
      "needs": "Immutable original first-grade record",
      "evidence": "RETROSPECTIVE"
    },
    {
      "game_id": "2026_01_SF_LA",
      "needs": "Immutable original first-grade record",
      "evidence": "RETROSPECTIVE"
    }
  ],
  "elapsed_seconds": 2.108085999992909,
  "scope": "Read-only original grade/calibration arithmetic; bootstrap fixture verifies pairing. No improved accuracy, fitted candidate, independent historical holdout, activation or public-site claim.",
  "report_sha256": "d68a73caf2555ee1f7858d156c5e9c2e51e93c8e30568675e9898ca4d67a2763"
}
