test_allocation_bounds_precede_dense_allocation (test_adapter.AdapterTests.test_allocation_bounds_precede_dense_allocation) ... ok
test_background_only_and_total_zero (test_adapter.AdapterTests.test_background_only_and_total_zero) ... ok
test_calibration_balanced_unequal_means_and_direct_enumeration (test_adapter.AdapterTests.test_calibration_balanced_unequal_means_and_direct_enumeration) ... ok
test_calibration_case_background_only_total_and_zero (test_adapter.AdapterTests.test_calibration_case_background_only_total_and_zero) ... ok
test_calibration_case_invalid_observations_and_total_rates (test_adapter.AdapterTests.test_calibration_case_invalid_observations_and_total_rates) ... ok
test_calibration_extreme_log_mass_imbalance_rejected (test_adapter.AdapterTests.test_calibration_extreme_log_mass_imbalance_rejected) ... ok
test_calibration_vector_is_copied_and_constructor_is_observation_only (test_adapter.AdapterTests.test_calibration_vector_is_copied_and_constructor_is_observation_only) ... ok
test_exact_class_independence_and_invalid_fields (test_adapter.AdapterTests.test_exact_class_independence_and_invalid_fields) ... ok
test_fingerprints_cover_every_field_and_c_order_not_strides (test_adapter.AdapterTests.test_fingerprints_cover_every_field_and_c_order_not_strides) ... ok
test_hand_computable_law_and_background_unchanged (test_adapter.AdapterTests.test_hand_computable_law_and_background_unchanged) ... ok
test_identity_complete_original_methods_and_canonical_metrics (test_adapter.AdapterTests.test_identity_complete_original_methods_and_canonical_metrics) ... ok
test_identity_copies_every_field_dtype_bytes_and_logical_order (test_adapter.AdapterTests.test_identity_copies_every_field_dtype_bytes_and_logical_order) ... ok
test_imports_exclude_fit_history_and_replay_controllers (test_adapter.AdapterTests.test_imports_exclude_fit_history_and_replay_controllers) ... ok
test_mass_near_tolerance_is_preserved_without_renormalization (test_adapter.AdapterTests.test_mass_near_tolerance_is_preserved_without_renormalization) ... ok
test_multiple_totals_mass_means_and_dependence_change (test_adapter.AdapterTests.test_multiple_totals_mass_means_and_dependence_change) ... ok
test_nonidentity_full_support_and_original_scorer_certificates (test_adapter.AdapterTests.test_nonidentity_full_support_and_original_scorer_certificates) ... ok
test_nonidentity_never_aliases_or_mutates_inputs (test_adapter.AdapterTests.test_nonidentity_never_aliases_or_mutates_inputs) ... ok
test_reversal_and_input_permutation (test_adapter.AdapterTests.test_reversal_and_input_permutation) ... ok
test_small_positive_mass_and_explicit_losses (test_adapter.AdapterTests.test_small_positive_mass_and_explicit_losses) ... ok
test_authenticated_archive_pointer_and_all_file_corruption_checks (test_admission.AdmissionTests.test_authenticated_archive_pointer_and_all_file_corruption_checks) ... ok
test_complete_series_rows_and_failure_ledger_membership (test_admission.AdmissionTests.test_complete_series_rows_and_failure_ledger_membership) ... ok
test_components_only_recovery_is_exact_and_never_fits (test_admission.AdmissionTests.test_components_only_recovery_is_exact_and_never_fits) ... ok
test_duplicate_json_keys_and_nonfinite_constants_rejected (test_admission.AdmissionTests.test_duplicate_json_keys_and_nonfinite_constants_rejected) ... ok
test_identity_keys_follow_original_origin_and_target_order (test_admission.AdmissionTests.test_identity_keys_follow_original_origin_and_target_order) ... ok
test_mapper_source_support_and_bounds_checked_without_refit (test_admission.AdmissionTests.test_mapper_source_support_and_bounds_checked_without_refit) ... ok
test_missing_later_file_invalidates_global_admission (test_admission.AdmissionTests.test_missing_later_file_invalidates_global_admission) ... ok
test_prior_availability_is_strict_and_both_delay_regimes_checked (test_admission.AdmissionTests.test_prior_availability_is_strict_and_both_delay_regimes_checked) ... ok
test_prior_closure_excludes_current_future_and_partitions_native_failures (test_admission.AdmissionTests.test_prior_closure_excludes_current_future_and_partitions_native_failures) ... ok
test_production_population_and_pins_cannot_be_replaced_by_small_fixture (test_admission.AdmissionTests.test_production_population_and_pins_cannot_be_replaced_by_small_fixture) ... ok
test_raw_independence_is_bound_to_full_fields_and_failure (test_admission.AdmissionTests.test_raw_independence_is_bound_to_full_fields_and_failure) ... ok
test_requested_report_is_exclusive_and_parent_is_read_only (test_admission.AdmissionTests.test_requested_report_is_exclusive_and_parent_is_read_only) ... ok
test_saved_component_moment_and_flag_changes_rejected (test_admission.AdmissionTests.test_saved_component_moment_and_flag_changes_rejected) ... ok
test_selected_original_setting_and_native_requested_mean_chain (test_admission.AdmissionTests.test_selected_original_setting_and_native_requested_mean_chain) ... ok
test_selection_receipt_recomputed_from_only_original_inner_losses (test_admission.AdmissionTests.test_selection_receipt_recomputed_from_only_original_inner_losses) ... ok
test_source_has_no_parameter_estimation_scoring_or_solver_calls (test_admission.AdmissionTests.test_source_has_no_parameter_estimation_scoring_or_solver_calls) ... ok
test_unsafe_index_names_and_symlinks_are_rejected (test_admission.AdmissionTests.test_unsafe_index_names_and_symlinks_are_rejected) ... ok
test_background_only_flat_and_upper_boundaries (test_conditional_margin.ConditionalMarginTests.test_background_only_flat_and_upper_boundaries) ... ok
test_exact_identity_preserves_bytes_dtype_zeros_and_original (test_conditional_margin.ConditionalMarginTests.test_exact_identity_preserves_bytes_dtype_zeros_and_original) ... ok
test_invalid_training_arrays_and_values (test_conditional_margin.ConditionalMarginTests.test_invalid_training_arrays_and_values) ... ok
test_invalid_vectors_scale_and_complete_length (test_conditional_margin.ConditionalMarginTests.test_invalid_vectors_scale_and_complete_length) ... ok
test_minimum_integer_law_and_integer_boundary_mean (test_conditional_margin.ConditionalMarginTests.test_minimum_integer_law_and_integer_boundary_mean) ... ok
test_mixed_cases_weight_scaling_and_permutation_invariance (test_conditional_margin.ConditionalMarginTests.test_mixed_cases_weight_scaling_and_permutation_invariance) ... ok
test_mixed_totals_mass_means_reversal_and_monotone_variance (test_conditional_margin.ConditionalMarginTests.test_mixed_totals_mass_means_reversal_and_monotone_variance) ... ok
test_mixture_fixed_variance_decomposition (test_conditional_margin.ConditionalMarginTests.test_mixture_fixed_variance_decomposition) ... ok
test_positive_weights_lost_during_scaling_or_normalization_fail (test_conditional_margin.ConditionalMarginTests.test_positive_weights_lost_during_scaling_or_normalization_fail) ... ok
test_preserved_input_mass_near_tolerance (test_conditional_margin.ConditionalMarginTests.test_preserved_input_mass_near_tolerance) ... ok
test_randomized_rounding_is_linear_variance_not_scale_squared (test_conditional_margin.ConditionalMarginTests.test_randomized_rounding_is_linear_variance_not_scale_squared) ... ok
test_rightmost_plateau_boundary_and_below_minimum (test_conditional_margin.ConditionalMarginTests.test_rightmost_plateau_boundary_and_below_minimum) ... ok
test_source_has_no_historical_or_model_imports (test_conditional_margin.ConditionalMarginTests.test_source_has_no_historical_or_model_imports) ... ok
test_unresolvable_fixed_variance_is_explicit_failure (test_conditional_margin.ConditionalMarginTests.test_unresolvable_fixed_variance_is_explicit_failure) ... ok
test_very_small_probabilities_and_explicit_underflow (test_conditional_margin.ConditionalMarginTests.test_very_small_probabilities_and_explicit_underflow) ... ok
test_zero_total_and_point_laws (test_conditional_margin.ConditionalMarginTests.test_zero_total_and_point_laws) ... ok
test_zero_weight_cases_are_validated_and_ignored_statistically (test_conditional_margin.ConditionalMarginTests.test_zero_weight_cases_are_validated_and_ignored_statistically) ... ok
test_N0_only_calibration_failure_separates_mapping_support (test_inference.InferenceTests.test_N0_only_calibration_failure_separates_mapping_support) ... ok
test_S1_inferiority_requires_all_lengths (test_inference.InferenceTests.test_S1_inferiority_requires_all_lengths) ... ok
test_block_invalid_denominators_counts_and_nonfinites (test_inference.InferenceTests.test_block_invalid_denominators_counts_and_nonfinites) ... ok
test_both_baselines_classical_and_24h_are_required (test_inference.InferenceTests.test_both_baselines_classical_and_24h_are_required) ... ok
test_candidate_and_mapping_both_pass_without_promotion (test_inference.InferenceTests.test_candidate_and_mapping_both_pass_without_promotion) ... ok
test_each_count_matrix_reused_for_28_energy_and_16_actual_mass_cells (test_inference.InferenceTests.test_each_count_matrix_reused_for_28_energy_and_16_actual_mass_cells) ... ok
test_evaluate_filters_development_before_inference (test_inference.InferenceTests.test_evaluate_filters_development_before_inference) ... ok
test_exact_registered_order_and_families (test_inference.InferenceTests.test_exact_registered_order_and_families) ... ok
test_exposed_2025_changes_only_prescribed_stability_point (test_inference.InferenceTests.test_exposed_2025_changes_only_prescribed_stability_point) ... ok
test_failure_scope_includes_2025_but_classical_reports_do_not_veto (test_inference.InferenceTests.test_failure_scope_includes_2025_but_classical_reports_do_not_veto) ... ok
test_mapping_energy_requires_all_lengths_and_both_regimes (test_inference.InferenceTests.test_mapping_energy_requires_all_lengths_and_both_regimes) ... ok
test_mapping_is_not_additional_candidate_prerequisite (test_inference.InferenceTests.test_mapping_is_not_additional_candidate_prerequisite) ... ok
test_paired_ratio_recomputed_with_shared_counts_and_separate_families (test_inference.InferenceTests.test_paired_ratio_recomputed_with_shared_counts_and_separate_families) ... ok
test_point_secondary_width_and_coverage_boundaries (test_inference.InferenceTests.test_point_secondary_width_and_coverage_boundaries) ... ok
test_production_membership_validation_and_missing_audit_fail_closed (test_inference.InferenceTests.test_production_membership_validation_and_missing_audit_fail_closed) ... ok
test_season_count_LOSO_and_failure_threshold (test_inference.InferenceTests.test_season_count_LOSO_and_failure_threshold) ... ok
test_stable_variant_requires_all_lengths_but_mechanisms_require_all_negative (test_inference.InferenceTests.test_stable_variant_requires_all_lengths_but_mechanisms_require_all_negative) ... ok
test_structural_unavailability_must_match_actual_constant_predictor (test_inference.InferenceTests.test_structural_unavailability_must_match_actual_constant_predictor) ... ok
test_background_only_identity_and_product_provenance (test_policy.PolicyTests.test_background_only_identity_and_product_provenance) ... ok
test_copied_provenance_is_separate_from_distribution_fingerprint (test_policy.PolicyTests.test_copied_provenance_is_separate_from_distribution_fingerprint) ... ok
test_copy_preserves_every_field_dtype_bytes_and_inputs (test_policy.PolicyTests.test_copy_preserves_every_field_dtype_bytes_and_inputs) ... ok
test_descriptor_mismatch_and_invalid_distribution_rejected (test_policy.PolicyTests.test_descriptor_mismatch_and_invalid_distribution_rejected) ... ok
test_deterministic_complete_descriptor_and_framed_operation_fingerprint (test_policy.PolicyTests.test_deterministic_complete_descriptor_and_framed_operation_fingerprint) ... ok
test_exact_marginal_cdfs_quantiles_means_variances_and_zero_covariance (test_policy.PolicyTests.test_exact_marginal_cdfs_quantiles_means_variances_and_zero_covariance) ... ok
test_identical_rectangle_grid_product_and_inherited_bounds (test_policy.PolicyTests.test_identical_rectangle_grid_product_and_inherited_bounds) ... ok
test_identity_complete_canonical_metrics_equal_raw_independent_control (test_policy.PolicyTests.test_identity_complete_canonical_metrics_equal_raw_independent_control) ... ok
test_malformed_descriptors_and_identity_contradiction_rejected (test_policy.PolicyTests.test_malformed_descriptors_and_identity_contradiction_rejected) ... ok
test_nonidentity_changes_total_margin_and_scores_with_full_support (test_policy.PolicyTests.test_nonidentity_changes_total_margin_and_scores_with_full_support) ... ok
test_operation_fingerprint_sensitive_to_every_preserved_field (test_policy.PolicyTests.test_operation_fingerprint_sensitive_to_every_preserved_field) ... ok
test_source_has_only_existing_distribution_and_provenance_dependencies (test_policy.PolicyTests.test_source_has_only_existing_distribution_and_provenance_dependencies) ... ok
test_all_520_keys_ordered_first_last_and_exact_membership (test_qualify.QualificationTests.test_all_520_keys_ordered_first_last_and_exact_membership) ... ok
test_complete_field_comparison_rejects_dtype_signedzero_flags_and_alias (test_qualify.QualificationTests.test_complete_field_comparison_rejects_dtype_signedzero_flags_and_alias) ... ok
test_corrupt_acceptance_rejected_before_archive_or_score (test_qualify.QualificationTests.test_corrupt_acceptance_rejected_before_archive_or_score) ... ok
test_corrupt_admission_result_parent_pin_rejected (test_qualify.QualificationTests.test_corrupt_admission_result_parent_pin_rejected) ... ok
test_exclusive_directory_and_artifacts_preserve_existing (test_qualify.QualificationTests.test_exclusive_directory_and_artifacts_preserve_existing) ... ok
test_forecast_loss_membership_and_failure_flags (test_qualify.QualificationTests.test_forecast_loss_membership_and_failure_flags) ... ok
test_independence_identity_uses_full_then_qualified_policy (test_qualify.QualificationTests.test_independence_identity_uses_full_then_qualified_policy) ... ok
test_invalid_observations_never_score (test_qualify.QualificationTests.test_invalid_observations_never_score) ... ok
test_metric_equality_has_no_subset_tolerance_or_signedzero_exception (test_qualify.QualificationTests.test_metric_equality_has_no_subset_tolerance_or_signedzero_exception) ... ok
test_ordinary_identity_entire_original_metrics_and_arrays (test_qualify.QualificationTests.test_ordinary_identity_entire_original_metrics_and_arrays) ... ok
test_parent_output_and_symlink_ancestors_rejected (test_qualify.QualificationTests.test_parent_output_and_symlink_ancestors_rejected) ... ok
test_public_authentication_failure_persists_invalid_receipt_without_scoring (test_qualify.QualificationTests.test_public_authentication_failure_persists_invalid_receipt_without_scoring) ... ok
test_sample_is_durable_before_first_metric_and_failure_preserves_it (test_qualify.QualificationTests.test_sample_is_durable_before_first_metric_and_failure_preserves_it) ... ok
test_saved_components_only_and_corrupt_component_binding (test_qualify.QualificationTests.test_saved_components_only_and_corrupt_component_binding) ... ok
test_scorer_failure_is_not_replaced_or_retried (test_qualify.QualificationTests.test_scorer_failure_is_not_replaced_or_retried) ... ok
test_scorer_mutation_is_rejected (test_qualify.QualificationTests.test_scorer_mutation_is_rejected) ... ok
test_2025_has_no_2025_cases_and_all_prior_seasons_are_explicit (test_replay.ReplayUnitTests.test_2025_has_no_2025_cases_and_all_prior_seasons_are_explicit) ... ok
test_E2_same_variant_and_offense_defense_use_N0_fallback_scale (test_replay.ReplayUnitTests.test_E2_same_variant_and_offense_defense_use_N0_fallback_scale) ... ok
test_case_hash_source_correspondence_weight_and_home_residual (test_replay.ReplayUnitTests.test_case_hash_source_correspondence_weight_and_home_residual) ... ok
test_current_future_payload_changes_and_deletion_leave_receipt_identical (test_replay.ReplayUnitTests.test_current_future_payload_changes_and_deletion_leave_receipt_identical) ... ok
test_cutoff_is_strict_and_independence_has_no_annual_fit (test_replay.ReplayUnitTests.test_cutoff_is_strict_and_independence_has_no_annual_fit) ... ok
test_exact_255_256_boundary_and_independent_estimator_agreement (test_replay.ReplayUnitTests.test_exact_255_256_boundary_and_independent_estimator_agreement) ... ok
test_future_sources_irrelevant_and_identity_preserves_exact_arrays (test_replay.ReplayUnitTests.test_future_sources_irrelevant_and_identity_preserves_exact_arrays) ... ok
test_genuinely_empty_2013_identity_never_reads_current_payload (test_replay.ReplayUnitTests.test_genuinely_empty_2013_identity_never_reads_current_payload) ... ok
test_independence_derives_full_or_full_fallback_and_never_contracts_raw_product (test_replay.ReplayUnitTests.test_independence_derives_full_or_full_fallback_and_never_contracts_raw_product) ... ok
test_missing_duplicate_wrong_series_and_failed_case_membership (test_replay.ReplayUnitTests.test_missing_duplicate_wrong_series_and_failed_case_membership) ... ok
test_native_success_uses_own_scale_and_full_descriptor_chain (test_replay.ReplayUnitTests.test_native_success_uses_own_scale_and_full_descriptor_chain) ... ok
test_numerical_case_failure_below_support_and_estimator_error_propagate (test_replay.ReplayUnitTests.test_numerical_case_failure_below_support_and_estimator_error_propagate) ... ok
test_prediction_has_no_outcome_arguments_and_module_has_no_io_or_scoring (test_replay.ReplayUnitTests.test_prediction_has_no_outcome_arguments_and_module_has_no_io_or_scoring) ... ok
test_prediction_receipt_binding_digest_cutoff_and_required_N0_failure (test_replay.ReplayUnitTests.test_prediction_receipt_binding_digest_cutoff_and_required_N0_failure) ... ok
test_rehashed_bad_estimator_metadata_and_bool_count_rejected (test_replay.ReplayUnitTests.test_rehashed_bad_estimator_metadata_and_bool_count_rejected) ... ok
test_rehashed_future_case_metadata_and_overlapping_failures_rejected (test_replay.ReplayUnitTests.test_rehashed_future_case_metadata_and_overlapping_failures_rejected) ... ok
test_rehashed_internally_contradictory_receipts_are_rejected (test_replay.ReplayUnitTests.test_rehashed_internally_contradictory_receipts_are_rejected) ... ok
test_required_N0_failure_is_not_low_support_identity (test_replay.ReplayUnitTests.test_required_N0_failure_is_not_low_support_identity) ... ok
test_source_corruption_cross_game_and_fallback_mismatch_rejected (test_replay.ReplayUnitTests.test_source_corruption_cross_game_and_fallback_mismatch_rejected) ... ok
test_E2_fallback_and_independence_bind_N0_full_receipt (test_run.RunTests.test_E2_fallback_and_independence_bind_N0_full_receipt) ... ok
test_after_rename_fsync_failure_cannot_create_second_terminal (test_run.RunTests.test_after_rename_fsync_failure_cannot_create_second_terminal) ... ok
test_atomic_completion_and_existing_identity_are_never_overwritten (test_run.RunTests.test_atomic_completion_and_existing_identity_are_never_overwritten) ... ok
test_combined_admission_590_plus_collector_11_fails_before_fit (test_run.RunTests.test_combined_admission_590_plus_collector_11_fails_before_fit) ... ok
test_complete_226_origin_controller_pilot_public_evaluate_and_no_restart (test_run.RunTests.test_complete_226_origin_controller_pilot_public_evaluate_and_no_restart) ... ok
test_complete_publication_is_durable_before_any_grader_outcome (test_run.RunTests.test_complete_publication_is_durable_before_any_grader_outcome) ... ok
test_corrupt_source_or_receipt_prevents_scoring (test_run.RunTests.test_corrupt_source_or_receipt_prevents_scoring) ... ok
test_exact_retained_pilot_formula_and_boundaries (test_run.RunTests.test_exact_retained_pilot_formula_and_boundaries) ... ok
test_failed_publication_retains_indexed_uncommitted_bytes_without_grading (test_run.RunTests.test_failed_publication_retains_indexed_uncommitted_bytes_without_grading) ... ok
test_grace_timeout_preserves_prefix_without_scientific_callbacks (test_run.RunTests.test_grace_timeout_preserves_prefix_without_scientific_callbacks) ... ok
test_missing_later_parent_file_is_not_low_support_identity (test_run.RunTests.test_missing_later_parent_file_is_not_low_support_identity) ... ok
test_persisted_case_mutation_rejected_before_any_fit (test_run.RunTests.test_persisted_case_mutation_rejected_before_any_fit) ... ok
test_persisted_recipe_reconstruction_and_old_theta_rejected (test_run.RunTests.test_persisted_recipe_reconstruction_and_old_theta_rejected) ... ok
test_pre_rename_budget_failure_staging_is_indexed_only_as_uncommitted (test_run.RunTests.test_pre_rename_budget_failure_staging_is_indexed_only_as_uncommitted) ... ok
test_preflight_rehashed_old_source_contradictions_rejected (test_run.RunTests.test_preflight_rehashed_old_source_contradictions_rejected) ... ok
test_pregame_whitelist_and_original_target_order (test_run.RunTests.test_pregame_whitelist_and_original_target_order) ... ok
test_public_orchestration_shared_deadline_and_finalization_only_grace (test_run.RunTests.test_public_orchestration_shared_deadline_and_finalization_only_grace) ... ok
test_real_nonidentity_2014_receipts_recipe_grading_and_differing_fallback_scale (test_run.RunTests.test_real_nonidentity_2014_receipts_recipe_grading_and_differing_fallback_scale) ... ok
test_receipt_foreign_run_same_year_cutoff_and_mutation_rejected (test_run.RunTests.test_receipt_foreign_run_same_year_cutoff_and_mutation_rejected) ... ok
test_source_and_case_digest_mismatch_block_fitting_at_exact_counts (test_run.RunTests.test_source_and_case_digest_mismatch_block_fitting_at_exact_counts) ... ok
test_strict_nonfinite_failure_is_never_a_marker_or_success (test_run.RunTests.test_strict_nonfinite_failure_is_never_a_marker_or_success) ... ok
test_synchronized_game_reorder_and_changed_failure_reason_rejected (test_run.RunTests.test_synchronized_game_reorder_and_changed_failure_reason_rejected) ... ok

----------------------------------------------------------------------
Ran 140 tests in 28.116s

OK
