test_base_hash_corruption_is_rejected (test_bootstrap_training_candidate.TrainingLedgerTests.test_base_hash_corruption_is_rejected) ... ok
test_boundary_cannot_omit_games_forge_features_or_relabel_recorded_cutoff_lock (test_bootstrap_training_candidate.TrainingLedgerTests.test_boundary_cannot_omit_games_forge_features_or_relabel_recorded_cutoff_lock) ... ok
test_boundary_cannot_start_after_recorded_training_has_begun (test_bootstrap_training_candidate.TrainingLedgerTests.test_boundary_cannot_start_after_recorded_training_has_begun) ... ok
test_boundary_checks_source_clock_and_exact_issuance_boundary (test_bootstrap_training_candidate.TrainingLedgerTests.test_boundary_checks_source_clock_and_exact_issuance_boundary) ... ok
test_boundary_interrupted_write_and_lost_response_retry_preserve_parent (test_bootstrap_training_candidate.TrainingLedgerTests.test_boundary_interrupted_write_and_lost_response_retry_preserve_parent) ... ok
test_boundary_keeps_thursday_and_missing_locks_without_rewriting_any_prior_row (test_bootstrap_training_candidate.TrainingLedgerTests.test_boundary_keeps_thursday_and_missing_locks_without_rewriting_any_prior_row) ... ok
test_boundary_reconstruction_ignores_target_and_future_results_and_row_order (test_bootstrap_training_candidate.TrainingLedgerTests.test_boundary_reconstruction_ignores_target_and_future_results_and_row_order) ... ok
test_compacted_rows_leave_ridge_identity_and_forecasts_unchanged (test_bootstrap_training_candidate.TrainingLedgerTests.test_compacted_rows_leave_ridge_identity_and_forecasts_unchanged) ... ok
test_hash_valid_corrupted_preparation_is_rejected (test_bootstrap_training_candidate.TrainingLedgerTests.test_hash_valid_corrupted_preparation_is_rejected) ... ok
test_labels_duplicate_rows_and_unknown_roles_rejected (test_bootstrap_training_candidate.TrainingLedgerTests.test_labels_duplicate_rows_and_unknown_roles_rejected) ... ok
test_later_outcome_cannot_change_earlier_features (test_bootstrap_training_candidate.TrainingLedgerTests.test_later_outcome_cannot_change_earlier_features) ... ok
test_missing_legacy_game_and_mixed_method_rejected (test_bootstrap_training_candidate.TrainingLedgerTests.test_missing_legacy_game_and_mixed_method_rejected) ... ok
test_original_legacy_lock_revision_is_detected_on_every_history_read (test_bootstrap_training_candidate.TrainingLedgerTests.test_original_legacy_lock_revision_is_detected_on_every_history_read) ... ok
test_original_live_lock_appends_without_changing_prior_rows (test_bootstrap_training_candidate.TrainingLedgerTests.test_original_live_lock_appends_without_changing_prior_rows) ... ok
test_proxy_equality_excludes_even_a_known_final (test_bootstrap_training_candidate.TrainingLedgerTests.test_proxy_equality_excludes_even_a_known_final) ... ok
test_reconstruction_keeps_population_and_never_invents_recorded_clocks (test_bootstrap_training_candidate.TrainingLedgerTests.test_reconstruction_keeps_population_and_never_invents_recorded_clocks) ... ok
test_recorded_refitter_invokes_ledger_and_rejects_cumulative_gap (test_bootstrap_training_candidate.TrainingLedgerTests.test_recorded_refitter_invokes_ledger_and_rejects_cumulative_gap) ... ok
test_refit_cannot_use_a_ledger_created_after_its_frozen_start (test_bootstrap_training_candidate.TrainingLedgerTests.test_refit_cannot_use_a_ledger_created_after_its_frozen_start) ... ok
test_sealed_boundary_cannot_change_or_disappear_in_descendants (test_bootstrap_training_candidate.TrainingLedgerTests.test_sealed_boundary_cannot_change_or_disappear_in_descendants) ... ok
test_source_row_reordering_preserves_numerical_reconstruction (test_bootstrap_training_candidate.TrainingLedgerTests.test_source_row_reordering_preserves_numerical_reconstruction) ... ok
test_streamed_cache_preserves_fitting_fields_and_rejects_bad_framing (test_bootstrap_training_candidate.TrainingLedgerTests.test_streamed_cache_preserves_fitting_fields_and_rejects_bad_framing) ... ok
test_unlocked_or_unbundled_rows_cannot_enter_recorded_training (test_bootstrap_training_candidate.TrainingLedgerTests.test_unlocked_or_unbundled_rows_cannot_enter_recorded_training) ... ok

----------------------------------------------------------------------
Ran 22 tests in 16.130s

OK
{
  "status": "PASS",
  "scope": "READ_ONLY_LEDGER_PARITY_AND_ISOLATED_LINUX_FIXTURES",
  "observed_at": "2026-09-23T20:09:25.216420+00:00",
  "host_commit": "ebbf3451df54ece4a9400bfa1d66b858d324481d",
  "candidate_sha256": "195d068b3c7f09104b80304c721b57e72fa1ccbb051ea5e235dcbd1c30510d79",
  "tests_sha256": "92cbb630164e02a7b4479eaa6b4c8bfb689726732983f04f18376848e55936d2",
  "training_ref": {
    "path": "work/projection-cutoff-pipeline-v1/training/84fcb3e32e175f38c6831c8faccbbdd1ed7bc93a9e3779045f00670d41f3bf9a.json.gz",
    "sha256": "84fcb3e32e175f38c6831c8faccbbdd1ed7bc93a9e3779045f00670d41f3bf9a"
  },
  "training_rows": 5854,
  "training_games": 2927,
  "before_rows_sha256": "5582594e54a5c4e56c0a4e7360f93ceeb6c815cf0c8c573dca3d7acb3fcbb9fe",
  "after_rows_sha256": "5582594e54a5c4e56c0a4e7360f93ceeb6c815cf0c8c573dca3d7acb3fcbb9fe",
  "active_fit_ref": {
    "path": "work/in-season-learning-v1/fit-801ef07927ea59bc112fc955ad86249b981d5e60a0f4a9636f39b2eb23be623f.json",
    "sha256": "801ef07927ea59bc112fc955ad86249b981d5e60a0f4a9636f39b2eb23be623f"
  },
  "preserved_original_records": 52,
  "tests_run": 22,
  "elapsed_seconds": 105.30725987104233,
  "maximum_rss_kib": 149892,
  "live_activation": false,
  "source_restore_verified": false
}
