{
  "checked_at": "2026-09-22T14:45:52.582446+00:00",
  "capture_time": "2026-09-22T14:42:42.307071+00:00",
  "host_commit_at_capture": "812e8180d892b54cf5d01ddc926e8e1b0e10f82b",
  "control_publisher_commit": "008730bfb",
  "fit_ref": {
    "path": "work/in-season-learning-v1/fit-801ef07927ea59bc112fc955ad86249b981d5e60a0f4a9636f39b2eb23be623f.json",
    "sha256": "801ef07927ea59bc112fc955ad86249b981d5e60a0f4a9636f39b2eb23be623f"
  },
  "scope": "Isolated captured-input publication; no production writes, no provider requests, no public rendering",
  "cards": 48,
  "all_card_fields_identical_except_declared_metadata": true,
  "excluded_metadata_fields": [
    "content_sha256",
    "forecast_bundle_ref",
    "issued_at",
    "published_at",
    "release_ref"
  ],
  "written_card_paths": 18,
  "immutable_history_verified_unchanged": 52,
  "new_bundle_cards": 16,
  "exact_bundle_reproductions": 16,
  "unchanged_poll_reuses_bundles": true,
  "new_immutable_bytes": 169639,
  "control_wall_seconds": 0.5349945419875439,
  "candidate_wall_seconds": 0.8562728750112001,
  "provider_credits": 0,
  "fresh_fixture": {
    "scope": "Simulated pre-lock time, captured values, labels cleared; not a chronology proof",
    "cards": 32,
    "exact_card_parity": true,
    "candidate_wall_seconds": 0.9267644999781623
  }
}
