Traceback (most recent call last):
  File "/mnt/nfl-calibration-canary-20260923/calibration_linux_canary.py", line 6, in <module>
    from test_projection_calibration_runner import RunnerTests
  File "/mnt/nfl-calibration-canary-20260923/tests/test_projection_calibration_runner.py", line 6, in <module>
    from test_projection_calibration_evaluate import fixture
  File "/mnt/nfl-calibration-canary-20260923/tests/test_projection_calibration_evaluate.py", line 5, in <module>
    from engine.projection import calibration_evaluate as e, calibration_admission as a
  File "/mnt/nfl-calibration-canary-20260923/engine/projection/calibration_evaluate.py", line 11, in <module>
    from engine import scoring
  File "/mnt/nfl-calibration-canary-20260923/engine/scoring.py", line 8, in <module>
    import scoringrules as sr
ModuleNotFoundError: No module named 'scoringrules'
Command exited with non-zero status 1
	Command being timed: "/opt/nfl-runtime/env/bin/python -B calibration_linux_canary.py"
	User time (seconds): 0.60
	System time (seconds): 0.10
	Percent of CPU this job got: 35%
	Elapsed (wall clock) time (h:mm:ss or m:ss): 0:02.00
	Average shared text size (kbytes): 0
	Average unshared data size (kbytes): 0
	Average stack size (kbytes): 0
	Average total size (kbytes): 0
	Maximum resident set size (kbytes): 47188
	Average resident set size (kbytes): 0
	Major (requiring I/O) page faults: 26
	Minor (reclaiming a frame) page faults: 8338
	Voluntary context switches: 170
	Involuntary context switches: 752
	Swaps: 0
	File system inputs: 12824
	File system outputs: 0
	Socket messages sent: 0
	Socket messages received: 0
	Signals delivered: 0
	Page size (bytes): 4096
	Exit status: 1
