{"memory_bytes": 4294967296, "oversized_allocation_rejected": true, "threads": 1}
{"activates_method": false, "attempts": 1, "receipt": {"activates_method": false, "attempt": 1, "recorded_at": "2026-09-23T17:38:10.348480+00:00", "recovered_after_lost_response": false, "result_ref": {"path": "work/e-cal-lineage/executions/51589b21fa9b11839dbef091b0acd541aebdf866727323503efcebf5eaace463/attempts/001/result.json", "sha256": "dafedb36b1dd432ea683c4187d59e3f68d5cc4fe8306b83bf8e050d5d65b7cfd"}, "schema": "calibration-attempt-receipt-v1", "start_sha256": "a23908c274902107d31540f6c1efed40f18964d530c8f93e4effae20d502fb06", "state": "COMPUTED_NOT_RELEASED"}, "registration_sha256": "51589b21fa9b11839dbef091b0acd541aebdf866727323503efcebf5eaace463"}
{"activates_method": false, "attempts": 1, "receipt": {"activates_method": false, "attempt": 1, "recorded_at": "2026-09-23T17:38:10.348480+00:00", "recovered_after_lost_response": false, "result_ref": {"path": "work/e-cal-lineage/executions/51589b21fa9b11839dbef091b0acd541aebdf866727323503efcebf5eaace463/attempts/001/result.json", "sha256": "dafedb36b1dd432ea683c4187d59e3f68d5cc4fe8306b83bf8e050d5d65b7cfd"}, "schema": "calibration-attempt-receipt-v1", "start_sha256": "a23908c274902107d31540f6c1efed40f18964d530c8f93e4effae20d502fb06", "state": "COMPUTED_NOT_RELEASED"}, "registration_sha256": "51589b21fa9b11839dbef091b0acd541aebdf866727323503efcebf5eaace463"}
{"activates_method": false, "attempt_receipt_ref": {"path": "work/e-cal-lineage/executions/51589b21fa9b11839dbef091b0acd541aebdf866727323503efcebf5eaace463/attempts/001/receipt.json", "sha256": "df045324ea78468f929cf34ddb5368f1867167874e228b795c9b317fb4f197e8"}, "diagnostic_ref": null, "report_ref": {"path": "work/e-cal-lineage/executions/51589b21fa9b11839dbef091b0acd541aebdf866727323503efcebf5eaace463/reports/078c232af37a5e26515c89c7c385b5684c387cce030f8dbf59bcc275095295c9/evidence.md", "sha256": "965f76bd99dd420cf4bf6f1aa8cd396edaacfe8c31b394e3ee58ae20b6ed444a"}, "request_ref": {"path": "work/e-cal-lineage/executions/51589b21fa9b11839dbef091b0acd541aebdf866727323503efcebf5eaace463/request.json", "sha256": "ab53d9e686eb9f50f1c8b8caee235e30ca99207c70c4535228b363f04a1a7882"}, "review_packet_ref": {"path": "work/e-cal-lineage/executions/51589b21fa9b11839dbef091b0acd541aebdf866727323503efcebf5eaace463/reports/078c232af37a5e26515c89c7c385b5684c387cce030f8dbf59bcc275095295c9/review-packet.json", "sha256": "377aaef8b8df93fb4fcc4d88463240d92e7c0adf871159b162f8157400476dd0"}, "schema": "calibration-report-derivative-v1"}
{"synthetic_timeout_exit": -9, "elapsed_seconds": 1.0094562439480796}
{"synthetic_cli": "PASS", "duplicate_attempts": 1, "activates_method": false}
	Command being timed: "/opt/nfl-runtime/env/bin/python -B calibration_linux_canary_v2.py"
	User time (seconds): 4.38
	System time (seconds): 0.95
	Percent of CPU this job got: 34%
	Elapsed (wall clock) time (h:mm:ss or m:ss): 0:15.65
	Average shared text size (kbytes): 0
	Average unshared data size (kbytes): 0
	Average stack size (kbytes): 0
	Average total size (kbytes): 0
	Maximum resident set size (kbytes): 60372
	Average resident set size (kbytes): 0
	Major (requiring I/O) page faults: 1077
	Minor (reclaiming a frame) page faults: 49560
	Voluntary context switches: 2189
	Involuntary context switches: 5766
	Swaps: 0
	File system inputs: 132640
	File system outputs: 840
	Socket messages sent: 0
	Socket messages received: 0
	Signals delivered: 0
	Page size (bytes): 4096
	Exit status: 0
