{
  "artifact": {
    "path": "work/engine-rebuild/calibration-inputs/477187bc6f4d2622055df0c1d7c12d1ce92d87b6f3514e6034dad9942ef853a5.json.gz",
    "sha256": "477187bc6f4d2622055df0c1d7c12d1ce92d87b6f3514e6034dad9942ef853a5"
  },
  "games_per_history": 3407,
  "own_fits": 226,
  "legacy_method_records": 13,
  "planned_fold_counts": {
    "2016": 768,
    "2017": 1024,
    "2018": 1280,
    "2019": 1536,
    "2020": 1792,
    "2021": 2048,
    "2022": 2320,
    "2023": 2591,
    "2024": 2863,
    "2025": 3135
  },
  "elapsed_seconds": 0.6914042080170475,
  "peak_rss_bytes": 198410240
}
