{
  "status": "PASS",
  "scope": "Captured real sources; simulated future cutoff, preparation, scoring and shadow locks. No production activation.",
  "checked_at": "2026-09-22T21:30:45.161971+00:00",
  "observation_ref": {
    "path": "work/projection-observations-v1/snapshots/d3656dac9f670b4a670354286d6268a4d8744d1ee39f07097c09f1b380e449ba.json.gz",
    "sha256": "d3656dac9f670b4a670354286d6268a4d8744d1ee39f07097c09f1b380e449ba"
  },
  "fit_ref": {
    "path": "work/in-season-learning-v1/fit-801ef07927ea59bc112fc955ad86249b981d5e60a0f4a9636f39b2eb23be623f.json",
    "sha256": "801ef07927ea59bc112fc955ad86249b981d5e60a0f4a9636f39b2eb23be623f"
  },
  "actual_collection_at": "2026-09-22T19:35:10.277779+00:00",
  "simulated_cutoff": "2026-09-25T13:00:00+00:00",
  "simulated_preparation": "2026-09-27T15:40:00+00:00",
  "missing_at_simulated_cutoff": [
    {
      "game_id": "2026_03_ATL_GB",
      "reason": "FINAL_NOT_RECORDED"
    }
  ],
  "slate_games": 14,
  "feature_parity_rows": 28,
  "point_and_contribution_parity_games": 14,
  "contribution_source_associations_changed": 1568,
  "idempotent_shadow_locks": 14,
  "scoring_retry_after_deadline_preserved": true,
  "prior_forecasts_unchanged_after_later_cutoff": true,
  "frozen_source_records_unchanged": 52,
  "pipeline_artifact_bytes": 141258,
  "elapsed_seconds": 22.438156458025333,
  "peak_rss_bytes": 471302144,
  "provider_requests": 0,
  "new_spending": 0
}
