original 2016 [] {'decay': 'none', 'penalty': 10} 2d814549b0668cd3a90652da7c57bac2b37ab552b4ff5fb5d14ba309a27b135d
original 2017 [] {'decay': 'none', 'penalty': 10} 23ffb1a34696ee2e8ad48272ff8691bd14dbab2fe559fdabef4be340a9668606
original 2018 [] {'decay': 'none', 'penalty': 10} bcbdf9a6e0d6f42632e61a6ba253d9dd8b266a242ce9cffbbed6bba0d90e405c
evaluated quarterback
evaluated pressure
evaluated career_kicking
evaluated calibration
evaluated venue
evaluated efficiency
evaluated pace
evaluated passing
evaluated rushing
evaluated explosiveness
evaluated kicking
evaluated momentum
evaluated scoring_composition
evaluated turnovers_luck
evaluated elo
evaluated schedule_strength
evaluated pythagorean
evaluated rest_travel
evaluated calibration,elo,pace,pythagorean,venue
evaluated elo,pace,pythagorean,venue
evaluated calibration,elo,pace,pythagorean
evaluated calibration,elo,pythagorean,venue
evaluated calibration,pace,pythagorean,venue
evaluated calibration,elo,pace,venue
evaluated calibration,elo,venue
evaluated elo,venue
evaluated calibration,elo
evaluated calibration,venue
original 2019 ['calibration', 'venue', 'elo'] {'decay': 'none', 'penalty': 100} ad33e73fbbc5077ed1d6ddc2f6cf2e1b26633ca2625642bc04af692e22684bad
evaluated calibration,elo,pace,pythagorean,quarterback
evaluated elo,pace,pythagorean,quarterback
evaluated calibration,elo,pythagorean,quarterback
evaluated calibration,pace,pythagorean,quarterback
evaluated calibration,elo,pace,quarterback
original 2020 ['calibration', 'elo'] {'decay': 'none', 'penalty': 100} 6c0fe0bfe8023db8e8e5cbc024ddd962157d4238971efc2ec79cc42e8a316ff7
evaluated calibration,efficiency,elo,pace,passing,quarterback
evaluated calibration,efficiency,elo,pace,passing
evaluated efficiency,elo,pace,passing,quarterback
evaluated calibration,elo,pace,passing,quarterback
evaluated calibration,efficiency,elo,passing,quarterback
evaluated calibration,efficiency,elo,pace,quarterback
evaluated calibration,efficiency,pace,passing,quarterback
original 2021 ['elo'] {'decay': 'none', 'penalty': 10} 694d85aad272c3552eeafb01e6ad652ecaf52a27306039c388be0b5c37cfe5c3
evaluated calibration,efficiency,elo,pace,passing,pythagorean,quarterback,rushing
evaluated calibration,efficiency,elo,pace,passing,pythagorean,rushing
evaluated efficiency,elo,pace,passing,pythagorean,quarterback,rushing
evaluated calibration,elo,pace,passing,pythagorean,quarterback,rushing
evaluated calibration,efficiency,elo,passing,pythagorean,quarterback,rushing
evaluated calibration,efficiency,elo,pace,pythagorean,quarterback,rushing
evaluated calibration,efficiency,elo,pace,passing,pythagorean,quarterback
evaluated calibration,efficiency,pace,passing,pythagorean,quarterback,rushing
evaluated calibration,efficiency,elo,pace,passing,quarterback,rushing
original 2022 ['calibration', 'elo'] {'decay': 'none', 'penalty': 100} cb1b9d320e67754c36c44411f9c9a4fc057aa7a44743cea7381766158efc84c4
original 2023 ['calibration', 'elo'] {'decay': 'none', 'penalty': 100} 4363df7454b017b837bfdfa0f54be311ad8195d5cd186d88bf3209f69bec8c72
evaluated calibration,efficiency,elo,pace,pythagorean,rushing
evaluated efficiency,elo,pace,pythagorean,quarterback,rushing
evaluated calibration,elo,pace,pythagorean,quarterback,rushing
evaluated calibration,efficiency,elo,pythagorean,quarterback,rushing
evaluated calibration,efficiency,elo,pace,pythagorean,quarterback
evaluated calibration,efficiency,pace,pythagorean,quarterback,rushing
evaluated calibration,efficiency,elo,pace,quarterback,rushing
original 2024 ['calibration'] {'decay': 'none', 'penalty': 100} 264e3b0b64476036f401b6b64d01f1f7f0444293f623a82c0e62e370f7ed0fae
original 2025 ['calibration', 'elo'] {'decay': 'none', 'penalty': 100} 5f7fb30ca86ea8f61a24bed84236556796a43139f43d046bee8e3fbdd4563525
corrected 2016 [] {'decay': 'none', 'penalty': 10} 829a6b4738b2860fea60d2d71c85cc33054089e0060b0b80764488bc45fcdff5
corrected 2017 [] {'decay': 'none', 'penalty': 10} b5550d3cd4740c899b93f59b8e2bf793f19f0e89eddb80023e2abd1db551f806
corrected 2018 [] {'decay': 'none', 'penalty': 10} e49d39cfc7ad3302a454beb717861a87b2c9c0f1889c609bbee36e4bcd7a0479
evaluated quarterback
evaluated pressure
evaluated career_kicking
evaluated calibration
evaluated venue
evaluated efficiency
evaluated pace
evaluated passing
evaluated rushing
evaluated explosiveness
evaluated kicking
evaluated momentum
evaluated scoring_composition
evaluated turnovers_luck
evaluated elo
evaluated schedule_strength
evaluated pythagorean
evaluated rest_travel
evaluated calibration,elo,pace,pythagorean,venue
evaluated elo,pace,pythagorean,venue
evaluated calibration,elo,pace,pythagorean
evaluated calibration,elo,pythagorean,venue
evaluated calibration,pace,pythagorean,venue
evaluated calibration,elo,pace,venue
evaluated calibration,elo,venue
evaluated elo,venue
evaluated calibration,elo
evaluated calibration,venue
corrected 2019 ['calibration', 'venue', 'elo'] {'decay': 'none', 'penalty': 100} 0fa10fa9343e304494311ff2707f9ae21bad823891a661cb71ad746f2b22aa4d
evaluated calibration,elo,pace,pythagorean,quarterback
evaluated elo,pace,pythagorean,quarterback
evaluated calibration,elo,pythagorean,quarterback
evaluated calibration,pace,pythagorean,quarterback
evaluated calibration,elo,pace,quarterback
corrected 2020 ['calibration', 'elo'] {'decay': 'none', 'penalty': 100} 93e9feac261860a3ce3e64a51436d50fd33d6d66de3c0598aafcc15f8db886b7
evaluated calibration,efficiency,elo,pace,passing,quarterback
evaluated calibration,efficiency,elo,pace,passing
evaluated efficiency,elo,pace,passing,quarterback
evaluated calibration,elo,pace,passing,quarterback
evaluated calibration,efficiency,elo,passing,quarterback
evaluated calibration,efficiency,elo,pace,quarterback
evaluated calibration,efficiency,pace,passing,quarterback
corrected 2021 ['elo'] {'decay': 'none', 'penalty': 10} 9a9685dbc21625611d438b9334b2363c3fff68fed49567a03da0caea3ee22c47
evaluated calibration,efficiency,elo,pace,passing,pythagorean,quarterback,rushing
evaluated calibration,efficiency,elo,pace,passing,pythagorean,rushing
evaluated efficiency,elo,pace,passing,pythagorean,quarterback,rushing
evaluated calibration,elo,pace,passing,pythagorean,quarterback,rushing
evaluated calibration,efficiency,elo,passing,pythagorean,quarterback,rushing
evaluated calibration,efficiency,elo,pace,pythagorean,quarterback,rushing
evaluated calibration,efficiency,elo,pace,passing,pythagorean,quarterback
evaluated calibration,efficiency,pace,passing,pythagorean,quarterback,rushing
evaluated calibration,efficiency,elo,pace,passing,quarterback,rushing
corrected 2022 ['calibration', 'elo'] {'decay': 'none', 'penalty': 100} a032269397fc3bda48707ed065e39cd0e789b6ab4d331ada7c8c29f147724baa
corrected 2023 ['calibration', 'elo'] {'decay': 'none', 'penalty': 100} 97de16bcdda8091ff41cffda161641827e6f500568a17b05ef428ff26e236027
evaluated calibration,efficiency,elo,pace,pythagorean,rushing
evaluated efficiency,elo,pace,pythagorean,quarterback,rushing
evaluated calibration,elo,pace,pythagorean,quarterback,rushing
evaluated calibration,efficiency,elo,pythagorean,quarterback,rushing
evaluated calibration,efficiency,elo,pace,pythagorean,quarterback
evaluated calibration,efficiency,pace,pythagorean,quarterback,rushing
evaluated calibration,efficiency,elo,pace,quarterback,rushing
corrected 2024 [] {'decay': 'none', 'penalty': 10} f194e7ab2167bbaf2b36c09bdce665f7488fc694f38846263612279030a12d23
corrected 2025 ['calibration', 'elo'] {'decay': 'none', 'penalty': 100} 330466815c3bcc118130eaaca062adc6b7b9e84c4df01fba2b30c8f3aa121249
{
  "status": "RECONSTRUCTED_NOT_AUTHORITATIVE",
  "original": {
    "path": "work/engine-rebuild/donor-qualification/original-76dc94181c9eefafe1f952b7d17529b6e1e361cb1f0360cb2e5ba6592cc2227d.json.gz",
    "sha256": "76dc94181c9eefafe1f952b7d17529b6e1e361cb1f0360cb2e5ba6592cc2227d"
  },
  "corrected": {
    "path": "work/engine-rebuild/donor-qualification/corrected-4eaede259663dc446e8f4eb93f63d0b4073f37a85e85aa6559fb52ea52cad47f.json.gz",
    "sha256": "4eaede259663dc446e8f4eb93f63d0b4073f37a85e85aa6559fb52ea52cad47f"
  },
  "annual": [
    {
      "season": 2016,
      "games": 256,
      "groups": [],
      "settings": {
        "decay": "none",
        "penalty": 10
      },
      "independent_fit_max_difference": 0.0
    },
    {
      "season": 2017,
      "games": 256,
      "groups": [],
      "settings": {
        "decay": "none",
        "penalty": 10
      },
      "independent_fit_max_difference": 0.0
    },
    {
      "season": 2018,
      "games": 256,
      "groups": [],
      "settings": {
        "decay": "none",
        "penalty": 10
      },
      "independent_fit_max_difference": 0.0
    },
    {
      "season": 2019,
      "games": 256,
      "groups": [
        "calibration",
        "venue",
        "elo"
      ],
      "settings": {
        "decay": "none",
        "penalty": 100
      },
      "independent_fit_max_difference": 9.672818102046676e-15
    },
    {
      "season": 2020,
      "games": 256,
      "groups": [
        "calibration",
        "elo"
      ],
      "settings": {
        "decay": "none",
        "penalty": 100
      },
      "independent_fit_max_difference": 6.8833827526759706e-15
    },
    {
      "season": 2021,
      "games": 272,
      "groups": [
        "elo"
      ],
      "settings": {
        "decay": "none",
        "penalty": 10
      },
      "independent_fit_max_difference": 2.6645352591003757e-15
    },
    {
      "season": 2022,
      "games": 271,
      "groups": [
        "calibration",
        "elo"
      ],
      "settings": {
        "decay": "none",
        "penalty": 100
      },
      "independent_fit_max_difference": 2.4424906541753444e-15
    },
    {
      "season": 2023,
      "games": 272,
      "groups": [
        "calibration",
        "elo"
      ],
      "settings": {
        "decay": "none",
        "penalty": 100
      },
      "independent_fit_max_difference": 1.0658141036401503e-14
    },
    {
      "season": 2024,
      "games": 272,
      "groups": [],
      "settings": {
        "decay": "none",
        "penalty": 10
      },
      "independent_fit_max_difference": 0.0
    },
    {
      "season": 2025,
      "games": 272,
      "groups": [
        "calibration",
        "elo"
      ],
      "settings": {
        "decay": "none",
        "penalty": 100
      },
      "independent_fit_max_difference": 1.3322676295501878e-15
    }
  ],
  "feature_artifacts": {
    "none": {
      "path": "work/engine-rebuild/donor-qualification/features-none-c7dcb87b823910e791a2ad85ab3d054365c5b110ff3fbcde5d47f18d250d47b7.json.gz",
      "sha256": "c7dcb87b823910e791a2ad85ab3d054365c5b110ff3fbcde5d47f18d250d47b7"
    },
    "8": {
      "path": "work/engine-rebuild/donor-qualification/features-8-4d6020cbe0e1a2b3b99b7c7130c74be0cced9d2cc33351c6f8eb7248e33a9dc6.json.gz",
      "sha256": "4d6020cbe0e1a2b3b99b7c7130c74be0cced9d2cc33351c6f8eb7248e33a9dc6"
    }
  },
  "original_caches": {
    "none": {
      "path": "work/projection-v3/features-none-cc3d318ef8315397675c47735cceeb093c9b06f4b16178ac8b33e58778bcad28.json.gz",
      "sha256": "24316c4cc81e567ac529b2756e4f2eb21a2dd6df92c103b36120be49282e528e"
    },
    "8": {
      "path": "work/projection-v3/features-8-da18e1cbc8a01399a35e4bfa64f76964f12fd2fcfb53bb75dd9261389e6901db.json.gz",
      "sha256": "94092b2bb589259649156b76c0968c430341ebe6bd9ce577ccc21b2270b2d799"
    }
  },
  "chronology": {
    "checked_rows": 11580,
    "timestamped_charts": 2176,
    "untimestamped_charts": 20658,
    "pre2014_personnel_games": 3978,
    "unsafe_windows": [
      {
        "decay": "none",
        "row_id": "2020_14_NE_LA:NE",
        "season": 2020,
        "history_before": "2020-12-10",
        "cutoff": "2020-12-08T14:00:00+00:00",
        "latest_in_window": "2020-12-09T05:05:00+00:00"
      },
      {
        "decay": "none",
        "row_id": "2020_14_NE_LA:LAR",
        "season": 2020,
        "history_before": "2020-12-10",
        "cutoff": "2020-12-08T14:00:00+00:00",
        "latest_in_window": "2020-12-09T05:05:00+00:00"
      },
      {
        "decay": "none",
        "row_id": "2021_16_SF_TEN:SF",
        "season": 2021,
        "history_before": "2021-12-23",
        "cutoff": "2021-12-21T14:00:00+00:00",
        "latest_in_window": "2021-12-22T04:00:00+00:00"
      },
      {
        "decay": "none",
        "row_id": "2021_16_SF_TEN:TEN",
        "season": 2021,
        "history_before": "2021-12-23",
        "cutoff": "2021-12-21T14:00:00+00:00",
        "latest_in_window": "2021-12-22T04:00:00+00:00"
      },
      {
        "decay": "8",
        "row_id": "2020_14_NE_LA:NE",
        "season": 2020,
        "history_before": "2020-12-10",
        "cutoff": "2020-12-08T14:00:00+00:00",
        "latest_in_window": "2020-12-09T05:05:00+00:00"
      },
      {
        "decay": "8",
        "row_id": "2020_14_NE_LA:LAR",
        "season": 2020,
        "history_before": "2020-12-10",
        "cutoff": "2020-12-08T14:00:00+00:00",
        "latest_in_window": "2020-12-09T05:05:00+00:00"
      },
      {
        "decay": "8",
        "row_id": "2021_16_SF_TEN:SF",
        "season": 2021,
        "history_before": "2021-12-23",
        "cutoff": "2021-12-21T14:00:00+00:00",
        "latest_in_window": "2021-12-22T04:00:00+00:00"
      },
      {
        "decay": "8",
        "row_id": "2021_16_SF_TEN:TEN",
        "season": 2021,
        "history_before": "2021-12-23",
        "cutoff": "2021-12-21T14:00:00+00:00",
        "latest_in_window": "2021-12-22T04:00:00+00:00"
      }
    ]
  },
  "plan": {
    "path": "work/engine-rebuild/DONOR-QUALIFICATION-PLAN.md",
    "sha256": "f5a34b62806d0e159e94cfe356965a4cd98ed0a697670057349b162f3b9b45ff"
  },
  "code": [
    {
      "path": "work/engine-rebuild/reconstruct_donor_qualification.py",
      "sha256": "1007e3856626b2c74c90868c534da23d95755d8bd68433fa5e70da78653e6b45"
    },
    {
      "path": "engine/projection_v3/qualify.py",
      "sha256": "ea0d7385dbb97a3730b3a6c3e0d62041b157a1c19155ab96585eb1b11a7a58d2"
    },
    {
      "path": "engine/projection_v3/model.py",
      "sha256": "9e6d85fbadd86a4ff9b7f18192c9c6e278c3e26e9ae7f01f6d8bd1597d27943b"
    },
    {
      "path": "engine/projection/cutoff_features.py",
      "sha256": "b7ca7156cef0bfaa51bbbf353f01f360b99d80d64d4d4dab234c16dd5c5575ae"
    },
    {
      "path": "engine/projection/features.py",
      "sha256": "9c1172450639deeee99a58211713084fe54bf86a09f31915e90cdd1e0866aef8"
    },
    {
      "path": "engine/forecast_system/calendar.py",
      "sha256": "2e9e6b4a84b0c080d39db793f4dc5b05d33d83ce5158e05b2072ad375e13c98b"
    },
    {
      "path": "engine/forecast_system/cadence.py",
      "sha256": "a685a17e69e5f6d104822238e9c2b53cbf67d7a91ee22d77f41bcaa38c6e7b80"
    },
    {
      "path": "engine/projection_v3/personnel.py",
      "sha256": "8f1ec9d1865cac162f7905db6d2c90279795ae24e714b8c17884213651c55af9"
    },
    {
      "path": "work/engine-rebuild/check_legacy_donor.py",
      "sha256": "b9ab13b3d01021bcd492be0ff843b196b64e166468963077262c099f8a4d237c"
    },
    {
      "path": "work/engine-rebuild/check_calibration_sources.py",
      "sha256": "ab173c91ea1479dd7f1ea37072aaf220272fdbaa52b9be2b53365676bc9a70c9"
    }
  ],
  "experiment": {
    "path": "work/projection-v3/experiment.json",
    "sha256": "3df201794dcb1dd8fdfaaa5dd39799598aa9f8b4c13c94eb92737b68de3defc5"
  },
  "control_unchanged": {
    "path": "work/e-elo-hfa-release/deployed-oof-66a3a60c0f99e6f25189d88baadd0c72821ca234d20586d5aa6bc7410a4f177f.json",
    "sha256": "66a3a60c0f99e6f25189d88baadd0c72821ca234d20586d5aa6bc7410a4f177f",
    "authoritative": true,
    "status": "AUTHORITATIVE",
    "date_added": "2026-09-20T02:53:35.244810+00:00",
    "producer_and_fit": "scripts/elo_hfa_deployed_gate.py; exact shipping equivalence verified by test_elo_hfa_release; release code379cd7ca; fit f7fc497e",
    "metrics": {
      "games": 2639,
      "team_observations": 5278,
      "mae": 7.575628833271496,
      "bias": 0.1888626093556898,
      "sd": 2.934554179081857,
      "slope": 1.0111093664106956
    },
    "audit_authority": "CURRENT_HFA"
  },
  "elapsed_seconds": 234.55349116699654,
  "peak_rss_bytes": 1871970304,
  "limits": [
    "Historical source availability unknown",
    "No release comparison or calibration gate",
    "Legacy admission thresholds only reconstruct old donor",
    "Personnel horizon remains weekly and conservative"
  ]
}
