{
  "status": "PASS",
  "scope": "Actual preparer/publisher/bundle/lock/grader/board-evidence code; captured inputs, simulated future clocks and explicitly synthetic final scores. No activation or public website publish.",
  "checked_at": "2026-09-22T23:13:21.675932+00:00",
  "fit_ref": {
    "path": "work/in-season-learning-v1/fit-801ef07927ea59bc112fc955ad86249b981d5e60a0f4a9636f39b2eb23be623f.json",
    "sha256": "801ef07927ea59bc112fc955ad86249b981d5e60a0f4a9636f39b2eb23be623f"
  },
  "observation_ref": {
    "path": "work/projection-observations-v1/snapshots/d3656dac9f670b4a670354286d6268a4d8744d1ee39f07097c09f1b380e449ba.json.gz",
    "sha256": "d3656dac9f670b4a670354286d6268a4d8744d1ee39f07097c09f1b380e449ba"
  },
  "slate_games": 14,
  "point_probability_interval_parity_games": 14,
  "source_frozen_records_preserved": 52,
  "reference": "Legacy builder independently rerun on identical captured sources in this runtime; exact projection equality required.",
  "original_cache_max_point_difference": 0.0,
  "synthetic_first_grades": 14,
  "idempotent_grades": 14,
  "preserved_canary_locks": 14,
  "board_evidence_games": 14,
  "board_context_games": 14,
  "simulated_cutoff": "2026-09-25T13:00:00+00:00",
  "simulated_preparation": "2026-09-27T15:40:00+00:00",
  "synthetic_final": {
    "away": 20,
    "home": 27
  },
  "consumer_code": {
    "engine/projection/finals.py": "761e1db6f49b50148daacb8c44d322eb865a3a3d27d221aa1145637f816a0c67",
    "engine/projection/source_archive.py": "c57fd254b478c3b5fcf49e81d043e977d9c126b1c96df2a6b52d4246e8025b5d",
    "scripts/cloud_scheduler.py": "bf166c006b2de17aa177a1da7fe3c896152517d8e1d86a07e8d2ad4fc51ac55e",
    "scripts/board_v7_publish.py": "14b30935bcee2a1e046d935010fd04fe8f1f2e5fe247729d702de7056b2c3171",
    "scripts/board_v9_publish.py": "4c9ab134333935010040ef5d5b43496635f55ae4eee10355db442bf1bc770d4b",
    "work/engine-rebuild/check_cutoff_publisher.py": "5c81c00ed04a9227513cd42bb4348630a5af9d8b6be7eaf705b1484fc62e2a7d"
  },
  "stage_seconds": {
    "state_update": 24.521065086009912,
    "prepare": 12.908093173056841,
    "upcoming_publish_including_board": 28.295027877087705,
    "first_lock_publish_including_board": 41.24649822199717,
    "first_grade_publish_including_board": 26.66520810802467,
    "duplicate_grade_publish_including_board": 4.1539723901078105
  },
  "elapsed_seconds": 189.81814938399475,
  "peak_rss_bytes": 261881856,
  "artifact_bytes": 7310207,
  "reference_limit": "Board references still use the retained SUPERSEDED adaptive series; current-reference migration remains required.",
  "provider_requests": 0,
  "new_spending": 0,
  "host_commit": "a782565dff9c4b98dd993e2669abf1e2276d5592",
  "uid": 1000,
  "python": "3.12.2",
  "tests": 36,
  "address_space_limit_bytes": 4294967296,
  "free_root_bytes": 151490560
}
