{
  "scope": "READ_ONLY_ACCEPTANCE_QUALIFICATION; original captured forecasts unchanged; no experiment",
  "captured_at": "2026-09-22T18:15:51.315584+00:00",
  "capture_receipt_sha256": "3e8906cd1e4df5e2441cc5e5c15091b69f35c31b3a2330a984434c4d2da7f5e0",
  "checker_sha256": "21ba19e714f6c8baeb993f2fcc039f011096e87d3d9f61863a78494b96ace40f",
  "script_sha256": "844126ed141ac8afb66afdab2ae5729b99193ed68e3f900c4cc6063673097107",
  "strict_probabilities": "DERIVED_FROM_ORIGINAL_MARGIN_COUNTS",
  "team_intervals": "DERIVED_FROM_ORIGINAL_TEAM_COUNTS; not separately stored in original forecasts",
  "counts": {
    "JOINT_EVIDENCE_MISSING": 48,
    "MARGINAL_MEAN_LINEAR_IDENTITY:margin": 48,
    "MARGINAL_MEAN_LINEAR_IDENTITY:total": 40,
    "NEGATIVE_SCORE_SUPPORT:away_points": 45,
    "NEGATIVE_SCORE_SUPPORT:home_points": 43,
    "POINT_IS_NOT_DISTRIBUTION_MEAN:away_points": 48,
    "POINT_IS_NOT_DISTRIBUTION_MEAN:home_points": 48,
    "POINT_IS_NOT_DISTRIBUTION_MEAN:margin": 48,
    "POINT_IS_NOT_DISTRIBUTION_MEAN:total": 48
  },
  "all_capture_files_unchanged": true,
  "frozen_issuing_files_unchanged": 50,
  "production_enforcement": "NOT_INSTALLED",
  "activates_method": false
}
