{
  "status": "BLOCKED_COMPLETION_EVIDENCE",
  "valid_e1_result": false,
  "full_schedule_games": 3919,
  "scored_period_games": 2639,
  "by_season": {
    "2016": {
      "games": 256,
      "missing_completions": 256,
      "affected_forecasts": null
    },
    "2017": {
      "games": 256,
      "missing_completions": 256,
      "affected_forecasts": null
    },
    "2018": {
      "games": 256,
      "missing_completions": 256,
      "affected_forecasts": null
    },
    "2019": {
      "games": 256,
      "missing_completions": 256,
      "affected_forecasts": null
    },
    "2020": {
      "games": 256,
      "missing_completions": 256,
      "affected_forecasts": null
    },
    "2021": {
      "games": 272,
      "missing_completions": 272,
      "affected_forecasts": null
    },
    "2022": {
      "games": 271,
      "missing_completions": 271,
      "affected_forecasts": null
    },
    "2023": {
      "games": 272,
      "missing_completions": 272,
      "affected_forecasts": null
    },
    "2024": {
      "games": 272,
      "missing_completions": 272,
      "affected_forecasts": null
    },
    "2025": {
      "games": 272,
      "missing_completions": 272,
      "affected_forecasts": null
    }
  },
  "rule": "Latest scheduled Tuesday 06:00 America/Los_Angeles strictly before own T-75; only completions strictly before cutoff; same state within interval.",
  "candidates": [
    "linear",
    "k4",
    "k8",
    "state_space"
  ],
  "common_calendar": true
}
BLOCKED: full-history completion audit failed; no fit or comparative result created
