test_budget_exception_escapes_without_archive_or_output (comp04_test_preflight.PreflightTests.test_budget_exception_escapes_without_archive_or_output) ... ok
test_compute_protocol_and_runtime_file_review_bindings (comp04_test_preflight.PreflightTests.test_compute_protocol_and_runtime_file_review_bindings) ... ok
test_duplicate_nonfinite_and_overflow_json_fail (comp04_test_preflight.PreflightTests.test_duplicate_nonfinite_and_overflow_json_fail) ... ok
test_fixed_terminal_receipt_evidence_is_not_permission (comp04_test_preflight.PreflightTests.test_fixed_terminal_receipt_evidence_is_not_permission) ... ok
test_full_membership_and_frozen_pin_rejected (comp04_test_preflight.PreflightTests.test_full_membership_and_frozen_pin_rejected) ... ok
test_manifest_bytes_equal_accepted_store_canonical_bytes (comp04_test_preflight.PreflightTests.test_manifest_bytes_equal_accepted_store_canonical_bytes) ... ok
test_manifest_changes_with_acceptance_identity_without_old_permission (comp04_test_preflight.PreflightTests.test_manifest_changes_with_acceptance_identity_without_old_permission) ... ok
test_manifest_deterministic_and_excludes_observation_state (comp04_test_preflight.PreflightTests.test_manifest_deterministic_and_excludes_observation_state) ... ok
test_missing_compute_pin_and_runtime_hash_are_fail_closed (comp04_test_preflight.PreflightTests.test_missing_compute_pin_and_runtime_hash_are_fail_closed) ... ok
test_null_qualification_review_and_evidence_bypass_closed (comp04_test_preflight.PreflightTests.test_null_qualification_review_and_evidence_bypass_closed) ... ok
test_old_permission_and_old_qualification_are_rejected (comp04_test_preflight.PreflightTests.test_old_permission_and_old_qualification_are_rejected) ... ok
test_pointer_hash_and_size_fail_before_reader (comp04_test_preflight.PreflightTests.test_pointer_hash_and_size_fail_before_reader) ... ok
test_production_does_not_call_original_permission_validator (comp04_test_preflight.PreflightTests.test_production_does_not_call_original_permission_validator) ... ok
test_production_registry_and_runtime_are_closed (comp04_test_preflight.PreflightTests.test_production_registry_and_runtime_are_closed) ... ok
test_qualified_runtime_files_rechecked_after_science_interface (comp04_test_preflight.PreflightTests.test_qualified_runtime_files_rechecked_after_science_interface) ... ok
test_real_file_nosymlink_size_and_hash_boundary (comp04_test_preflight.PreflightTests.test_real_file_nosymlink_size_and_hash_boundary) ... ok
test_review_and_qualification_bindings_cannot_be_truthy_grants (comp04_test_preflight.PreflightTests.test_review_and_qualification_bindings_cannot_be_truthy_grants) ... ok
test_runtime_and_permissions_are_exact_native_types (comp04_test_preflight.PreflightTests.test_runtime_and_permissions_are_exact_native_types) ... ok
test_runtime_library_tamper_rejected_before_qualification (comp04_test_preflight.PreflightTests.test_runtime_library_tamper_rejected_before_qualification) ... ok
test_source_config_and_protocol_bytes_are_authenticated (comp04_test_preflight.PreflightTests.test_source_config_and_protocol_bytes_are_authenticated) ... ok
test_stage_and_evidence_pointer_tampering (comp04_test_preflight.PreflightTests.test_stage_and_evidence_pointer_tampering) ... ok
test_actual_pilot_formula_retains_53_prefix_and_stops_224_suffix (comp04_test_controller.ChronologyTests.test_actual_pilot_formula_retains_53_prefix_and_stops_224_suffix) ... ok
test_complete_277_origin_4175_game_order_and_dispatch_counts (comp04_test_controller.ChronologyTests.test_complete_277_origin_4175_game_order_and_dispatch_counts) ... ok
test_current_failed_grade_cannot_feed_or_inflate_completed_counts (comp04_test_controller.ChronologyTests.test_current_failed_grade_cannot_feed_or_inflate_completed_counts) ... ok
test_wrong_original_origin_never_advances_or_grades (comp04_test_controller.ChronologyTests.test_wrong_original_origin_never_advances_or_grades) ... ok
test_copied_functions_have_only_registered_ast_changes (comp04_test_controller.SourceStructureTests.test_copied_functions_have_only_registered_ast_changes) ... ok
test_fixed_helpers_are_original_objects_and_composition_is_explicit (comp04_test_controller.SourceStructureTests.test_fixed_helpers_are_original_objects_and_composition_is_explicit) ... ok
test_existing_identity_refuses_before_second_admission (comp04_test_controller.TerminalFlowTests.test_existing_identity_refuses_before_second_admission) ... ok
test_invalid_evaluation_payload_is_retained_before_invalid_terminal (comp04_test_controller.TerminalFlowTests.test_invalid_evaluation_payload_is_retained_before_invalid_terminal) ... ok
test_new_terminal_atomic_pair_and_post_science_source_runtime_protocol_checks (comp04_test_controller.TerminalFlowTests.test_new_terminal_atomic_pair_and_post_science_source_runtime_protocol_checks) ... ok
test_partial_ordinary_write_is_retained_as_invalid_evidence (comp04_test_controller.TerminalFlowTests.test_partial_ordinary_write_is_retained_as_invalid_evidence) ... ok
test_post_commit_failure_never_constructs_a_competing_terminal (comp04_test_controller.TerminalFlowTests.test_post_commit_failure_never_constructs_a_competing_terminal) ... ok
test_preflight_rejection_prevents_store_and_all_science (comp04_test_controller.TerminalFlowTests.test_preflight_rejection_prevents_store_and_all_science) ... ok
test_runtime_file_change_after_evaluation_forces_invalid_terminal (comp04_test_controller.TerminalFlowTests.test_runtime_file_change_after_evaluation_forces_invalid_terminal) ... ok
test_user_interrupt_survives_failed_metadata_finalization (comp04_test_controller.TerminalFlowTests.test_user_interrupt_survives_failed_metadata_finalization) ... ok
test_2010_state_only_route_has_no_labels_or_scores (comp04_test_integration.IntegrationTests.test_2010_state_only_route_has_no_labels_or_scores) ... ok
test_bad_binding_publication_plan_or_law_stops_before_labels (comp04_test_integration.IntegrationTests.test_bad_binding_publication_plan_or_law_stops_before_labels) ... ok
test_complete_durable_publication_precedes_labels_and_candidate_score (comp04_test_integration.IntegrationTests.test_complete_durable_publication_precedes_labels_and_candidate_score) ... ok
test_different_diagonal_full_is_rescored_and_2025_has_no_inner (comp04_test_integration.IntegrationTests.test_different_diagonal_full_is_rescored_and_2025_has_no_inner) ... ok
test_final_directory_fsync_failure_withholds_ready_result (comp04_test_integration.IntegrationTests.test_final_directory_fsync_failure_withholds_ready_result) ... ok
test_first_inner_double_grid_survives_origin_and_resets_at_season (comp04_test_integration.IntegrationTests.test_first_inner_double_grid_survives_origin_and_resets_at_season) ... ok
test_fixed_public_signatures_and_inherited_state_helpers (comp04_test_integration.IntegrationTests.test_fixed_public_signatures_and_inherited_state_helpers) ... ok
test_noeligible_fallback_reason_diagnostics_and_scientific_bytes (comp04_test_integration.IntegrationTests.test_noeligible_fallback_reason_diagnostics_and_scientific_bytes) ... ok
test_numerical_fit_failure_uses_same_fallback_without_retry (comp04_test_integration.IntegrationTests.test_numerical_fit_failure_uses_same_fallback_without_retry) ... ok
test_offdiagonal_full_all_variants_and_original_mass_calls_are_exact (comp04_test_integration.IntegrationTests.test_offdiagonal_full_all_variants_and_original_mass_calls_are_exact) ... ok
test_partial_publication_failure_cannot_open_labels_or_score (comp04_test_integration.IntegrationTests.test_partial_publication_failure_cannot_open_labels_or_score) ... ok
test_real_candidate_nonfinite_output_is_not_saved_or_retried (comp04_test_integration.IntegrationTests.test_real_candidate_nonfinite_output_is_not_saved_or_retried) ... ok
test_real_composed_publication_binds_current79_new_manifest (comp04_test_integration.IntegrationTests.test_real_composed_publication_binds_current79_new_manifest) ... ok
test_same_diagonal_copies_and_new_zero_scores_match_original_bytes (comp04_test_integration.IntegrationTests.test_same_diagonal_copies_and_new_zero_scores_match_original_bytes) ... ok
test_saved_score_reload_tamper_retains_prefix_and_poison (comp04_test_integration.IntegrationTests.test_saved_score_reload_tamper_retains_prefix_and_poison) ... ok
test_scorer_exception_and_baseexception_poison_one_attempt (comp04_test_integration.IntegrationTests.test_scorer_exception_and_baseexception_poison_one_attempt) ... ok

----------------------------------------------------------------------
Ran 51 tests in 19.244s

OK
