{
  "pooled": {
    "games": 1170,
    "deployed_mae": 10.249234182677032,
    "nfelo_mae": 10.022605507000769,
    "closing_mae": 9.774786324786325,
    "baseline_mae": 10.555918466291827,
    "nfelo_gap": 0.22662867567626233,
    "nfelo_excess_loss": 265.1555505412269,
    "nfelo_gap_standard_error": 0.08505122754786547,
    "closing_gap": 0.474447857890707,
    "closing_excess_loss": 555.1039937321272,
    "closing_gap_standard_error": 0.09617387962356408
  },
  "buckets": {
    "season": {
      "2021": {
        "games": 224,
        "deployed_mae": 11.169980609833564,
        "nfelo_mae": 10.704792636468648,
        "closing_mae": 10.743303571428571,
        "baseline_mae": 11.550861085167076,
        "nfelo_gap": 0.46518797336491574,
        "nfelo_excess_loss": 104.20210603374113,
        "nfelo_gap_standard_error": 0.17764895558984084,
        "closing_gap": 0.42667703840499205,
        "closing_excess_loss": 95.57565660271821,
        "closing_gap_standard_error": 0.24158647644475556,
        "nfelo_excess_loss_share": 0.3929848189903895,
        "closing_excess_loss_share": 0.172176128584727
      },
      "2022": {
        "games": 238,
        "deployed_mae": 9.17336805413454,
        "nfelo_mae": 8.76347624967833,
        "closing_mae": 8.686974789915967,
        "baseline_mae": 9.307425411791291,
        "nfelo_gap": 0.4098918044562103,
        "nfelo_excess_loss": 97.55424946057806,
        "nfelo_gap_standard_error": 0.19671811662108402,
        "closing_gap": 0.4863932642185735,
        "closing_excess_loss": 115.76159688402049,
        "closing_gap_standard_error": 0.21059462053709954,
        "nfelo_excess_loss_share": 0.3679132843399035,
        "closing_excess_loss_share": 0.20854037836355901
      },
      "2023": {
        "games": 238,
        "deployed_mae": 10.666753375182306,
        "nfelo_mae": 10.381796408396978,
        "closing_mae": 10.035714285714286,
        "baseline_mae": 10.906949180545585,
        "nfelo_gap": 0.2849569667853284,
        "nfelo_excess_loss": 67.81975809490817,
        "nfelo_gap_standard_error": 0.18377407810135912,
        "closing_gap": 0.6310390894680206,
        "closing_excess_loss": 150.18730329338888,
        "closing_gap_standard_error": 0.18976569939313218,
        "nfelo_excess_loss_share": 0.2557734807228311,
        "closing_excess_loss_share": 0.27055705775711597
      },
      "2024": {
        "games": 239,
        "deployed_mae": 10.211401774877753,
        "nfelo_mae": 10.286610878661088,
        "closing_mae": 9.834728033472803,
        "baseline_mae": 10.725910405731671,
        "nfelo_gap": -0.07520910378333388,
        "nfelo_excess_loss": -17.974975804216797,
        "nfelo_gap_standard_error": 0.20989313432726248,
        "closing_gap": 0.37667374140495063,
        "closing_excess_loss": 90.0250241957832,
        "closing_gap_standard_error": 0.2295586120441597,
        "nfelo_excess_loss_share": -0.06779030560562228,
        "closing_excess_loss_share": 0.1621768627361488
      },
      "2025": {
        "games": 231,
        "deployed_mae": 10.073828626650288,
        "nfelo_mae": 10.015151515151516,
        "closing_mae": 9.625541125541126,
        "baseline_mae": 10.339904686311542,
        "nfelo_gap": 0.05867711149877214,
        "nfelo_excess_loss": 13.554412756216363,
        "nfelo_gap_standard_error": 0.1774901290582987,
        "closing_gap": 0.44828750110916177,
        "closing_excess_loss": 103.55441275621637,
        "closing_gap_standard_error": 0.20330925280066195,
        "nfelo_excess_loss_share": 0.05111872155249829,
        "closing_excess_loss_share": 0.18654957255844917
      }
    },
    "week_band": {
      "1\u20135": {
        "games": 343,
        "deployed_mae": 10.392769184005749,
        "nfelo_mae": 10.212702564567987,
        "closing_mae": 9.988338192419825,
        "baseline_mae": 10.602924622203831,
        "nfelo_gap": 0.1800666194377621,
        "nfelo_excess_loss": 61.7628504671524,
        "nfelo_gap_standard_error": 0.16064978732566448,
        "closing_gap": 0.4044309915859243,
        "closing_excess_loss": 138.71983011397202,
        "closing_gap_standard_error": 0.17272006279079455,
        "nfelo_excess_loss_share": 0.23293063389049964,
        "closing_excess_loss_share": 0.249898814781205
      },
      "6+": {
        "games": 827,
        "deployed_mae": 10.189702737144081,
        "nfelo_mae": 9.943762350113762,
        "closing_mae": 9.68621523579202,
        "baseline_mae": 10.536422563658432,
        "nfelo_gap": 0.24594038703031984,
        "nfelo_excess_loss": 203.39270007407453,
        "nfelo_gap_standard_error": 0.1002501410813413,
        "closing_gap": 0.5034875013520618,
        "closing_excess_loss": 416.3841636181551,
        "closing_gap_standard_error": 0.11572838348904445,
        "nfelo_excess_loss_share": 0.7670693661095005,
        "closing_excess_loss_share": 0.750101185218795
      }
    },
    "favorite_band": {
      "14+": {
        "games": 13,
        "deployed_mae": 12.979581095215813,
        "nfelo_mae": 10.988539450812977,
        "closing_mae": 10.0,
        "baseline_mae": 9.536452736516248,
        "nfelo_gap": 1.9910416444028354,
        "nfelo_excess_loss": 25.88354137723686,
        "nfelo_gap_standard_error": 0.9466228684209088,
        "closing_gap": 2.979581095215813,
        "closing_excess_loss": 38.73455423780557,
        "closing_gap_standard_error": 1.2447953600089783,
        "nfelo_excess_loss_share": 0.09761644183726954,
        "closing_excess_loss_share": 0.0697789147171898
      },
      "3\u2013<7": {
        "games": 465,
        "deployed_mae": 10.212527791957365,
        "nfelo_mae": 10.107845458784437,
        "closing_mae": 9.944086021505376,
        "baseline_mae": 10.591276298275279,
        "nfelo_gap": 0.1046823331729283,
        "nfelo_excess_loss": 48.67728492541166,
        "nfelo_gap_standard_error": 0.14079003450482808,
        "closing_gap": 0.2684417704519892,
        "closing_excess_loss": 124.82542326017499,
        "closing_gap_standard_error": 0.15679932294168447,
        "nfelo_excess_loss_share": 0.18358010920779586,
        "closing_excess_loss_share": 0.22486853755264308
      },
      "7\u2013<14": {
        "games": 225,
        "deployed_mae": 11.46431648513975,
        "nfelo_mae": 10.924722274545589,
        "closing_mae": 10.682222222222222,
        "baseline_mae": 12.095929697200347,
        "nfelo_gap": 0.5395942105941628,
        "nfelo_excess_loss": 121.40869738368663,
        "nfelo_gap_standard_error": 0.19613847149835967,
        "closing_gap": 0.7820942629175293,
        "closing_excess_loss": 175.9712091564441,
        "closing_gap_standard_error": 0.210059737564843,
        "nfelo_excess_loss_share": 0.4578772616144416,
        "closing_excess_loss_share": 0.31700584240682184
      },
      "<3": {
        "games": 467,
        "deployed_mae": 9.62435290594797,
        "nfelo_mae": 9.476202955509232,
        "closing_mae": 9.162740899357601,
        "baseline_mae": 9.807115758926429,
        "nfelo_gap": 0.14814995043874038,
        "nfelo_excess_loss": 69.18602685489176,
        "nfelo_gap_standard_error": 0.12620122183920862,
        "closing_gap": 0.4616120065903694,
        "closing_excess_loss": 215.5728070777025,
        "closing_gap_standard_error": 0.14785881164257392,
        "nfelo_excess_loss_share": 0.26092618734049317,
        "closing_excess_loss_share": 0.3883467053233453
      }
    },
    "qb_change": {
      "CHANGED": {
        "games": 276,
        "deployed_mae": 10.358931947473394,
        "nfelo_mae": 9.709441695316396,
        "closing_mae": 9.652173913043478,
        "baseline_mae": 10.44484648939387,
        "nfelo_gap": 0.6494902521569967,
        "nfelo_excess_loss": 179.2593095953311,
        "nfelo_gap_standard_error": 0.18361158762239638,
        "closing_gap": 0.706758034429915,
        "closing_excess_loss": 195.06521750265654,
        "closing_gap_standard_error": 0.2552348859447624,
        "nfelo_excess_loss_share": 0.6760533929213732,
        "closing_excess_loss_share": 0.351403015840646
      },
      "UNCHANGED": {
        "games": 894,
        "deployed_mae": 10.21536775864594,
        "nfelo_mae": 10.119286952218763,
        "closing_mae": 9.812639821029082,
        "baseline_mae": 10.590209143723412,
        "nfelo_gap": 0.09608080642717653,
        "nfelo_excess_loss": 85.89624094589583,
        "nfelo_gap_standard_error": 0.09542956639984651,
        "closing_gap": 0.4027279376168575,
        "closing_excess_loss": 360.0387762294706,
        "closing_gap_standard_error": 0.09812414825130067,
        "nfelo_excess_loss_share": 0.32394660707862694,
        "closing_excess_loss_share": 0.648596984159354
      }
    },
    "roof": {
      "DOME": {
        "games": 312,
        "deployed_mae": 10.280018739792949,
        "nfelo_mae": 10.158580115070606,
        "closing_mae": 9.83173076923077,
        "baseline_mae": 10.466783800978874,
        "nfelo_gap": 0.12143862472234336,
        "nfelo_excess_loss": 37.88885091337113,
        "nfelo_gap_standard_error": 0.17129513258952378,
        "closing_gap": 0.4482879705621799,
        "closing_excess_loss": 139.86584681540012,
        "closing_gap_standard_error": 0.18727317380391026,
        "nfelo_excess_loss_share": 0.14289292015963323,
        "closing_excess_loss_share": 0.25196332289926604
      },
      "OUTDOOR": {
        "games": 858,
        "deployed_mae": 10.238039798271243,
        "nfelo_mae": 9.973160194975375,
        "closing_mae": 9.754079254079254,
        "baseline_mae": 10.588331071860173,
        "nfelo_gap": 0.26487960329586924,
        "nfelo_excess_loss": 227.2666996278558,
        "nfelo_gap_standard_error": 0.09786156184247906,
        "closing_gap": 0.48396054419198953,
        "closing_excess_loss": 415.23814691672703,
        "closing_gap_standard_error": 0.1121437994788219,
        "nfelo_excess_loss_share": 0.8571070798403668,
        "closing_excess_loss_share": 0.748036677100734
      }
    }
  },
  "eligibility": {
    "deployed_2021_2025": 1359,
    "matched": 1170,
    "excluded_counts": {
      "MISSING_NFELO": 182,
      "DUPLICATE_NFELO_GAME_ID": 7
    }
  },
  "audit_target": 1177,
  "audit_population_reproduced": false,
  "qb_label": "Observed starter change versus previous played REG game; retrospective, not confirmed pregame"
}
