test_one_actual_shared_science_pair_under_old_and_resource_envelopes (comp08_test_resource_policy.GenuineScienceTests.test_one_actual_shared_science_pair_under_old_and_resource_envelopes) ... ok
test_baseline_source_runtime_and_review_scope_contradictions_rejected (comp08_test_resource_policy.PreflightTests.test_baseline_source_runtime_and_review_scope_contradictions_rejected) ... ok
test_fresh_manifest_budget_identity_and_scientific_registry (comp08_test_resource_policy.PreflightTests.test_fresh_manifest_budget_identity_and_scientific_registry) ... ok
test_old_missing_wrong_and_rehashed_resource_policy_rejected (comp08_test_resource_policy.PreflightTests.test_old_missing_wrong_and_rehashed_resource_policy_rejected) ... ok
test_below_between_at_above_caps_exact_delegated_formula (comp08_test_resource_policy.ProjectionTests.test_below_between_at_above_caps_exact_delegated_formula) ... ok
test_failures_remain_maxima_and_rss_still_vetoes (comp08_test_resource_policy.ProjectionTests.test_failures_remain_maxima_and_rss_still_vetoes) ... ok
test_invalid_membership_anchor_and_failed_interval_preserve_original_errors (comp08_test_resource_policy.ProjectionTests.test_invalid_membership_anchor_and_failed_interval_preserve_original_errors) ... ok
test_earlier_smoke_and_failed_callbacks_keep_original_limits (comp08_test_resource_policy.RuntimeTests.test_earlier_smoke_and_failed_callbacks_keep_original_limits) ... ok
test_expired_grace_does_not_refresh_after_late_delivery (comp08_test_resource_policy.RuntimeTests.test_expired_grace_does_not_refresh_after_late_delivery) ... ok
test_initial_9000_deadline_and_no_7200_or_600_stop (comp08_test_resource_policy.RuntimeTests.test_initial_9000_deadline_and_no_7200_or_600_stop) ... ok
test_memory_boundary_and_interrupt_preservation (comp08_test_resource_policy.RuntimeTests.test_memory_boundary_and_interrupt_preservation) ... ok
test_parent_start_counts_imports_and_delayed_delivery (comp08_test_resource_policy.RuntimeTests.test_parent_start_counts_imports_and_delayed_delivery) ... ok
test_real_invalid_closure_no_science_and_no_second_terminal (comp08_test_resource_policy.RuntimeTests.test_real_invalid_closure_no_science_and_no_second_terminal) ... ok
test_real_short_signal_escapes_exception_and_restores_handler (comp08_test_resource_policy.RuntimeTests.test_real_short_signal_escapes_exception_and_restores_handler) ... ok
test_chronological_loop_is_literal_and_scientific_config_unchanged (comp08_test_resource_policy.SourceTests.test_chronological_loop_is_literal_and_scientific_config_unchanged) ... ok
test_runtime_and_watchdog_ast_only_registered_resource_changes (comp08_test_resource_policy.SourceTests.test_runtime_and_watchdog_ast_only_registered_resource_changes) ... ok
test_shared_science_accounting_storage_and_failure_identities (comp08_test_resource_policy.SourceTests.test_shared_science_accounting_storage_and_failure_identities) ... ok
test_missing_observation_and_existing_identity_are_not_success (comp08_test_resource_policy.WatchdogTests.test_missing_observation_and_existing_identity_are_not_success) ... ok
test_native_signal_suppression_hard_stops_without_worker_grace (comp08_test_resource_policy.WatchdogTests.test_native_signal_suppression_hard_stops_without_worker_grace) ... ok
test_public_9000_policy_and_real_phase_handshake (comp08_test_resource_policy.WatchdogTests.test_public_9000_policy_and_real_phase_handshake) ... ok
test_short_external_smoke_and_rss_remain_enforced (comp08_test_resource_policy.WatchdogTests.test_short_external_smoke_and_rss_remain_enforced) ... ok

----------------------------------------------------------------------
Ran 21 tests in 2.584s

OK
