{
  "state": "PASS",
  "preregistration_precedes_comparison": true,
  "registered_inputs_and_code_hashes_match": true,
  "active_fit_unchanged": true,
  "frozen_projections_grades_and_phase_a_unchanged": true,
  "paired_populations_and_recomputed_metrics": {
    "k4": {
      "team_rows": 5278,
      "games": 2639,
      "mae": 7.585841802174193,
      "own_prior_calibration_coverage_reproduced": true
    },
    "k8": {
      "team_rows": 5278,
      "games": 2639,
      "mae": 7.600755716885834,
      "own_prior_calibration_coverage_reproduced": true
    },
    "linear": {
      "team_rows": 5278,
      "games": 2639,
      "mae": 7.571551239212766,
      "own_prior_calibration_coverage_reproduced": true
    },
    "state_space": {
      "team_rows": 5278,
      "games": 2639,
      "mae": 7.572709894608589,
      "own_prior_calibration_coverage_reproduced": true
    }
  },
  "compressed_artifact_hash_verified": true,
  "current_as_issued_comparison_verified": true,
  "tests": {
    "forecast": 20,
    "projection": 57,
    "week1": 218,
    "reporting": 1,
    "total": 296
  },
  "gate_runtime_seconds": 976.0176533330232,
  "current_runtime_seconds": 3.155608707922511
}
