test_ancestry_failure_preserves_state_but_no_publication (__main__.PublicationTests.test_ancestry_failure_preserves_state_but_no_publication) ... ERROR
test_incomplete_or_changed_borrowed_state_prevents_publication (__main__.PublicationTests.test_incomplete_or_changed_borrowed_state_prevents_publication) ... ERROR
test_pointer_and_plan_must_belong_to_exact_saved_publication (__main__.PublicationTests.test_pointer_and_plan_must_belong_to_exact_saved_publication) ... ERROR
test_real_store_state_ancestry_publication_then_actual_archive_grader (__main__.PublicationTests.test_real_store_state_ancestry_publication_then_actual_archive_grader) ... ERROR
test_saved_bytes_and_in_memory_assembly_cannot_change_before_grading (__main__.PublicationTests.test_saved_bytes_and_in_memory_assembly_cannot_change_before_grading) ... ERROR
test_write_failure_has_no_readable_complete_forecast (__main__.PublicationTests.test_write_failure_has_no_readable_complete_forecast) ... ERROR
test_wrong_manifest_or_parent_rejected_before_writes (__main__.PublicationTests.test_wrong_manifest_or_parent_rejected_before_writes) ... ERROR
test_focused_suite_stops_after_swallowed_unittest_baseexception (__main__.SmokeTimingTests.test_focused_suite_stops_after_swallowed_unittest_baseexception) ... ok
test_loading_plus_evaluation_overrun_cannot_reset_to_evaluator_120 (__main__.SmokeTimingTests.test_loading_plus_evaluation_overrun_cannot_reset_to_evaluator_120) ... ok
test_real_three_focused_cases_preserve_live_archive_seal (__main__.SmokeTimingTests.test_real_three_focused_cases_preserve_live_archive_seal) ... ok
test_total_deadline_wins_if_shorter_and_user_interrupts_survive (__main__.SmokeTimingTests.test_total_deadline_wins_if_shorter_and_user_interrupts_survive) ... ok
test_total_smoke_includes_loading_but_pilot_T_is_evaluator_only (__main__.SmokeTimingTests.test_total_smoke_includes_loading_but_pilot_T_is_evaluator_only) ... ok

======================================================================
ERROR: test_ancestry_failure_preserves_state_but_no_publication (__main__.PublicationTests.test_ancestry_failure_preserves_state_but_no_publication)
----------------------------------------------------------------------
Traceback (most recent call last):
  File "/private/tmp/os01-gen15-rebuild.9ny71k/tests/research-score-split/test_controller_unit.py", line 162, in setUp
    self.store = Store(Path(self.temp.name), 'synthetic-publication')
                 ^^^^^^^^^^^^^^^^^^^^^^^^^^^^^^^^^^^^^^^^^^^^^^^^^^^^
  File "/private/tmp/os01-gen15-rebuild.9ny71k/scripts/research_score_conditional_run.py", line 94, in __init__
    super().__init__(parent, identity)
  File "/private/tmp/os01-gen15-rebuild.9ny71k/scripts/research_score_run.py", line 68, in __init__
    parent_fd = _directory_fd(parent)
                ^^^^^^^^^^^^^^^^^^^^^
  File "/private/tmp/os01-gen15-rebuild.9ny71k/scripts/research_score_run.py", line 54, in _directory_fd
    following = os.open(part, os.O_RDONLY | os.O_DIRECTORY | os.O_NOFOLLOW, dir_fd=fd)
                ^^^^^^^^^^^^^^^^^^^^^^^^^^^^^^^^^^^^^^^^^^^^^^^^^^^^^^^^^^^^^^^^^^^^^^
NotADirectoryError: [Errno 20] Not a directory: 'var'

======================================================================
ERROR: test_incomplete_or_changed_borrowed_state_prevents_publication (__main__.PublicationTests.test_incomplete_or_changed_borrowed_state_prevents_publication)
----------------------------------------------------------------------
Traceback (most recent call last):
  File "/private/tmp/os01-gen15-rebuild.9ny71k/tests/research-score-split/test_controller_unit.py", line 162, in setUp
    self.store = Store(Path(self.temp.name), 'synthetic-publication')
                 ^^^^^^^^^^^^^^^^^^^^^^^^^^^^^^^^^^^^^^^^^^^^^^^^^^^^
  File "/private/tmp/os01-gen15-rebuild.9ny71k/scripts/research_score_conditional_run.py", line 94, in __init__
    super().__init__(parent, identity)
  File "/private/tmp/os01-gen15-rebuild.9ny71k/scripts/research_score_run.py", line 68, in __init__
    parent_fd = _directory_fd(parent)
                ^^^^^^^^^^^^^^^^^^^^^
  File "/private/tmp/os01-gen15-rebuild.9ny71k/scripts/research_score_run.py", line 54, in _directory_fd
    following = os.open(part, os.O_RDONLY | os.O_DIRECTORY | os.O_NOFOLLOW, dir_fd=fd)
                ^^^^^^^^^^^^^^^^^^^^^^^^^^^^^^^^^^^^^^^^^^^^^^^^^^^^^^^^^^^^^^^^^^^^^^
NotADirectoryError: [Errno 20] Not a directory: 'var'

======================================================================
ERROR: test_pointer_and_plan_must_belong_to_exact_saved_publication (__main__.PublicationTests.test_pointer_and_plan_must_belong_to_exact_saved_publication)
----------------------------------------------------------------------
Traceback (most recent call last):
  File "/private/tmp/os01-gen15-rebuild.9ny71k/tests/research-score-split/test_controller_unit.py", line 162, in setUp
    self.store = Store(Path(self.temp.name), 'synthetic-publication')
                 ^^^^^^^^^^^^^^^^^^^^^^^^^^^^^^^^^^^^^^^^^^^^^^^^^^^^
  File "/private/tmp/os01-gen15-rebuild.9ny71k/scripts/research_score_conditional_run.py", line 94, in __init__
    super().__init__(parent, identity)
  File "/private/tmp/os01-gen15-rebuild.9ny71k/scripts/research_score_run.py", line 68, in __init__
    parent_fd = _directory_fd(parent)
                ^^^^^^^^^^^^^^^^^^^^^
  File "/private/tmp/os01-gen15-rebuild.9ny71k/scripts/research_score_run.py", line 54, in _directory_fd
    following = os.open(part, os.O_RDONLY | os.O_DIRECTORY | os.O_NOFOLLOW, dir_fd=fd)
                ^^^^^^^^^^^^^^^^^^^^^^^^^^^^^^^^^^^^^^^^^^^^^^^^^^^^^^^^^^^^^^^^^^^^^^
NotADirectoryError: [Errno 20] Not a directory: 'var'

======================================================================
ERROR: test_real_store_state_ancestry_publication_then_actual_archive_grader (__main__.PublicationTests.test_real_store_state_ancestry_publication_then_actual_archive_grader)
----------------------------------------------------------------------
Traceback (most recent call last):
  File "/private/tmp/os01-gen15-rebuild.9ny71k/tests/research-score-split/test_controller_unit.py", line 162, in setUp
    self.store = Store(Path(self.temp.name), 'synthetic-publication')
                 ^^^^^^^^^^^^^^^^^^^^^^^^^^^^^^^^^^^^^^^^^^^^^^^^^^^^
  File "/private/tmp/os01-gen15-rebuild.9ny71k/scripts/research_score_conditional_run.py", line 94, in __init__
    super().__init__(parent, identity)
  File "/private/tmp/os01-gen15-rebuild.9ny71k/scripts/research_score_run.py", line 68, in __init__
    parent_fd = _directory_fd(parent)
                ^^^^^^^^^^^^^^^^^^^^^
  File "/private/tmp/os01-gen15-rebuild.9ny71k/scripts/research_score_run.py", line 54, in _directory_fd
    following = os.open(part, os.O_RDONLY | os.O_DIRECTORY | os.O_NOFOLLOW, dir_fd=fd)
                ^^^^^^^^^^^^^^^^^^^^^^^^^^^^^^^^^^^^^^^^^^^^^^^^^^^^^^^^^^^^^^^^^^^^^^
NotADirectoryError: [Errno 20] Not a directory: 'var'

======================================================================
ERROR: test_saved_bytes_and_in_memory_assembly_cannot_change_before_grading (__main__.PublicationTests.test_saved_bytes_and_in_memory_assembly_cannot_change_before_grading)
----------------------------------------------------------------------
Traceback (most recent call last):
  File "/private/tmp/os01-gen15-rebuild.9ny71k/tests/research-score-split/test_controller_unit.py", line 162, in setUp
    self.store = Store(Path(self.temp.name), 'synthetic-publication')
                 ^^^^^^^^^^^^^^^^^^^^^^^^^^^^^^^^^^^^^^^^^^^^^^^^^^^^
  File "/private/tmp/os01-gen15-rebuild.9ny71k/scripts/research_score_conditional_run.py", line 94, in __init__
    super().__init__(parent, identity)
  File "/private/tmp/os01-gen15-rebuild.9ny71k/scripts/research_score_run.py", line 68, in __init__
    parent_fd = _directory_fd(parent)
                ^^^^^^^^^^^^^^^^^^^^^
  File "/private/tmp/os01-gen15-rebuild.9ny71k/scripts/research_score_run.py", line 54, in _directory_fd
    following = os.open(part, os.O_RDONLY | os.O_DIRECTORY | os.O_NOFOLLOW, dir_fd=fd)
                ^^^^^^^^^^^^^^^^^^^^^^^^^^^^^^^^^^^^^^^^^^^^^^^^^^^^^^^^^^^^^^^^^^^^^^
NotADirectoryError: [Errno 20] Not a directory: 'var'

======================================================================
ERROR: test_write_failure_has_no_readable_complete_forecast (__main__.PublicationTests.test_write_failure_has_no_readable_complete_forecast)
----------------------------------------------------------------------
Traceback (most recent call last):
  File "/private/tmp/os01-gen15-rebuild.9ny71k/tests/research-score-split/test_controller_unit.py", line 162, in setUp
    self.store = Store(Path(self.temp.name), 'synthetic-publication')
                 ^^^^^^^^^^^^^^^^^^^^^^^^^^^^^^^^^^^^^^^^^^^^^^^^^^^^
  File "/private/tmp/os01-gen15-rebuild.9ny71k/scripts/research_score_conditional_run.py", line 94, in __init__
    super().__init__(parent, identity)
  File "/private/tmp/os01-gen15-rebuild.9ny71k/scripts/research_score_run.py", line 68, in __init__
    parent_fd = _directory_fd(parent)
                ^^^^^^^^^^^^^^^^^^^^^
  File "/private/tmp/os01-gen15-rebuild.9ny71k/scripts/research_score_run.py", line 54, in _directory_fd
    following = os.open(part, os.O_RDONLY | os.O_DIRECTORY | os.O_NOFOLLOW, dir_fd=fd)
                ^^^^^^^^^^^^^^^^^^^^^^^^^^^^^^^^^^^^^^^^^^^^^^^^^^^^^^^^^^^^^^^^^^^^^^
NotADirectoryError: [Errno 20] Not a directory: 'var'

======================================================================
ERROR: test_wrong_manifest_or_parent_rejected_before_writes (__main__.PublicationTests.test_wrong_manifest_or_parent_rejected_before_writes)
----------------------------------------------------------------------
Traceback (most recent call last):
  File "/private/tmp/os01-gen15-rebuild.9ny71k/tests/research-score-split/test_controller_unit.py", line 162, in setUp
    self.store = Store(Path(self.temp.name), 'synthetic-publication')
                 ^^^^^^^^^^^^^^^^^^^^^^^^^^^^^^^^^^^^^^^^^^^^^^^^^^^^
  File "/private/tmp/os01-gen15-rebuild.9ny71k/scripts/research_score_conditional_run.py", line 94, in __init__
    super().__init__(parent, identity)
  File "/private/tmp/os01-gen15-rebuild.9ny71k/scripts/research_score_run.py", line 68, in __init__
    parent_fd = _directory_fd(parent)
                ^^^^^^^^^^^^^^^^^^^^^
  File "/private/tmp/os01-gen15-rebuild.9ny71k/scripts/research_score_run.py", line 54, in _directory_fd
    following = os.open(part, os.O_RDONLY | os.O_DIRECTORY | os.O_NOFOLLOW, dir_fd=fd)
                ^^^^^^^^^^^^^^^^^^^^^^^^^^^^^^^^^^^^^^^^^^^^^^^^^^^^^^^^^^^^^^^^^^^^^^
NotADirectoryError: [Errno 20] Not a directory: 'var'

----------------------------------------------------------------------
Ran 12 tests in 0.516s

FAILED (errors=7)
