test_focused_suite_stops_after_swallowed_unittest_baseexception (__main__.SmokeTimingTests.test_focused_suite_stops_after_swallowed_unittest_baseexception) ... ok
test_loading_plus_evaluation_overrun_cannot_reset_to_evaluator_120 (__main__.SmokeTimingTests.test_loading_plus_evaluation_overrun_cannot_reset_to_evaluator_120) ... ok
test_real_three_focused_cases_preserve_live_archive_seal (__main__.SmokeTimingTests.test_real_three_focused_cases_preserve_live_archive_seal) ... ok
test_total_deadline_wins_if_shorter_and_user_interrupts_survive (__main__.SmokeTimingTests.test_total_deadline_wins_if_shorter_and_user_interrupts_survive) ... ok
test_total_smoke_includes_loading_but_pilot_T_is_evaluator_only (__main__.SmokeTimingTests.test_total_smoke_includes_loading_but_pilot_T_is_evaluator_only) ... ok
test_ancestry_failure_preserves_state_but_no_publication (__main__.PublicationTests.test_ancestry_failure_preserves_state_but_no_publication) ... ok
test_incomplete_or_changed_borrowed_state_prevents_publication (__main__.PublicationTests.test_incomplete_or_changed_borrowed_state_prevents_publication) ... ok
test_pointer_and_plan_must_belong_to_exact_saved_publication (__main__.PublicationTests.test_pointer_and_plan_must_belong_to_exact_saved_publication) ... ok
test_real_store_state_ancestry_publication_then_actual_archive_grader (__main__.PublicationTests.test_real_store_state_ancestry_publication_then_actual_archive_grader) ... ok
test_saved_bytes_and_in_memory_assembly_cannot_change_before_grading (__main__.PublicationTests.test_saved_bytes_and_in_memory_assembly_cannot_change_before_grading) ... ok
test_write_failure_has_no_readable_complete_forecast (__main__.PublicationTests.test_write_failure_has_no_readable_complete_forecast) ... ok
test_wrong_manifest_or_parent_rejected_before_writes (__main__.PublicationTests.test_wrong_manifest_or_parent_rejected_before_writes) ... ok
test_actual_atomic_success_and_existing_identity_refusal (__main__.TerminalFlowTests.test_actual_atomic_success_and_existing_identity_refusal) ... ok
test_interrupt_survives_failed_metadata_closure (__main__.TerminalFlowTests.test_interrupt_survives_failed_metadata_closure) ... ok
test_invalid_evaluator_payload_saved_before_invalid_terminal (__main__.TerminalFlowTests.test_invalid_evaluator_payload_saved_before_invalid_terminal) ... ok
test_late_atomic_completion_fault_preserves_one_terminal (__main__.TerminalFlowTests.test_late_atomic_completion_fault_preserves_one_terminal) ... ok
test_parent_start_counts_import_setup_and_cannot_be_future (__main__.TerminalFlowTests.test_parent_start_counts_import_setup_and_cannot_be_future) ... ok
test_directory_fsync_failure_blocks_publication_handoff (__main__.ExtendedPublicationTests.test_directory_fsync_failure_blocks_publication_handoff) ... ok
test_rehashed_state_population_and_own_state_invalid (__main__.ExtendedPublicationTests.test_rehashed_state_population_and_own_state_invalid) ... ok

----------------------------------------------------------------------
Ran 19 tests in 1.209s

OK
