test_2010_opens_no_labels_and_performs_no_scores (test_grade_unit.GradeUnitTests.test_2010_opens_no_labels_and_performs_no_scores) ... ERROR
test_binding_failure_or_boolean_proof_prevents_labels_and_poisoned_retry (test_grade_unit.GradeUnitTests.test_binding_failure_or_boolean_proof_prevents_labels_and_poisoned_retry) ... /opt/anaconda3/lib/python3.12/tempfile.py:936: ResourceWarning: Implicitly cleaning up <TemporaryDirectory '/var/folders/_w/qdm05hdd4bd6jn63np8pcfrw0000gn/T/tmp1uhjilbn'>
  _warnings.warn(warn_message, ResourceWarning)
/opt/anaconda3/lib/python3.12/tempfile.py:936: ResourceWarning: Implicitly cleaning up <TemporaryDirectory '/var/folders/_w/qdm05hdd4bd6jn63np8pcfrw0000gn/T/tmpgazjnxgr'>
  _warnings.warn(warn_message, ResourceWarning)
ERROR
test_inner_first_double_grid_real_calls_and_native_json_reload (test_grade_unit.GradeUnitTests.test_inner_first_double_grid_real_calls_and_native_json_reload) ... /opt/anaconda3/lib/python3.12/tempfile.py:936: ResourceWarning: Implicitly cleaning up <TemporaryDirectory '/var/folders/_w/qdm05hdd4bd6jn63np8pcfrw0000gn/T/tmpur9wo8m8'>
  _warnings.warn(warn_message, ResourceWarning)
/opt/anaconda3/lib/python3.12/tempfile.py:936: ResourceWarning: Implicitly cleaning up <TemporaryDirectory '/var/folders/_w/qdm05hdd4bd6jn63np8pcfrw0000gn/T/tmp6160w55z'>
  _warnings.warn(warn_message, ResourceWarning)
ERROR
test_new_score_nonfinite_metric_rejected_without_publish_or_retry (test_grade_unit.GradeUnitTests.test_new_score_nonfinite_metric_rejected_without_publish_or_retry) ... /opt/anaconda3/lib/python3.12/tempfile.py:936: ResourceWarning: Implicitly cleaning up <TemporaryDirectory '/var/folders/_w/qdm05hdd4bd6jn63np8pcfrw0000gn/T/tmp7gn5l4xm'>
  _warnings.warn(warn_message, ResourceWarning)
/opt/anaconda3/lib/python3.12/tempfile.py:936: ResourceWarning: Implicitly cleaning up <TemporaryDirectory '/var/folders/_w/qdm05hdd4bd6jn63np8pcfrw0000gn/T/tmpsk5ob1p3'>
  _warnings.warn(warn_message, ResourceWarning)
ERROR
test_noeligible_keeps_failure_flags_and_scores_fallback_with_full_diagnostics (test_grade_unit.GradeUnitTests.test_noeligible_keeps_failure_flags_and_scores_fallback_with_full_diagnostics) ... /opt/anaconda3/lib/python3.12/tempfile.py:936: ResourceWarning: Implicitly cleaning up <TemporaryDirectory '/var/folders/_w/qdm05hdd4bd6jn63np8pcfrw0000gn/T/tmp9cuxsf0n'>
  _warnings.warn(warn_message, ResourceWarning)
/opt/anaconda3/lib/python3.12/tempfile.py:936: ResourceWarning: Implicitly cleaning up <TemporaryDirectory '/var/folders/_w/qdm05hdd4bd6jn63np8pcfrw0000gn/T/tmp3lllo1nd'>
  _warnings.warn(warn_message, ResourceWarning)
ERROR
test_real_archive_store_and_scorer_handoff_exact_rows_and_provenance (test_grade_unit.GradeUnitTests.test_real_archive_store_and_scorer_handoff_exact_rows_and_provenance) ... /opt/anaconda3/lib/python3.12/tempfile.py:936: ResourceWarning: Implicitly cleaning up <TemporaryDirectory '/var/folders/_w/qdm05hdd4bd6jn63np8pcfrw0000gn/T/tmpcq7_miqv'>
  _warnings.warn(warn_message, ResourceWarning)
/opt/anaconda3/lib/python3.12/tempfile.py:936: ResourceWarning: Implicitly cleaning up <TemporaryDirectory '/var/folders/_w/qdm05hdd4bd6jn63np8pcfrw0000gn/T/tmpl5he9wv3'>
  _warnings.warn(warn_message, ResourceWarning)
ERROR
test_saved_score_reload_fault_poisoned_and_partial_file_retained (test_grade_unit.GradeUnitTests.test_saved_score_reload_fault_poisoned_and_partial_file_retained) ... /opt/anaconda3/lib/python3.12/tempfile.py:936: ResourceWarning: Implicitly cleaning up <TemporaryDirectory '/var/folders/_w/qdm05hdd4bd6jn63np8pcfrw0000gn/T/tmpj6iljebh'>
  _warnings.warn(warn_message, ResourceWarning)
/opt/anaconda3/lib/python3.12/tempfile.py:936: ResourceWarning: Implicitly cleaning up <TemporaryDirectory '/var/folders/_w/qdm05hdd4bd6jn63np8pcfrw0000gn/T/tmpa66zw8wd'>
  _warnings.warn(warn_message, ResourceWarning)
ERROR
test_score_failure_and_stop_retain_callback_no_retry_or_terminal (test_grade_unit.GradeUnitTests.test_score_failure_and_stop_retain_callback_no_retry_or_terminal) ... /opt/anaconda3/lib/python3.12/tempfile.py:936: ResourceWarning: Implicitly cleaning up <TemporaryDirectory '/var/folders/_w/qdm05hdd4bd6jn63np8pcfrw0000gn/T/tmp7e340acv'>
  _warnings.warn(warn_message, ResourceWarning)
/opt/anaconda3/lib/python3.12/tempfile.py:936: ResourceWarning: Implicitly cleaning up <TemporaryDirectory '/var/folders/_w/qdm05hdd4bd6jn63np8pcfrw0000gn/T/tmpy7p8jcok'>
  _warnings.warn(warn_message, ResourceWarning)
ERROR
test_source_outer_never_rescored_and_different_diagonal_full_is_rescored (test_grade_unit.GradeUnitTests.test_source_outer_never_rescored_and_different_diagonal_full_is_rescored) ... /opt/anaconda3/lib/python3.12/tempfile.py:936: ResourceWarning: Implicitly cleaning up <TemporaryDirectory '/var/folders/_w/qdm05hdd4bd6jn63np8pcfrw0000gn/T/tmp89qz_iva'>
  _warnings.warn(warn_message, ResourceWarning)
/opt/anaconda3/lib/python3.12/tempfile.py:936: ResourceWarning: Implicitly cleaning up <TemporaryDirectory '/var/folders/_w/qdm05hdd4bd6jn63np8pcfrw0000gn/T/tmpd6xlgqg3'>
  _warnings.warn(warn_message, ResourceWarning)
ERROR
test_tampered_publication_plan_or_law_rejected_before_labels (test_grade_unit.GradeUnitTests.test_tampered_publication_plan_or_law_rejected_before_labels) ... /opt/anaconda3/lib/python3.12/tempfile.py:936: ResourceWarning: Implicitly cleaning up <TemporaryDirectory '/var/folders/_w/qdm05hdd4bd6jn63np8pcfrw0000gn/T/tmprwk2r2vg'>
  _warnings.warn(warn_message, ResourceWarning)
/opt/anaconda3/lib/python3.12/tempfile.py:936: ResourceWarning: Implicitly cleaning up <TemporaryDirectory '/var/folders/_w/qdm05hdd4bd6jn63np8pcfrw0000gn/T/tmpaa34ji7t'>
  _warnings.warn(warn_message, ResourceWarning)
ERROR

======================================================================
ERROR: test_2010_opens_no_labels_and_performs_no_scores (test_grade_unit.GradeUnitTests.test_2010_opens_no_labels_and_performs_no_scores)
----------------------------------------------------------------------
Traceback (most recent call last):
  File "/private/tmp/os01-gen15-rebuild.9ny71k/tests/research-score-split/test_grade_unit.py", line 189, in test_2010_opens_no_labels_and_performs_no_scores
    x = self.case(2010)
        ^^^^^^^^^^^^^^^
  File "/private/tmp/os01-gen15-rebuild.9ny71k/tests/research-score-split/test_grade_unit.py", line 117, in case
    value = Case(year, selected); self.addCleanup(value.close); return value
            ^^^^^^^^^^^^^^^^^^^^
  File "/private/tmp/os01-gen15-rebuild.9ny71k/tests/research-score-split/test_grade_unit.py", line 62, in __init__
    self.store = Store(self.parent.name, 'synthetic-grade-v1')
                 ^^^^^^^^^^^^^^^^^^^^^^^^^^^^^^^^^^^^^^^^^^^^^
  File "/private/tmp/os01-gen15-rebuild.9ny71k/scripts/research_score_conditional_run.py", line 94, in __init__
    super().__init__(parent, identity)
  File "/private/tmp/os01-gen15-rebuild.9ny71k/scripts/research_score_run.py", line 68, in __init__
    parent_fd = _directory_fd(parent)
                ^^^^^^^^^^^^^^^^^^^^^
  File "/private/tmp/os01-gen15-rebuild.9ny71k/scripts/research_score_run.py", line 54, in _directory_fd
    following = os.open(part, os.O_RDONLY | os.O_DIRECTORY | os.O_NOFOLLOW, dir_fd=fd)
                ^^^^^^^^^^^^^^^^^^^^^^^^^^^^^^^^^^^^^^^^^^^^^^^^^^^^^^^^^^^^^^^^^^^^^^
NotADirectoryError: [Errno 20] Not a directory: 'var'

======================================================================
ERROR: test_binding_failure_or_boolean_proof_prevents_labels_and_poisoned_retry (test_grade_unit.GradeUnitTests.test_binding_failure_or_boolean_proof_prevents_labels_and_poisoned_retry)
----------------------------------------------------------------------
Traceback (most recent call last):
  File "/private/tmp/os01-gen15-rebuild.9ny71k/tests/research-score-split/test_grade_unit.py", line 200, in test_binding_failure_or_boolean_proof_prevents_labels_and_poisoned_retry
    x = self.case(2011); grader = g.PublishedOriginGrader()
        ^^^^^^^^^^^^^^^
  File "/private/tmp/os01-gen15-rebuild.9ny71k/tests/research-score-split/test_grade_unit.py", line 117, in case
    value = Case(year, selected); self.addCleanup(value.close); return value
            ^^^^^^^^^^^^^^^^^^^^
  File "/private/tmp/os01-gen15-rebuild.9ny71k/tests/research-score-split/test_grade_unit.py", line 62, in __init__
    self.store = Store(self.parent.name, 'synthetic-grade-v1')
                 ^^^^^^^^^^^^^^^^^^^^^^^^^^^^^^^^^^^^^^^^^^^^^
  File "/private/tmp/os01-gen15-rebuild.9ny71k/scripts/research_score_conditional_run.py", line 94, in __init__
    super().__init__(parent, identity)
  File "/private/tmp/os01-gen15-rebuild.9ny71k/scripts/research_score_run.py", line 68, in __init__
    parent_fd = _directory_fd(parent)
                ^^^^^^^^^^^^^^^^^^^^^
  File "/private/tmp/os01-gen15-rebuild.9ny71k/scripts/research_score_run.py", line 54, in _directory_fd
    following = os.open(part, os.O_RDONLY | os.O_DIRECTORY | os.O_NOFOLLOW, dir_fd=fd)
                ^^^^^^^^^^^^^^^^^^^^^^^^^^^^^^^^^^^^^^^^^^^^^^^^^^^^^^^^^^^^^^^^^^^^^^
NotADirectoryError: [Errno 20] Not a directory: 'var'

======================================================================
ERROR: test_inner_first_double_grid_real_calls_and_native_json_reload (test_grade_unit.GradeUnitTests.test_inner_first_double_grid_real_calls_and_native_json_reload)
----------------------------------------------------------------------
Traceback (most recent call last):
  File "/private/tmp/os01-gen15-rebuild.9ny71k/tests/research-score-split/test_grade_unit.py", line 229, in test_inner_first_double_grid_real_calls_and_native_json_reload
    x = self.case(2011)
        ^^^^^^^^^^^^^^^
  File "/private/tmp/os01-gen15-rebuild.9ny71k/tests/research-score-split/test_grade_unit.py", line 117, in case
    value = Case(year, selected); self.addCleanup(value.close); return value
            ^^^^^^^^^^^^^^^^^^^^
  File "/private/tmp/os01-gen15-rebuild.9ny71k/tests/research-score-split/test_grade_unit.py", line 62, in __init__
    self.store = Store(self.parent.name, 'synthetic-grade-v1')
                 ^^^^^^^^^^^^^^^^^^^^^^^^^^^^^^^^^^^^^^^^^^^^^
  File "/private/tmp/os01-gen15-rebuild.9ny71k/scripts/research_score_conditional_run.py", line 94, in __init__
    super().__init__(parent, identity)
  File "/private/tmp/os01-gen15-rebuild.9ny71k/scripts/research_score_run.py", line 68, in __init__
    parent_fd = _directory_fd(parent)
                ^^^^^^^^^^^^^^^^^^^^^
  File "/private/tmp/os01-gen15-rebuild.9ny71k/scripts/research_score_run.py", line 54, in _directory_fd
    following = os.open(part, os.O_RDONLY | os.O_DIRECTORY | os.O_NOFOLLOW, dir_fd=fd)
                ^^^^^^^^^^^^^^^^^^^^^^^^^^^^^^^^^^^^^^^^^^^^^^^^^^^^^^^^^^^^^^^^^^^^^^
NotADirectoryError: [Errno 20] Not a directory: 'var'

======================================================================
ERROR: test_new_score_nonfinite_metric_rejected_without_publish_or_retry (test_grade_unit.GradeUnitTests.test_new_score_nonfinite_metric_rejected_without_publish_or_retry)
----------------------------------------------------------------------
Traceback (most recent call last):
  File "/private/tmp/os01-gen15-rebuild.9ny71k/tests/research-score-split/test_grade_unit.py", line 280, in test_new_score_nonfinite_metric_rejected_without_publish_or_retry
    x = self.case(2011); grader = g.PublishedOriginGrader()
        ^^^^^^^^^^^^^^^
  File "/private/tmp/os01-gen15-rebuild.9ny71k/tests/research-score-split/test_grade_unit.py", line 117, in case
    value = Case(year, selected); self.addCleanup(value.close); return value
            ^^^^^^^^^^^^^^^^^^^^
  File "/private/tmp/os01-gen15-rebuild.9ny71k/tests/research-score-split/test_grade_unit.py", line 62, in __init__
    self.store = Store(self.parent.name, 'synthetic-grade-v1')
                 ^^^^^^^^^^^^^^^^^^^^^^^^^^^^^^^^^^^^^^^^^^^^^
  File "/private/tmp/os01-gen15-rebuild.9ny71k/scripts/research_score_conditional_run.py", line 94, in __init__
    super().__init__(parent, identity)
  File "/private/tmp/os01-gen15-rebuild.9ny71k/scripts/research_score_run.py", line 68, in __init__
    parent_fd = _directory_fd(parent)
                ^^^^^^^^^^^^^^^^^^^^^
  File "/private/tmp/os01-gen15-rebuild.9ny71k/scripts/research_score_run.py", line 54, in _directory_fd
    following = os.open(part, os.O_RDONLY | os.O_DIRECTORY | os.O_NOFOLLOW, dir_fd=fd)
                ^^^^^^^^^^^^^^^^^^^^^^^^^^^^^^^^^^^^^^^^^^^^^^^^^^^^^^^^^^^^^^^^^^^^^^
NotADirectoryError: [Errno 20] Not a directory: 'var'

======================================================================
ERROR: test_noeligible_keeps_failure_flags_and_scores_fallback_with_full_diagnostics (test_grade_unit.GradeUnitTests.test_noeligible_keeps_failure_flags_and_scores_fallback_with_full_diagnostics)
----------------------------------------------------------------------
Traceback (most recent call last):
  File "/private/tmp/os01-gen15-rebuild.9ny71k/tests/research-score-split/test_grade_unit.py", line 270, in test_noeligible_keeps_failure_flags_and_scores_fallback_with_full_diagnostics
    x = self.case(2025, None)
        ^^^^^^^^^^^^^^^^^^^^^
  File "/private/tmp/os01-gen15-rebuild.9ny71k/tests/research-score-split/test_grade_unit.py", line 117, in case
    value = Case(year, selected); self.addCleanup(value.close); return value
            ^^^^^^^^^^^^^^^^^^^^
  File "/private/tmp/os01-gen15-rebuild.9ny71k/tests/research-score-split/test_grade_unit.py", line 62, in __init__
    self.store = Store(self.parent.name, 'synthetic-grade-v1')
                 ^^^^^^^^^^^^^^^^^^^^^^^^^^^^^^^^^^^^^^^^^^^^^
  File "/private/tmp/os01-gen15-rebuild.9ny71k/scripts/research_score_conditional_run.py", line 94, in __init__
    super().__init__(parent, identity)
  File "/private/tmp/os01-gen15-rebuild.9ny71k/scripts/research_score_run.py", line 68, in __init__
    parent_fd = _directory_fd(parent)
                ^^^^^^^^^^^^^^^^^^^^^
  File "/private/tmp/os01-gen15-rebuild.9ny71k/scripts/research_score_run.py", line 54, in _directory_fd
    following = os.open(part, os.O_RDONLY | os.O_DIRECTORY | os.O_NOFOLLOW, dir_fd=fd)
                ^^^^^^^^^^^^^^^^^^^^^^^^^^^^^^^^^^^^^^^^^^^^^^^^^^^^^^^^^^^^^^^^^^^^^^
NotADirectoryError: [Errno 20] Not a directory: 'var'

======================================================================
ERROR: test_real_archive_store_and_scorer_handoff_exact_rows_and_provenance (test_grade_unit.GradeUnitTests.test_real_archive_store_and_scorer_handoff_exact_rows_and_provenance)
----------------------------------------------------------------------
Traceback (most recent call last):
  File "/private/tmp/os01-gen15-rebuild.9ny71k/tests/research-score-split/test_grade_unit.py", line 120, in test_real_archive_store_and_scorer_handoff_exact_rows_and_provenance
    x = self.case()
        ^^^^^^^^^^^
  File "/private/tmp/os01-gen15-rebuild.9ny71k/tests/research-score-split/test_grade_unit.py", line 117, in case
    value = Case(year, selected); self.addCleanup(value.close); return value
            ^^^^^^^^^^^^^^^^^^^^
  File "/private/tmp/os01-gen15-rebuild.9ny71k/tests/research-score-split/test_grade_unit.py", line 62, in __init__
    self.store = Store(self.parent.name, 'synthetic-grade-v1')
                 ^^^^^^^^^^^^^^^^^^^^^^^^^^^^^^^^^^^^^^^^^^^^^
  File "/private/tmp/os01-gen15-rebuild.9ny71k/scripts/research_score_conditional_run.py", line 94, in __init__
    super().__init__(parent, identity)
  File "/private/tmp/os01-gen15-rebuild.9ny71k/scripts/research_score_run.py", line 68, in __init__
    parent_fd = _directory_fd(parent)
                ^^^^^^^^^^^^^^^^^^^^^
  File "/private/tmp/os01-gen15-rebuild.9ny71k/scripts/research_score_run.py", line 54, in _directory_fd
    following = os.open(part, os.O_RDONLY | os.O_DIRECTORY | os.O_NOFOLLOW, dir_fd=fd)
                ^^^^^^^^^^^^^^^^^^^^^^^^^^^^^^^^^^^^^^^^^^^^^^^^^^^^^^^^^^^^^^^^^^^^^^
NotADirectoryError: [Errno 20] Not a directory: 'var'

======================================================================
ERROR: test_saved_score_reload_fault_poisoned_and_partial_file_retained (test_grade_unit.GradeUnitTests.test_saved_score_reload_fault_poisoned_and_partial_file_retained)
----------------------------------------------------------------------
Traceback (most recent call last):
  File "/private/tmp/os01-gen15-rebuild.9ny71k/tests/research-score-split/test_grade_unit.py", line 254, in test_saved_score_reload_fault_poisoned_and_partial_file_retained
    x = self.case(2011); grader = g.PublishedOriginGrader()
        ^^^^^^^^^^^^^^^
  File "/private/tmp/os01-gen15-rebuild.9ny71k/tests/research-score-split/test_grade_unit.py", line 117, in case
    value = Case(year, selected); self.addCleanup(value.close); return value
            ^^^^^^^^^^^^^^^^^^^^
  File "/private/tmp/os01-gen15-rebuild.9ny71k/tests/research-score-split/test_grade_unit.py", line 62, in __init__
    self.store = Store(self.parent.name, 'synthetic-grade-v1')
                 ^^^^^^^^^^^^^^^^^^^^^^^^^^^^^^^^^^^^^^^^^^^^^
  File "/private/tmp/os01-gen15-rebuild.9ny71k/scripts/research_score_conditional_run.py", line 94, in __init__
    super().__init__(parent, identity)
  File "/private/tmp/os01-gen15-rebuild.9ny71k/scripts/research_score_run.py", line 68, in __init__
    parent_fd = _directory_fd(parent)
                ^^^^^^^^^^^^^^^^^^^^^
  File "/private/tmp/os01-gen15-rebuild.9ny71k/scripts/research_score_run.py", line 54, in _directory_fd
    following = os.open(part, os.O_RDONLY | os.O_DIRECTORY | os.O_NOFOLLOW, dir_fd=fd)
                ^^^^^^^^^^^^^^^^^^^^^^^^^^^^^^^^^^^^^^^^^^^^^^^^^^^^^^^^^^^^^^^^^^^^^^
NotADirectoryError: [Errno 20] Not a directory: 'var'

======================================================================
ERROR: test_score_failure_and_stop_retain_callback_no_retry_or_terminal (test_grade_unit.GradeUnitTests.test_score_failure_and_stop_retain_callback_no_retry_or_terminal)
----------------------------------------------------------------------
Traceback (most recent call last):
  File "/private/tmp/os01-gen15-rebuild.9ny71k/tests/research-score-split/test_grade_unit.py", line 241, in test_score_failure_and_stop_retain_callback_no_retry_or_terminal
    x = self.case(2011); grader = g.PublishedOriginGrader()
        ^^^^^^^^^^^^^^^
  File "/private/tmp/os01-gen15-rebuild.9ny71k/tests/research-score-split/test_grade_unit.py", line 117, in case
    value = Case(year, selected); self.addCleanup(value.close); return value
            ^^^^^^^^^^^^^^^^^^^^
  File "/private/tmp/os01-gen15-rebuild.9ny71k/tests/research-score-split/test_grade_unit.py", line 62, in __init__
    self.store = Store(self.parent.name, 'synthetic-grade-v1')
                 ^^^^^^^^^^^^^^^^^^^^^^^^^^^^^^^^^^^^^^^^^^^^^
  File "/private/tmp/os01-gen15-rebuild.9ny71k/scripts/research_score_conditional_run.py", line 94, in __init__
    super().__init__(parent, identity)
  File "/private/tmp/os01-gen15-rebuild.9ny71k/scripts/research_score_run.py", line 68, in __init__
    parent_fd = _directory_fd(parent)
                ^^^^^^^^^^^^^^^^^^^^^
  File "/private/tmp/os01-gen15-rebuild.9ny71k/scripts/research_score_run.py", line 54, in _directory_fd
    following = os.open(part, os.O_RDONLY | os.O_DIRECTORY | os.O_NOFOLLOW, dir_fd=fd)
                ^^^^^^^^^^^^^^^^^^^^^^^^^^^^^^^^^^^^^^^^^^^^^^^^^^^^^^^^^^^^^^^^^^^^^^
NotADirectoryError: [Errno 20] Not a directory: 'var'

======================================================================
ERROR: test_source_outer_never_rescored_and_different_diagonal_full_is_rescored (test_grade_unit.GradeUnitTests.test_source_outer_never_rescored_and_different_diagonal_full_is_rescored)
----------------------------------------------------------------------
Traceback (most recent call last):
  File "/private/tmp/os01-gen15-rebuild.9ny71k/tests/research-score-split/test_grade_unit.py", line 171, in test_source_outer_never_rescored_and_different_diagonal_full_is_rescored
    x = self.case(2025, 1)
        ^^^^^^^^^^^^^^^^^^
  File "/private/tmp/os01-gen15-rebuild.9ny71k/tests/research-score-split/test_grade_unit.py", line 117, in case
    value = Case(year, selected); self.addCleanup(value.close); return value
            ^^^^^^^^^^^^^^^^^^^^
  File "/private/tmp/os01-gen15-rebuild.9ny71k/tests/research-score-split/test_grade_unit.py", line 62, in __init__
    self.store = Store(self.parent.name, 'synthetic-grade-v1')
                 ^^^^^^^^^^^^^^^^^^^^^^^^^^^^^^^^^^^^^^^^^^^^^
  File "/private/tmp/os01-gen15-rebuild.9ny71k/scripts/research_score_conditional_run.py", line 94, in __init__
    super().__init__(parent, identity)
  File "/private/tmp/os01-gen15-rebuild.9ny71k/scripts/research_score_run.py", line 68, in __init__
    parent_fd = _directory_fd(parent)
                ^^^^^^^^^^^^^^^^^^^^^
  File "/private/tmp/os01-gen15-rebuild.9ny71k/scripts/research_score_run.py", line 54, in _directory_fd
    following = os.open(part, os.O_RDONLY | os.O_DIRECTORY | os.O_NOFOLLOW, dir_fd=fd)
                ^^^^^^^^^^^^^^^^^^^^^^^^^^^^^^^^^^^^^^^^^^^^^^^^^^^^^^^^^^^^^^^^^^^^^^
NotADirectoryError: [Errno 20] Not a directory: 'var'

======================================================================
ERROR: test_tampered_publication_plan_or_law_rejected_before_labels (test_grade_unit.GradeUnitTests.test_tampered_publication_plan_or_law_rejected_before_labels)
----------------------------------------------------------------------
Traceback (most recent call last):
  File "/private/tmp/os01-gen15-rebuild.9ny71k/tests/research-score-split/test_grade_unit.py", line 213, in test_tampered_publication_plan_or_law_rejected_before_labels
    x = self.case(2011)
        ^^^^^^^^^^^^^^^
  File "/private/tmp/os01-gen15-rebuild.9ny71k/tests/research-score-split/test_grade_unit.py", line 117, in case
    value = Case(year, selected); self.addCleanup(value.close); return value
            ^^^^^^^^^^^^^^^^^^^^
  File "/private/tmp/os01-gen15-rebuild.9ny71k/tests/research-score-split/test_grade_unit.py", line 62, in __init__
    self.store = Store(self.parent.name, 'synthetic-grade-v1')
                 ^^^^^^^^^^^^^^^^^^^^^^^^^^^^^^^^^^^^^^^^^^^^^
  File "/private/tmp/os01-gen15-rebuild.9ny71k/scripts/research_score_conditional_run.py", line 94, in __init__
    super().__init__(parent, identity)
  File "/private/tmp/os01-gen15-rebuild.9ny71k/scripts/research_score_run.py", line 68, in __init__
    parent_fd = _directory_fd(parent)
                ^^^^^^^^^^^^^^^^^^^^^
  File "/private/tmp/os01-gen15-rebuild.9ny71k/scripts/research_score_run.py", line 54, in _directory_fd
    following = os.open(part, os.O_RDONLY | os.O_DIRECTORY | os.O_NOFOLLOW, dir_fd=fd)
                ^^^^^^^^^^^^^^^^^^^^^^^^^^^^^^^^^^^^^^^^^^^^^^^^^^^^^^^^^^^^^^^^^^^^^^
NotADirectoryError: [Errno 20] Not a directory: 'var'

----------------------------------------------------------------------
Ran 10 tests in 0.806s

FAILED (errors=10)
