
 ⛅️ wrangler 4.92.0 (update available 4.129.0)
──────────────────────────────────────────────
Your Worker has access to the following bindings:
Binding                               Resource         Mode
env.DB (projection-lab-d1)            D1 Database      local
env.EVIDENCE (projection-lab-r2)      R2 Bucket        local

Attaching additional modules:
┌───────────────────────────────────────────────────────────────────────────────────────────────────────────────────────────────┬──────┬─────────────┐
│ Name                                                                                                                          │ Type │ Size        │
├───────────────────────────────────────────────────────────────────────────────────────────────────────────────────────────────┼──────┼─────────────┤
│ __vite_rsc_assets_manifest.js                                                                                                 │ esm  │ 7.25 KiB    │
├───────────────────────────────────────────────────────────────────────────────────────────────────────────────────────────────┼──────┼─────────────┤
│ _next/static/app-page-cache-finalizer-D1rXYouB.js                                                                             │ esm  │ 5.36 KiB    │
├───────────────────────────────────────────────────────────────────────────────────────────────────────────────────────────────┼──────┼─────────────┤
│ _next/static/app-page-cache-render-6QuJjOZm.js                                                                                │ esm  │ 1.88 KiB    │
├───────────────────────────────────────────────────────────────────────────────────────────────────────────────────────────────┼──────┼─────────────┤
│ _next/static/app-page-cache-vwuL3765.js                                                                                       │ esm  │ 4.83 KiB    │
├───────────────────────────────────────────────────────────────────────────────────────────────────────────────────────────────┼──────┼─────────────┤
│ _next/static/app-page-stream-Dcx3QnFf.js                                                                                      │ esm  │ 9.88 KiB    │
├───────────────────────────────────────────────────────────────────────────────────────────────────────────────────────────────┼──────┼─────────────┤
│ _next/static/app-prerender-endpoints-Cb3txmlF.js                                                                              │ esm  │ 1.96 KiB    │
├───────────────────────────────────────────────────────────────────────────────────────────────────────────────────────────────┼──────┼─────────────┤
│ _next/static/app-prerender-static-params-VWgNEqUU.js                                                                          │ esm  │ 0.17 KiB    │
├───────────────────────────────────────────────────────────────────────────────────────────────────────────────────────────────┼──────┼─────────────┤
│ _next/static/app-route-handler-dispatch-DfC5iU8D.js                                                                           │ esm  │ 16.79 KiB   │
├───────────────────────────────────────────────────────────────────────────────────────────────────────────────────────────────┼──────┼─────────────┤
│ _next/static/app-segment-config-DpyqfF8f.js                                                                                   │ esm  │ 13.28 KiB   │
├───────────────────────────────────────────────────────────────────────────────────────────────────────────────────────────────┼──────┼─────────────┤
│ _next/static/app-static-generation-BLQdgP-z.js                                                                                │ esm  │ 0.83 KiB    │
├───────────────────────────────────────────────────────────────────────────────────────────────────────────────────────────────┼──────┼─────────────┤
│ _next/static/app-static-generation-xuuyrYTS.js                                                                                │ esm  │ 0.10 KiB    │
├───────────────────────────────────────────────────────────────────────────────────────────────────────────────────────────────┼──────┼─────────────┤
│ _next/static/automation-B9_4A2TA.js                                                                                           │ esm  │ 0.32 KiB    │
├───────────────────────────────────────────────────────────────────────────────────────────────────────────────────────────────┼──────┼─────────────┤
│ _next/static/base-path-7wmUKVfF.js                                                                                            │ esm  │ 0.31 KiB    │
├───────────────────────────────────────────────────────────────────────────────────────────────────────────────────────────────┼──────┼─────────────┤
│ _next/static/cache-control-qV1J4QcW.js                                                                                        │ esm  │ 34.30 KiB   │
├───────────────────────────────────────────────────────────────────────────────────────────────────────────────────────────────┼──────┼─────────────┤
│ _next/static/config-matchers-D3hr2pWE.js                                                                                      │ esm  │ 0.12 KiB    │
├───────────────────────────────────────────────────────────────────────────────────────────────────────────────────────────────┼──────┼─────────────┤
│ _next/static/config-matchers-DTvNWXfm.js                                                                                      │ esm  │ 14.72 KiB   │
├───────────────────────────────────────────────────────────────────────────────────────────────────────────────────────────────┼──────┼─────────────┤
│ _next/static/cookie-serialize-gQELaZHv.js                                                                                     │ esm  │ 0.85 KiB    │
├───────────────────────────────────────────────────────────────────────────────────────────────────────────────────────────────┼──────┼─────────────┤
│ _next/static/db-j_8hm-yI.js                                                                                                   │ esm  │ 46.05 KiB   │
├───────────────────────────────────────────────────────────────────────────────────────────────────────────────────────────────┼──────┼─────────────┤
│ _next/static/decision-board-cxdvBEiU.js                                                                                       │ esm  │ 1299.59 KiB │
├───────────────────────────────────────────────────────────────────────────────────────────────────────────────────────────────┼──────┼─────────────┤
│ _next/static/external-url-DxgnDlMo.js                                                                                         │ esm  │ 0.08 KiB    │
├───────────────────────────────────────────────────────────────────────────────────────────────────────────────────────────────┼──────┼─────────────┤
│ _next/static/framework~index-CelBQHyl.js                                                                                      │ esm  │ 0.19 KiB    │
├───────────────────────────────────────────────────────────────────────────────────────────────────────────────────────────────┼──────┼─────────────┤
│ _next/static/framework~index~app-page-cache-render~app-page-cache~layout~page~page~layout~app-route-hand~e9lvel4a-YTiawrli.js │ esm  │ 0.80 KiB    │
├───────────────────────────────────────────────────────────────────────────────────────────────────────────────────────────────┼──────┼─────────────┤
│ _next/static/framework~index~app-page-cache-render~app-page-cache~page~layout~page~page~page~page~page~p~kxx1u96y-DuQ9MAq5.js │ esm  │ 5.37 KiB    │
├───────────────────────────────────────────────────────────────────────────────────────────────────────────────────────────────┼──────┼─────────────┤
│ _next/static/framework~index~layout~page~app-route-handler-dispatch-CJWXZB9c.js                                               │ esm  │ 55.29 KiB   │
├───────────────────────────────────────────────────────────────────────────────────────────────────────────────────────────────┼──────┼─────────────┤
│ _next/static/hash-9YE-eVvz.js                                                                                                 │ esm  │ 6.63 KiB    │
├───────────────────────────────────────────────────────────────────────────────────────────────────────────────────────────────┼──────┼─────────────┤
│ _next/static/headers-CDFI7aBs.js                                                                                              │ esm  │ 9.84 KiB    │
├───────────────────────────────────────────────────────────────────────────────────────────────────────────────────────────────┼──────┼─────────────┤
│ _next/static/headers-Dj_GgySR.js                                                                                              │ esm  │ 2.77 KiB    │
├───────────────────────────────────────────────────────────────────────────────────────────────────────────────────────────────┼──────┼─────────────┤
│ _next/static/implicit-tags-t1asUCtx.js                                                                                        │ esm  │ 1.01 KiB    │
├───────────────────────────────────────────────────────────────────────────────────────────────────────────────────────────────┼──────┼─────────────┤
│ _next/static/instrumentation-D8N-aZM0.js                                                                                      │ esm  │ 1.97 KiB    │
├───────────────────────────────────────────────────────────────────────────────────────────────────────────────────────────────┼──────┼─────────────┤
│ _next/static/isr-decision-NizFfzbq.js                                                                                         │ esm  │ 0.75 KiB    │
├───────────────────────────────────────────────────────────────────────────────────────────────────────────────────────────────┼──────┼─────────────┤
│ _next/static/layout-CpHvica9.js                                                                                               │ esm  │ 0.08 KiB    │
├───────────────────────────────────────────────────────────────────────────────────────────────────────────────────────────────┼──────┼─────────────┤
│ _next/static/layout-D-faNZej.js                                                                                               │ esm  │ 1.80 KiB    │
├───────────────────────────────────────────────────────────────────────────────────────────────────────────────────────────────┼──────┼─────────────┤
│ _next/static/layout-DeNCbvoW.js                                                                                               │ esm  │ 1.53 KiB    │
├───────────────────────────────────────────────────────────────────────────────────────────────────────────────────────────────┼──────┼─────────────┤
│ _next/static/navigation-errors-3DaCQyAQ.js                                                                                    │ esm  │ 1.40 KiB    │
├───────────────────────────────────────────────────────────────────────────────────────────────────────────────────────────────┼──────┼─────────────┤
│ _next/static/navigation.react-server-BnodUmj8.js                                                                              │ esm  │ 0.26 KiB    │
├───────────────────────────────────────────────────────────────────────────────────────────────────────────────────────────────┼──────┼─────────────┤
│ _next/static/odds-DEa3v2wK.js                                                                                                 │ esm  │ 4.65 KiB    │
├───────────────────────────────────────────────────────────────────────────────────────────────────────────────────────────────┼──────┼─────────────┤
│ _next/static/odds-automation-CYow9rhD.js                                                                                      │ esm  │ 2.60 KiB    │
├───────────────────────────────────────────────────────────────────────────────────────────────────────────────────────────────┼──────┼─────────────┤
│ _next/static/odds-quota-DNwFanGv.js                                                                                           │ esm  │ 55.61 KiB   │
├───────────────────────────────────────────────────────────────────────────────────────────────────────────────────────────────┼──────┼─────────────┤
│ _next/static/page-Bi4_HRdt.js                                                                                                 │ esm  │ 0.14 KiB    │
├───────────────────────────────────────────────────────────────────────────────────────────────────────────────────────────────┼──────┼─────────────┤
│ _next/static/page-BkPrXE1C.js                                                                                                 │ esm  │ 0.14 KiB    │
├───────────────────────────────────────────────────────────────────────────────────────────────────────────────────────────────┼──────┼─────────────┤
│ _next/static/page-BuQV9DbD.js                                                                                                 │ esm  │ 0.14 KiB    │
├───────────────────────────────────────────────────────────────────────────────────────────────────────────────────────────────┼──────┼─────────────┤
│ _next/static/page-CQerKhQF.js                                                                                                 │ esm  │ 2.15 KiB    │
├───────────────────────────────────────────────────────────────────────────────────────────────────────────────────────────────┼──────┼─────────────┤
│ _next/static/page-CTMBdlwm.js                                                                                                 │ esm  │ 0.15 KiB    │
├───────────────────────────────────────────────────────────────────────────────────────────────────────────────────────────────┼──────┼─────────────┤
│ _next/static/page-Ciy0GM8H.js                                                                                                 │ esm  │ 0.14 KiB    │
├───────────────────────────────────────────────────────────────────────────────────────────────────────────────────────────────┼──────┼─────────────┤
│ _next/static/page-CvHOobeT.js                                                                                                 │ esm  │ 0.14 KiB    │
├───────────────────────────────────────────────────────────────────────────────────────────────────────────────────────────────┼──────┼─────────────┤
│ _next/static/page-DwEtJWxq.js                                                                                                 │ esm  │ 0.14 KiB    │
├───────────────────────────────────────────────────────────────────────────────────────────────────────────────────────────────┼──────┼─────────────┤
│ _next/static/page-ESNAWL4J.js                                                                                                 │ esm  │ 0.66 KiB    │
├───────────────────────────────────────────────────────────────────────────────────────────────────────────────────────────────┼──────┼─────────────┤
│ _next/static/page-r3Mltvhd.js                                                                                                 │ esm  │ 0.14 KiB    │
├───────────────────────────────────────────────────────────────────────────────────────────────────────────────────────────────┼──────┼─────────────┤
│ _next/static/parse-cookie-D7g_AsBT.js                                                                                         │ esm  │ 1.78 KiB    │
├───────────────────────────────────────────────────────────────────────────────────────────────────────────────────────────────┼──────┼─────────────┤
│ _next/static/play-store-D7_W1Hzk.js                                                                                           │ esm  │ 43.73 KiB   │
├───────────────────────────────────────────────────────────────────────────────────────────────────────────────────────────────┼──────┼─────────────┤
│ _next/static/player-props-CjcKKfTm.js                                                                                         │ esm  │ 22.85 KiB   │
├───────────────────────────────────────────────────────────────────────────────────────────────────────────────────────────────┼──────┼─────────────┤
│ _next/static/protocol-headers-8UDDrYNJ.js                                                                                     │ esm  │ 0.29 KiB    │
├───────────────────────────────────────────────────────────────────────────────────────────────────────────────────────────────┼──────┼─────────────┤
│ _next/static/read-only-d1-BszHhPRF.js                                                                                         │ esm  │ 0.88 KiB    │
├───────────────────────────────────────────────────────────────────────────────────────────────────────────────────────────────┼──────┼─────────────┤
│ _next/static/record-Cz3MrZeO.js                                                                                               │ esm  │ 0.08 KiB    │
├───────────────────────────────────────────────────────────────────────────────────────────────────────────────────────────────┼──────┼─────────────┤
│ _next/static/redirect-digest-C-06pD9r.js                                                                                      │ esm  │ 0.37 KiB    │
├───────────────────────────────────────────────────────────────────────────────────────────────────────────────────────────────┼──────┼─────────────┤
│ _next/static/request-context-CvVcOrKF.js                                                                                      │ esm  │ 0.53 KiB    │
├───────────────────────────────────────────────────────────────────────────────────────────────────────────────────────────────┼──────┼─────────────┤
│ _next/static/rolldown-runtime-DUnMT5BP.js                                                                                     │ esm  │ 0.68 KiB    │
├───────────────────────────────────────────────────────────────────────────────────────────────────────────────────────────────┼──────┼─────────────┤
│ _next/static/root-params-DyddOBHL.js                                                                                          │ esm  │ 1.12 KiB    │
├───────────────────────────────────────────────────────────────────────────────────────────────────────────────────────────────┼──────┼─────────────┤
│ _next/static/route--WiWNKFC.js                                                                                                │ esm  │ 0.21 KiB    │
├───────────────────────────────────────────────────────────────────────────────────────────────────────────────────────────────┼──────┼─────────────┤
│ _next/static/route-7iDoukUN.js                                                                                                │ esm  │ 1.05 KiB    │
├───────────────────────────────────────────────────────────────────────────────────────────────────────────────────────────────┼──────┼─────────────┤
│ _next/static/route-9i9PQgkc.js                                                                                                │ esm  │ 1.03 KiB    │
├───────────────────────────────────────────────────────────────────────────────────────────────────────────────────────────────┼──────┼─────────────┤
│ _next/static/route-B4HnugbA.js                                                                                                │ esm  │ 0.17 KiB    │
├───────────────────────────────────────────────────────────────────────────────────────────────────────────────────────────────┼──────┼─────────────┤
│ _next/static/route-BMAiUErV.js                                                                                                │ esm  │ 0.54 KiB    │
├───────────────────────────────────────────────────────────────────────────────────────────────────────────────────────────────┼──────┼─────────────┤
│ _next/static/route-BMkMZqEN.js                                                                                                │ esm  │ 1.28 KiB    │
├───────────────────────────────────────────────────────────────────────────────────────────────────────────────────────────────┼──────┼─────────────┤
│ _next/static/route-BRLfX3oB.js                                                                                                │ esm  │ 1.09 KiB    │
├───────────────────────────────────────────────────────────────────────────────────────────────────────────────────────────────┼──────┼─────────────┤
│ _next/static/route-Bt6peKqY.js                                                                                                │ esm  │ 1.55 KiB    │
├───────────────────────────────────────────────────────────────────────────────────────────────────────────────────────────────┼──────┼─────────────┤
│ _next/static/route-CCTh2CWB.js                                                                                                │ esm  │ 0.58 KiB    │
├───────────────────────────────────────────────────────────────────────────────────────────────────────────────────────────────┼──────┼─────────────┤
│ _next/static/route-CLYeuj6R.js                                                                                                │ esm  │ 2.31 KiB    │
├───────────────────────────────────────────────────────────────────────────────────────────────────────────────────────────────┼──────┼─────────────┤
│ _next/static/route-CZB5i6k9.js                                                                                                │ esm  │ 0.52 KiB    │
├───────────────────────────────────────────────────────────────────────────────────────────────────────────────────────────────┼──────┼─────────────┤
│ _next/static/route-DGjJnQxZ.js                                                                                                │ esm  │ 0.57 KiB    │
├───────────────────────────────────────────────────────────────────────────────────────────────────────────────────────────────┼──────┼─────────────┤
│ _next/static/route-DVw8oG6a.js                                                                                                │ esm  │ 3.32 KiB    │
├───────────────────────────────────────────────────────────────────────────────────────────────────────────────────────────────┼──────┼─────────────┤
│ _next/static/route-DhrFqerL.js                                                                                                │ esm  │ 0.12 KiB    │
├───────────────────────────────────────────────────────────────────────────────────────────────────────────────────────────────┼──────┼─────────────┤
│ _next/static/route-bHr2KYxM.js                                                                                                │ esm  │ 0.64 KiB    │
├───────────────────────────────────────────────────────────────────────────────────────────────────────────────────────────────┼──────┼─────────────┤
│ _next/static/rsc-zQ5uzn7O.js                                                                                                  │ esm  │ 0.71 KiB    │
├───────────────────────────────────────────────────────────────────────────────────────────────────────────────────────────────┼──────┼─────────────┤
│ _next/static/schemas-CIVhYLDM.js                                                                                              │ esm  │ 64.61 KiB   │
├───────────────────────────────────────────────────────────────────────────────────────────────────────────────────────────────┼──────┼─────────────┤
│ _next/static/server-Ci-TjlAj.js                                                                                               │ esm  │ 11.64 KiB   │
├───────────────────────────────────────────────────────────────────────────────────────────────────────────────────────────────┼──────┼─────────────┤
│ _next/static/store-Bhcm9zgR.js                                                                                                │ esm  │ 0.40 KiB    │
├───────────────────────────────────────────────────────────────────────────────────────────────────────────────────────────────┼──────┼─────────────┤
│ _next/static/store-C91KLKGT.js                                                                                                │ esm  │ 4.77 KiB    │
├───────────────────────────────────────────────────────────────────────────────────────────────────────────────────────────────┼──────┼─────────────┤
│ _next/static/store-DPMuUEW7.js                                                                                                │ esm  │ 2.03 KiB    │
├───────────────────────────────────────────────────────────────────────────────────────────────────────────────────────────────┼──────┼─────────────┤
│ _next/static/store-ME8FIGNf.js                                                                                                │ esm  │ 15.92 KiB   │
├───────────────────────────────────────────────────────────────────────────────────────────────────────────────────────────────┼──────┼─────────────┤
│ _next/static/store-h_tO8cXt.js                                                                                                │ esm  │ 0.50 KiB    │
├───────────────────────────────────────────────────────────────────────────────────────────────────────────────────────────────┼──────┼─────────────┤
│ _next/static/team-auth-BaS0hXiT.js                                                                                            │ esm  │ 0.29 KiB    │
├───────────────────────────────────────────────────────────────────────────────────────────────────────────────────────────────┼──────┼─────────────┤
│ _next/static/text-stream-Cjk4Tid5.js                                                                                          │ esm  │ 18.61 KiB   │
├───────────────────────────────────────────────────────────────────────────────────────────────────────────────────────────────┼──────┼─────────────┤
│ _next/static/weekly-slate-7SmpG0qi.js                                                                                         │ esm  │ 11.34 KiB   │
├───────────────────────────────────────────────────────────────────────────────────────────────────────────────────────────────┼──────┼─────────────┤
│ ssr/__vite_rsc_assets_manifest.js                                                                                             │ esm  │ 7.25 KiB    │
├───────────────────────────────────────────────────────────────────────────────────────────────────────────────────────────────┼──────┼─────────────┤
│ ssr/_next/static/app-nav-failure-handler-JUk_EqPD.js                                                                          │ esm  │ 0.07 KiB    │
├───────────────────────────────────────────────────────────────────────────────────────────────────────────────────────────────┼──────┼─────────────┤
│ ssr/_next/static/app-prefetch-fetch-queue-Cm728dOx.js                                                                         │ esm  │ 0.06 KiB    │
├───────────────────────────────────────────────────────────────────────────────────────────────────────────────────────────────┼──────┼─────────────┤
│ ssr/_next/static/app-router-scroll-CtVQyJg6.js                                                                                │ esm  │ 2.08 KiB    │
├───────────────────────────────────────────────────────────────────────────────────────────────────────────────────────────────┼──────┼─────────────┤
│ ssr/_next/static/app-router-scroll-state-DGnFe-wf.js                                                                          │ esm  │ 1.04 KiB    │
├───────────────────────────────────────────────────────────────────────────────────────────────────────────────────────────────┼──────┼─────────────┤
│ ssr/_next/static/error-boundary-veG-Y_Ev.js                                                                                   │ esm  │ 5.31 KiB    │
├───────────────────────────────────────────────────────────────────────────────────────────────────────────────────────────────┼──────┼─────────────┤
│ ssr/_next/static/layout-segment-context-BxVvvM8R.js                                                                           │ esm  │ 0.37 KiB    │
├───────────────────────────────────────────────────────────────────────────────────────────────────────────────────────────────┼──────┼─────────────┤
│ ssr/_next/static/link-B9pndbiZ.js                                                                                             │ esm  │ 8.37 KiB    │
├───────────────────────────────────────────────────────────────────────────────────────────────────────────────────────────────┼──────┼─────────────┤
│ ssr/_next/static/nav-links-dVXjdpcG.js                                                                                        │ esm  │ 0.71 KiB    │
├───────────────────────────────────────────────────────────────────────────────────────────────────────────────────────────────┼──────┼─────────────┤
│ ssr/_next/static/navigation-DQhHT6-m.js                                                                                       │ esm  │ 27.90 KiB   │
├───────────────────────────────────────────────────────────────────────────────────────────────────────────────────────────────┼──────┼─────────────┤
│ ssr/_next/static/static.edge-DLN0iqwI.js                                                                                      │ esm  │ 0.16 KiB    │
├───────────────────────────────────────────────────────────────────────────────────────────────────────────────────────────────┼──────┼─────────────┤
│ ssr/_next/static/week-one-board-Dbf8YYaa.js                                                                                   │ esm  │ 91.73 KiB   │
├───────────────────────────────────────────────────────────────────────────────────────────────────────────────────────────────┼──────┼─────────────┤
│ ssr/index.js                                                                                                                  │ esm  │ 274.55 KiB  │
├───────────────────────────────────────────────────────────────────────────────────────────────────────────────────────────────┼──────┼─────────────┤
│ ssr/vinext-client-assets.js                                                                                                   │ esm  │ 5.79 KiB    │
├───────────────────────────────────────────────────────────────────────────────────────────────────────────────────────────────┼──────┼─────────────┤
│ vinext-client-assets.js                                                                                                       │ esm  │ 5.79 KiB    │
├───────────────────────────────────────────────────────────────────────────────────────────────────────────────────────────────┼──────┼─────────────┤
│ Total (99 modules)                                                                                                            │      │ 2264.47 KiB │
└───────────────────────────────────────────────────────────────────────────────────────────────────────────────────────────────┴──────┴─────────────┘
⎔ Starting local server...
[33m▲ [43;33m[[43;30mWARNING[43;33m][0m [1mScheduled Workers are not automatically triggered during local development.[0m

  To manually trigger a scheduled event, run:
    curl "http://localhost:3117/cdn-cgi/handler/scheduled"
  For more details, see [4mhttps://developers.cloudflare.com/workers/configuration/cron-triggers/#test-cron-triggers-locally[0m


[wrangler:info] ✨ Parsed 1 valid header rule.
[wrangler:info] Ready on http://localhost:3117
[wrangler:info] GET /sunday 200 OK (34ms)
[wrangler:info] GET /methodology 200 OK (6ms)
[wrangler:info] GET /research 404 Not Found (3ms)
