[engine-v2 643c27e] feat(step-5): record joint picks and weekly live-paper scorecards
 64 files changed, 597 insertions(+), 23 deletions(-)
 create mode 100644 engine/scorecard.py
 create mode 100644 outputs/scorecard.csv
 create mode 100644 outputs/scorecard.json
 create mode 100644 outputs/scorecard_picks.csv
 create mode 100644 tests/test_week1_scorecard.py
 create mode 100644 work/joint-scorecard-tests/107d185aa6cd4dc38c19d6a93f8a706f/duplicate.csv
 create mode 100644 work/joint-scorecard-tests/107d185aa6cd4dc38c19d6a93f8a706f/one.csv
 create mode 100644 work/joint-scorecard-tests/107d185aa6cd4dc38c19d6a93f8a706f/wrong.csv
 create mode 100644 work/joint-scorecard-tests/2d78e50f4b1a4878ba3e554eb9b6a997/joint.csv
 create mode 100644 work/joint-scorecard-tests/875ebd2903e8463788fe655dd6da9f91/both-out.csv
 create mode 100644 work/joint-scorecard-tests/875ebd2903e8463788fe655dd6da9f91/both-out.json
 create mode 100644 work/joint-scorecard-tests/875ebd2903e8463788fe655dd6da9f91/both-out_picks.csv
 create mode 100644 work/joint-scorecard-tests/875ebd2903e8463788fe655dd6da9f91/both.csv
 create mode 100644 work/joint-scorecard-tests/fec3a982966a46f786dcfcc23fff3be0/clv.csv
 create mode 100644 work/joint-scorecard-tests/fec3a982966a46f786dcfcc23fff3be0/picks.csv
 create mode 100644 work/joint-scorecard-tests/fec3a982966a46f786dcfcc23fff3be0/results.csv
 create mode 100644 work/joint-scorecard-tests/fec3a982966a46f786dcfcc23fff3be0/scorecard.csv
 create mode 100644 work/joint-scorecard-tests/fec3a982966a46f786dcfcc23fff3be0/scorecard.json
 create mode 100644 work/joint-scorecard-tests/fec3a982966a46f786dcfcc23fff3be0/scorecard_picks.csv
 create mode 100644 work/joint-scorecard-v1/README.md
 create mode 100644 work/joint-scorecard-v1/experiment.json
 create mode 100644 work/joint-scorecard-v1/inputs/paper_pick_log.csv
 create mode 100644 work/joint-scorecard-v1/inputs/pick_log.csv
 create mode 100644 work/joint-scorecard-v1/prior-paper_pick_log.csv
 create mode 100644 work/joint-scorecard-v1/prior-pick_log.csv
 create mode 100644 work/joint-scorecard-v1/replay/scorecard.csv
 create mode 100644 work/joint-scorecard-v1/replay/scorecard.json
 create mode 100644 work/joint-scorecard-v1/replay/scorecard_picks.csv
 create mode 100644 work/joint-scorecard-v1/tests.txt
 create mode 100644 work/market-distribution-tests/33fb284999504f799f21368459ad3f7f/T60.csv
 create mode 100644 work/market-distribution-tests/33fb284999504f799f21368459ad3f7f/close.csv
 create mode 100644 work/market-distribution-tests/33fb284999504f799f21368459ad3f7f/grade-missing/interval_coverage.csv
 create mode 100644 work/market-distribution-tests/33fb284999504f799f21368459ad3f7f/grade-missing/pick_clv.csv
 create mode 100644 work/market-distribution-tests/33fb284999504f799f21368459ad3f7f/grade-missing/receipt.json
 create mode 100644 work/market-distribution-tests/33fb284999504f799f21368459ad3f7f/grade/interval_coverage.csv
 create mode 100644 work/market-distribution-tests/33fb284999504f799f21368459ad3f7f/grade/pick_clv.csv
 create mode 100644 work/market-distribution-tests/33fb284999504f799f21368459ad3f7f/grade/receipt.json
 create mode 100644 work/market-distribution-tests/33fb284999504f799f21368459ad3f7f/late.csv
 create mode 100644 work/market-distribution-tests/33fb284999504f799f21368459ad3f7f/picks.csv
 create mode 100644 work/market-distribution-tests/33fb284999504f799f21368459ad3f7f/results.csv
 create mode 100644 work/market-distribution-tests/33fb284999504f799f21368459ad3f7f/wrong-book.csv
 create mode 100644 work/week1-followup-tests/79bcfea99d414078a6c531f0c2fb40a8/budget/capture.lock
 create mode 100644 work/week1-followup-tests/79bcfea99d414078a6c531f0c2fb40a8/budget/credits.jsonl
 create mode 100644 work/week1-followup-tests/79bcfea99d414078a6c531f0c2fb40a8/draftkings.csv
 create mode 100644 work/week1-followup-tests/79bcfea99d414078a6c531f0c2fb40a8/fanduel.csv
 create mode 100644 work/week1-followup-tests/79bcfea99d414078a6c531f0c2fb40a8/freeze/T60-board.csv
 create mode 100644 work/week1-followup-tests/79bcfea99d414078a6c531f0c2fb40a8/freeze/T60-pricing.csv
 create mode 100644 work/week1-followup-tests/79bcfea99d414078a6c531f0c2fb40a8/freeze/freeze-intent.json
 create mode 100644 work/week1-followup-tests/79bcfea99d414078a6c531f0c2fb40a8/freeze/receipt.json
 create mode 100644 work/week1-followup-tests/79bcfea99d414078a6c531f0c2fb40a8/heartbeat-rollback.json
 create mode 100644 work/week1-followup-tests/79bcfea99d414078a6c531f0c2fb40a8/heartbeat.json
 create mode 100644 work/week1-followup-tests/79bcfea99d414078a6c531f0c2fb40a8/source.json
 create mode 100644 work/week1-pricing-tests/1681bb54037242a5ad013cd4d1774f1d/budget/capture.lock
 create mode 100644 work/week1-pricing-tests/1681bb54037242a5ad013cd4d1774f1d/budget/credits.jsonl
 create mode 100644 work/week1-pricing-tests/1681bb54037242a5ad013cd4d1774f1d/decisions.csv
 create mode 100644 work/week1-pricing-tests/1681bb54037242a5ad013cd4d1774f1d/flagged-paper.csv
