..........................................................................................E....
======================================================================
ERROR: test_projection_calibration_inputs (unittest.loader._FailedTest.test_projection_calibration_inputs)
----------------------------------------------------------------------
ImportError: Failed to import test module: test_projection_calibration_inputs
Traceback (most recent call last):
  File "/opt/nfl-runtime/env/lib/python3.12/unittest/loader.py", line 394, in _find_test_path
    module = self._get_module_from_name(name)
             ^^^^^^^^^^^^^^^^^^^^^^^^^^^^^^^^
  File "/opt/nfl-runtime/env/lib/python3.12/unittest/loader.py", line 337, in _get_module_from_name
    __import__(name)
  File "/mnt/nfl-engine-profiles/research-ledger-canary/source/tests/test_projection_calibration_inputs.py", line 5, in <module>
    from prepare_calibration_inputs import manifest, history_row, own_history
ModuleNotFoundError: No module named 'prepare_calibration_inputs'


----------------------------------------------------------------------
Ran 95 tests in 23.416s

FAILED (errors=1)
Traceback (most recent call last):
  File "/mnt/nfl-engine-profiles/research-ledger-canary/run.py", line 17, in <module>
    assert result.wasSuccessful()
AssertionError
