test_each_pilot_requires_sixteen_games_not_just_total_thirty_two (__main__.AccountingTests.test_each_pilot_requires_sixteen_games_not_just_total_thirty_two) ... ok
test_failed_callback_and_incomplete_origin_survive_budget_stop (__main__.AccountingTests.test_failed_callback_and_incomplete_origin_survive_budget_stop) ... ok
test_intervals_native_anchors_and_smoke_measurements_fail_closed (__main__.AccountingTests.test_intervals_native_anchors_and_smoke_measurements_fail_closed) ... ok
test_measured_calls_match_frozen_formula_with_failed_calls_and_correct_score_anchor (__main__.AccountingTests.test_measured_calls_match_frozen_formula_with_failed_calls_and_correct_score_anchor) ... ok
test_nested_calls_incomplete_flags_and_false_cache_timing_are_rejected (__main__.AccountingTests.test_nested_calls_incomplete_flags_and_false_cache_timing_are_rejected) ... ok
test_original_and_snapshot_mutations_do_not_change_bound_accounting (__main__.AccountingTests.test_original_and_snapshot_mutations_do_not_change_bound_accounting) ... ok
test_remaining_membership_and_complete_origin_body_are_required (__main__.AccountingTests.test_remaining_membership_and_complete_origin_body_are_required) ... ok
test_partial_artifact_is_accounted_in_invalid_completion (__main__.FinalizationTests.test_partial_artifact_is_accounted_in_invalid_completion) ... ok
test_post_rename_fsync_failure_or_timeout_never_creates_second_completion (__main__.FinalizationTests.test_post_rename_fsync_failure_or_timeout_never_creates_second_completion) ... ok
test_timeout_before_rename_preserves_staging_without_committed_terminal (__main__.FinalizationTests.test_timeout_before_rename_preserves_staging_without_committed_terminal) ... ok
test_actual_signal_escapes_nested_exception_handler_and_restores_handler (__main__.RuntimeTests.test_actual_signal_escapes_nested_exception_handler_and_restores_handler) ... ok
test_delayed_deadline_never_refreshes_metadata_grace (__main__.RuntimeTests.test_delayed_deadline_never_refreshes_metadata_grace) ... ok
test_existing_timer_is_preserved (__main__.RuntimeTests.test_existing_timer_is_preserved) ... ok
test_fixed_total_clock_and_no_six_hundred_second_admission_limit (__main__.RuntimeTests.test_fixed_total_clock_and_no_six_hundred_second_admission_limit) ... ok
test_grace_is_metadata_only_and_user_interrupt_is_never_swallowed (__main__.RuntimeTests.test_grace_is_metadata_only_and_user_interrupt_is_never_swallowed) ... ok
test_peak_memory_check_and_post_callback_interrupts (__main__.RuntimeTests.test_peak_memory_check_and_post_callback_interrupts) ... ok
test_smoke_watchdog_and_post_callback_failures_preserve_duration (__main__.RuntimeTests.test_smoke_watchdog_and_post_callback_failures_preserve_duration) ... ok
test_nonfinite_content_never_creates_an_object (__main__.StoreBoundaryTests.test_nonfinite_content_never_creates_an_object) ... ok
test_real_store_object_dedup_and_exact_signed_zero (__main__.StoreBoundaryTests.test_real_store_object_dedup_and_exact_signed_zero) ... ok
test_unindexed_foreign_changed_and_truthy_proofs_fail (__main__.StoreBoundaryTests.test_unindexed_foreign_changed_and_truthy_proofs_fail) ... ok

----------------------------------------------------------------------
Ran 20 tests in 11.300s

OK
